Archive member included to satisfy reference by file (symbol)

d:/college/applications/atmel/7.0/toolchain/arm/arm-gnu-toolchain/bin/../lib/gcc/arm-none-eabi/6.3.1/../../../../arm-none-eabi/lib/thumb/v7e-m\libc.a(lib_a-exit.o)
                              d:/college/applications/atmel/7.0/toolchain/arm/arm-gnu-toolchain/bin/../lib/gcc/arm-none-eabi/6.3.1/../../../../arm-none-eabi/lib/thumb/v7e-m/crt0.o (exit)
d:/college/applications/atmel/7.0/toolchain/arm/arm-gnu-toolchain/bin/../lib/gcc/arm-none-eabi/6.3.1/../../../../arm-none-eabi/lib/thumb/v7e-m\libc.a(lib_a-impure.o)
                              d:/college/applications/atmel/7.0/toolchain/arm/arm-gnu-toolchain/bin/../lib/gcc/arm-none-eabi/6.3.1/../../../../arm-none-eabi/lib/thumb/v7e-m\libc.a(lib_a-exit.o) (_global_impure_ptr)
d:/college/applications/atmel/7.0/toolchain/arm/arm-gnu-toolchain/bin/../lib/gcc/arm-none-eabi/6.3.1/../../../../arm-none-eabi/lib/thumb/v7e-m\libc.a(lib_a-init.o)
                              d:/college/applications/atmel/7.0/toolchain/arm/arm-gnu-toolchain/bin/../lib/gcc/arm-none-eabi/6.3.1/../../../../arm-none-eabi/lib/thumb/v7e-m/crt0.o (__libc_init_array)
d:/college/applications/atmel/7.0/toolchain/arm/arm-gnu-toolchain/bin/../lib/gcc/arm-none-eabi/6.3.1/../../../../arm-none-eabi/lib/thumb/v7e-m\libc.a(lib_a-memcpy.o)
                              src/FreeRTOS/queue.o (memcpy)
d:/college/applications/atmel/7.0/toolchain/arm/arm-gnu-toolchain/bin/../lib/gcc/arm-none-eabi/6.3.1/../../../../arm-none-eabi/lib/thumb/v7e-m\libc.a(lib_a-memset.o)
                              d:/college/applications/atmel/7.0/toolchain/arm/arm-gnu-toolchain/bin/../lib/gcc/arm-none-eabi/6.3.1/../../../../arm-none-eabi/lib/thumb/v7e-m/crt0.o (memset)
d:/college/applications/atmel/7.0/toolchain/arm/arm-gnu-toolchain/bin/../lib/gcc/arm-none-eabi/6.3.1/../../../../arm-none-eabi/lib/thumb/v7e-m\libc.a(lib_a-strlen.o)
                              src/mytasks.o (strlen)
d:/college/applications/atmel/7.0/toolchain/arm/arm-gnu-toolchain/bin/../lib/gcc/arm-none-eabi/6.3.1/../../../../arm-none-eabi/lib/thumb/v7e-m\libc.a(lib_a-__call_atexit.o)
                              d:/college/applications/atmel/7.0/toolchain/arm/arm-gnu-toolchain/bin/../lib/gcc/arm-none-eabi/6.3.1/../../../../arm-none-eabi/lib/thumb/v7e-m\libc.a(lib_a-exit.o) (__call_exitprocs)
d:/college/applications/atmel/7.0/toolchain/arm/arm-gnu-toolchain/bin/../lib/gcc/arm-none-eabi/6.3.1/../../../../arm-none-eabi/lib/thumb/v7e-m\libc.a(lib_a-atexit.o)
                              d:/college/applications/atmel/7.0/toolchain/arm/arm-gnu-toolchain/bin/../lib/gcc/arm-none-eabi/6.3.1/../../../../arm-none-eabi/lib/thumb/v7e-m\libc.a(lib_a-__call_atexit.o) (atexit)
d:/college/applications/atmel/7.0/toolchain/arm/arm-gnu-toolchain/bin/../lib/gcc/arm-none-eabi/6.3.1/../../../../arm-none-eabi/lib/thumb/v7e-m\libc.a(lib_a-fini.o)
                              d:/college/applications/atmel/7.0/toolchain/arm/arm-gnu-toolchain/bin/../lib/gcc/arm-none-eabi/6.3.1/../../../../arm-none-eabi/lib/thumb/v7e-m\libc.a(lib_a-__call_atexit.o) (__libc_fini_array)
d:/college/applications/atmel/7.0/toolchain/arm/arm-gnu-toolchain/bin/../lib/gcc/arm-none-eabi/6.3.1/../../../../arm-none-eabi/lib/thumb/v7e-m\libc.a(lib_a-lock.o)
                              d:/college/applications/atmel/7.0/toolchain/arm/arm-gnu-toolchain/bin/../lib/gcc/arm-none-eabi/6.3.1/../../../../arm-none-eabi/lib/thumb/v7e-m\libc.a(lib_a-__call_atexit.o) (__retarget_lock_acquire_recursive)
d:/college/applications/atmel/7.0/toolchain/arm/arm-gnu-toolchain/bin/../lib/gcc/arm-none-eabi/6.3.1/../../../../arm-none-eabi/lib/thumb/v7e-m\libc.a(lib_a-__atexit.o)
                              d:/college/applications/atmel/7.0/toolchain/arm/arm-gnu-toolchain/bin/../lib/gcc/arm-none-eabi/6.3.1/../../../../arm-none-eabi/lib/thumb/v7e-m\libc.a(lib_a-atexit.o) (__register_exitproc)

Allocating common symbols
Common symbol       size              file

xMessage            0x1               src/swDriver.o
__lock___atexit_recursive_mutex
                    0x1               d:/college/applications/atmel/7.0/toolchain/arm/arm-gnu-toolchain/bin/../lib/gcc/arm-none-eabi/6.3.1/../../../../arm-none-eabi/lib/thumb/v7e-m\libc.a(lib_a-lock.o)
__lock___arc4random_mutex
                    0x1               d:/college/applications/atmel/7.0/toolchain/arm/arm-gnu-toolchain/bin/../lib/gcc/arm-none-eabi/6.3.1/../../../../arm-none-eabi/lib/thumb/v7e-m\libc.a(lib_a-lock.o)
xQueue2             0x4               src/main.o
xQueueRegistry      0x40              src/FreeRTOS/queue.o
__lock___env_recursive_mutex
                    0x1               d:/college/applications/atmel/7.0/toolchain/arm/arm-gnu-toolchain/bin/../lib/gcc/arm-none-eabi/6.3.1/../../../../arm-none-eabi/lib/thumb/v7e-m\libc.a(lib_a-lock.o)
__lock___sinit_recursive_mutex
[...]
Memory Configuration

Name             Origin             Length             Attributes
rom              0x00400000         0x00100000         xr
ram              0x20000000         0x00020000         xrw
*default*        0x00000000         0xffffffff

Linker script and memory map

LOAD d:/college/applications/atmel/7.0/toolchain/arm/arm-gnu-toolchain/bin/../lib/gcc/arm-none-eabi/6.3.1/thumb/v7e-m/crti.o
LOAD d:/college/applications/atmel/7.0/toolchain/arm/arm-gnu-toolchain/bin/../lib/gcc/arm-none-eabi/6.3.1/thumb/v7e-m/crtbegin.o
LOAD d:/college/applications/atmel/7.0/toolchain/arm/arm-gnu-toolchain/bin/../lib/gcc/arm-none-eabi/6.3.1/../../../../arm-none-eabi/lib/thumb/v7e-m/crt0.o
LOAD src/FreeRTOS/list.o
LOAD src/FreeRTOS/portable/GCC/ARM_CM4F/port.o
LOAD src/FreeRTOS/portable/MemMang/heap_5.o
LOAD src/FreeRTOS/queue.o
LOAD src/FreeRTOS/tasks.o
LOAD src/FreeRTOS/timers.o
LOAD src/ledDriver.o
LOAD src/mytasks.o
LOAD src/OITExpansionBoard.o
LOAD src/swDriver.o
LOAD src/Uartdrv.o
LOAD src/ASF/common/services/clock/sam4e/sysclk.o
LOAD src/ASF/common/utils/interrupt/interrupt_sam_nvic.o
LOAD src/ASF/sam/boards/sam4e_xplained_pro/init.o
LOAD src/ASF/sam/drivers/pmc/pmc.o
LOAD src/ASF/sam/drivers/pmc/sleep.o
LOAD src/ASF/sam/utils/cmsis/sam4e/source/templates/exceptions.o
LOAD src/ASF/sam/utils/cmsis/sam4e/source/templates/gcc/startup_sam4e.o
LOAD src/ASF/sam/utils/cmsis/sam4e/source/templates/system_sam4e.o
LOAD src/ASF/sam/utils/syscalls/gcc/syscalls.o
LOAD src/main.o
START GROUP
LOAD ../src/ASF/thirdparty/CMSIS/Lib/GCC\libarm_cortexM4lf_math_softfp.a
LOAD d:/college/applications/atmel/7.0/toolchain/arm/arm-gnu-toolchain/bin/../lib/gcc/arm-none-eabi/6.3.1/../../../../arm-none-eabi/lib/thumb/v7e-m\libm.a
END GROUP
START GROUP
LOAD d:/college/applications/atmel/7.0/toolchain/arm/arm-gnu-toolchain/bin/../lib/gcc/arm-none-eabi/6.3.1/thumb/v7e-m\libgcc.a
LOAD d:/college/applications/atmel/7.0/toolchain/arm/arm-gnu-toolchain/bin/../lib/gcc/arm-none-eabi/6.3.1/../../../../arm-none-eabi/lib/thumb/v7e-m\libc.a
END GROUP
LOAD d:/college/applications/atmel/7.0/toolchain/arm/arm-gnu-toolchain/bin/../lib/gcc/arm-none-eabi/6.3.1/thumb/v7e-m/crtend.o
LOAD d:/college/applications/atmel/7.0/toolchain/arm/arm-gnu-toolchain/bin/../lib/gcc/arm-none-eabi/6.3.1/thumb/v7e-m/crtn.o
                0x00003000                __stack_size__ = DEFINED (__stack_size__)?__stack_size__:0x3000
                0x2001fffc                __ram_end__ = ((ORIGIN (ram) + LENGTH (ram)) - 0x4)

.text           0x00400000     0x3434
                0x00400000                . = ALIGN (0x4)
                0x00400000                _sfixed = .
 *(.vectors .vectors.*)
 .vectors       0x00400000       0xf8 src/ASF/sam/utils/cmsis/sam4e/source/templates/gcc/startup_sam4e.o
                0x00400000                exception_table
 *(.text .text.* .gnu.linkonce.t.*)
 .text          0x004000f8       0x6c d:/college/applications/atmel/7.0/toolchain/arm/arm-gnu-toolchain/bin/../lib/gcc/arm-none-eabi/6.3.1/thumb/v7e-m/crtbegin.o
 .text.vListInitialise
                0x00400164       0x16 src/FreeRTOS/list.o
                0x00400164                vListInitialise
 .text.vListInitialiseItem
                0x0040017a        0x6 src/FreeRTOS/list.o
                0x0040017a                vListInitialiseItem
 .text.vListInsertEnd
                0x00400180       0x18 src/FreeRTOS/list.o
                0x00400180                vListInsertEnd
 .text.vListInsert
                0x00400198       0x34 src/FreeRTOS/list.o
                0x00400198                vListInsert
 .text.uxListRemove
                0x004001cc       0x26 src/FreeRTOS/list.o
                0x004001cc                uxListRemove
 *fill*         0x004001f2        0x2 
 .text.prvPortStartFirstTask
                0x004001f4       0x28 src/FreeRTOS/portable/GCC/ARM_CM4F/port.o
 .text.vPortEnableVFP
                0x0040021c       0x14 src/FreeRTOS/portable/GCC/ARM_CM4F/port.o
 .text.prvTaskExitError
                0x00400230       0x44 src/FreeRTOS/portable/GCC/ARM_CM4F/port.o
 .text.pxPortInitialiseStack
                0x00400274       0x2c src/FreeRTOS/portable/GCC/ARM_CM4F/port.o
                0x00400274                pxPortInitialiseStack
 .text.SVC_Handler
                0x004002a0       0x24 src/FreeRTOS/portable/GCC/ARM_CM4F/port.o
                0x004002a0                SVC_Handler
 .text.vPortEnterCritical
                0x004002c4       0x48 src/FreeRTOS/portable/GCC/ARM_CM4F/port.o
                0x004002c4                vPortEnterCritical
 .text.vPortExitCritical
                0x0040030c       0x30 src/FreeRTOS/portable/GCC/ARM_CM4F/port.o
                0x0040030c                vPortExitCritical
 *fill*         0x0040033c        0x4 
 .text.PendSV_Handler
                0x00400340       0x64 src/FreeRTOS/portable/GCC/ARM_CM4F/port.o
                0x00400340                PendSV_Handler
 .text.SysTick_Handler
                0x004003a4       0x30 src/FreeRTOS/portable/GCC/ARM_CM4F/port.o
                0x004003a4                SysTick_Handler
 .text.vPortSetupTimerInterrupt
                0x004003d4       0x38 src/FreeRTOS/portable/GCC/ARM_CM4F/port.o
                0x004003d4                vPortSetupTimerInterrupt
 .text.xPortStartScheduler
                0x0040040c      0x120 src/FreeRTOS/portable/GCC/ARM_CM4F/port.o
                0x0040040c                xPortStartScheduler
 .text.vPortValidateInterruptPriority
                0x0040052c       0x5c src/FreeRTOS/portable/GCC/ARM_CM4F/port.o
                0x0040052c                vPortValidateInterruptPriority
 .text.prvInsertBlockIntoFreeList
                0x00400588       0x58 src/FreeRTOS/portable/MemMang/heap_5.o
 .text.pvPortMalloc
                0x004005e0       0xf4 src/FreeRTOS/portable/MemMang/heap_5.o
                0x004005e0                pvPortMalloc
 .text.vPortFree
                0x004006d4       0xb0 src/FreeRTOS/portable/MemMang/heap_5.o
                0x004006d4                vPortFree
 .text.vPortDefineHeapRegions
                0x00400784       0xf8 src/FreeRTOS/portable/MemMang/heap_5.o
                0x00400784                vPortDefineHeapRegions
 .text.prvIsQueueEmpty
                0x0040087c       0x20 src/FreeRTOS/queue.o
 .text.prvCopyDataToQueue
                0x0040089c       0x80 src/FreeRTOS/queue.o
 .text.prvNotifyQueueSetContainer
                0x0040091c       0x94 src/FreeRTOS/queue.o
 .text.prvCopyDataFromQueue
                0x004009b0       0x28 src/FreeRTOS/queue.o
 .text.prvUnlockQueue
                0x004009d8       0xa8 src/FreeRTOS/queue.o
 .text.xQueueGenericReset
                0x00400a80       0x94 src/FreeRTOS/queue.o
                0x00400a80                xQueueGenericReset
 .text.xQueueGenericCreate
                0x00400b14       0x80 src/FreeRTOS/queue.o
                0x00400b14                xQueueGenericCreate
 .text.xQueueGenericSend
                0x00400b94      0x1f4 src/FreeRTOS/queue.o
                0x00400b94                xQueueGenericSend
 .text.xQueueGenericSendFromISR
                0x00400d88      0x118 src/FreeRTOS/queue.o
                0x00400d88                xQueueGenericSendFromISR
 .text.xQueueReceive
                0x00400ea0      0x188 src/FreeRTOS/queue.o
                0x00400ea0                xQueueReceive
 .text.uxQueueMessagesWaiting
                0x00401028       0x30 src/FreeRTOS/queue.o
                0x00401028                uxQueueMessagesWaiting
 .text.vQueueAddToRegistry
                0x00401058       0x34 src/FreeRTOS/queue.o
                0x00401058                vQueueAddToRegistry
 .text.vQueueWaitForMessageRestricted
                0x0040108c       0x60 src/FreeRTOS/queue.o
                0x0040108c                vQueueWaitForMessageRestricted
 .text.prvResetNextTaskUnblockTime
                0x004010ec       0x28 src/FreeRTOS/tasks.o
 .text.prvTaskIsTaskSuspended
                0x00401114       0x44 src/FreeRTOS/tasks.o
 .text.prvIdleTask
                0x00401158       0x80 src/FreeRTOS/tasks.o
 .text.prvAddCurrentTaskToDelayedList
                0x004011d8       0xa4 src/FreeRTOS/tasks.o
 .text.xTaskCreate
                0x0040127c      0x1f8 src/FreeRTOS/tasks.o
                0x0040127c                xTaskCreate
 .text.vTaskResume
                0x00401474       0xa4 src/FreeRTOS/tasks.o
                0x00401474                vTaskResume
 .text.vTaskStartScheduler
                0x00401518       0x98 src/FreeRTOS/tasks.o
                0x00401518                vTaskStartScheduler
 .text.vTaskSuspendAll
                0x004015b0       0x10 src/FreeRTOS/tasks.o
                0x004015b0                vTaskSuspendAll
 .text.xTaskGetTickCount
                0x004015c0        0xc src/FreeRTOS/tasks.o
                0x004015c0                xTaskGetTickCount
 .text.xTaskIncrementTick
                0x004015cc      0x13c src/FreeRTOS/tasks.o
                0x004015cc                xTaskIncrementTick
 .text.xTaskResumeAll
                0x00401708      0x11c src/FreeRTOS/tasks.o
                0x00401708                xTaskResumeAll
 .text.vTaskDelay
                0x00401824       0x58 src/FreeRTOS/tasks.o
                0x00401824                vTaskDelay
 .text.vTaskSwitchContext
                0x0040187c       0xd0 src/FreeRTOS/tasks.o
                0x0040187c                vTaskSwitchContext
 .text.vTaskSuspend
                0x0040194c      0x104 src/FreeRTOS/tasks.o
                0x0040194c                vTaskSuspend
 .text.vTaskPlaceOnEventList
                0x00401a50       0x40 src/FreeRTOS/tasks.o
                0x00401a50                vTaskPlaceOnEventList
 .text.vTaskPlaceOnEventListRestricted
                0x00401a90       0x48 src/FreeRTOS/tasks.o
                0x00401a90                vTaskPlaceOnEventListRestricted
 .text.xTaskRemoveFromEventList
                0x00401ad8       0x94 src/FreeRTOS/tasks.o
                0x00401ad8                xTaskRemoveFromEventList
 .text.vTaskInternalSetTimeOutState
                0x00401b6c       0x18 src/FreeRTOS/tasks.o
                0x00401b6c                vTaskInternalSetTimeOutState
 .text.xTaskCheckForTimeOut
                0x00401b84       0x8c src/FreeRTOS/tasks.o
                0x00401b84                xTaskCheckForTimeOut
 .text.vTaskMissedYield
                0x00401c10        0xc src/FreeRTOS/tasks.o
                0x00401c10                vTaskMissedYield
 .text.xTaskGetSchedulerState
                0x00401c1c       0x20 src/FreeRTOS/tasks.o
                0x00401c1c                xTaskGetSchedulerState
 .text.xTaskPriorityDisinherit
                0x00401c3c       0xa8 src/FreeRTOS/tasks.o
                0x00401c3c                xTaskPriorityDisinherit
 .text.prvInsertTimerInActiveList
                0x00401ce4       0x4c src/FreeRTOS/timers.o
 .text.prvCheckForValidListAndQueue
                0x00401d30       0x70 src/FreeRTOS/timers.o
 .text.xTimerCreateTimerTask
                0x00401da0       0x5c src/FreeRTOS/timers.o
                0x00401da0                xTimerCreateTimerTask
 .text.xTimerGenericCommand
                0x00401dfc       0x70 src/FreeRTOS/timers.o
                0x00401dfc                xTimerGenericCommand
 .text.prvSampleTimeNow
                0x00401e6c       0xbc src/FreeRTOS/timers.o
 .text.prvTimerTask
                0x00401f28      0x218 src/FreeRTOS/timers.o
 .text.initializeLEDDriver
                0x00402140        0x2 src/ledDriver.o
                0x00402140                initializeLEDDriver
 *fill*         0x00402142        0x2 
 .text.setLED   0x00402144       0x50 src/ledDriver.o
                0x00402144                setLED
 .text.ledTask  0x00402194      0x104 src/ledDriver.o
                0x00402194                ledTask
 .text.taskSystemControl
                0x00402298       0x48 src/mytasks.o
                0x00402298                taskSystemControl
 .text.HeartbeatTask
                0x004022e0       0x2c src/mytasks.o
                0x004022e0                HeartbeatTask
 .text.UARTTask
                0x0040230c       0x48 src/mytasks.o
                0x0040230c                UARTTask
 .text.OITExpansionBoardInit
                0x00402354      0x11c src/OITExpansionBoard.o
                0x00402354                OITExpansionBoardInit
 .text.initializeSWDriver
                0x00402470        0x2 src/swDriver.o
                0x00402470                initializeSWDriver
 *fill*         0x00402472        0x2 
 .text.readSW   0x00402474       0x74 src/swDriver.o
                0x00402474                readSW
 .text.Button1  0x004024e8       0xac src/swDriver.o
                0x004024e8                Button1
 .text.Button2  0x00402594       0xa8 src/swDriver.o
                0x00402594                Button2
 .text.Button3  0x0040263c       0x94 src/swDriver.o
                0x0040263c                Button3
 .text.initUART
                0x004026d0       0x58 src/Uartdrv.o
                0x004026d0                initUART
 .text.UARTPutC
                0x00402728        0xc src/Uartdrv.o
                0x00402728                UARTPutC
 .text.UARTPutStr
                0x00402734       0x24 src/Uartdrv.o
                0x00402734                UARTPutStr
 .text.sysclk_init
                0x00402758       0x68 src/ASF/common/services/clock/sam4e/sysclk.o
                0x00402758                sysclk_init
 .text.board_init
                0x004027c0       0x74 src/ASF/sam/boards/sam4e_xplained_pro/init.o
                0x004027c0                board_init
 .text.pmc_switch_mck_to_pllack
                0x00402834       0x64 src/ASF/sam/drivers/pmc/pmc.o
                0x00402834                pmc_switch_mck_to_pllack
 .text.pmc_switch_mainck_to_xtal
                0x00402898       0x54 src/ASF/sam/drivers/pmc/pmc.o
                0x00402898                pmc_switch_mainck_to_xtal
 .text.pmc_osc_is_ready_mainck
                0x004028ec       0x10 src/ASF/sam/drivers/pmc/pmc.o
                0x004028ec                pmc_osc_is_ready_mainck
 .text.pmc_disable_pllack
                0x004028fc       0x10 src/ASF/sam/drivers/pmc/pmc.o
                0x004028fc                pmc_disable_pllack
 .text.pmc_is_locked_pllack
                0x0040290c       0x10 src/ASF/sam/drivers/pmc/pmc.o
                0x0040290c                pmc_is_locked_pllack
 .text.pmc_enable_periph_clk
                0x0040291c       0x54 src/ASF/sam/drivers/pmc/pmc.o
                0x0040291c                pmc_enable_periph_clk
 .text.Dummy_Handler
                0x00402970        0x2 src/ASF/sam/utils/cmsis/sam4e/source/templates/exceptions.o
                0x00402970                DACC_Handler
                0x00402970                DebugMon_Handler
                0x00402970                DMAC_Handler
                0x00402970                HardFault_Handler
                0x00402970                TC2_Handler
                0x00402970                SPI_Handler
                0x00402970                TWI1_Handler
                0x00402970                AFEC1_Handler
                0x00402970                NMI_Handler
                0x00402970                TC7_Handler
                0x00402970                SMC_Handler
                0x00402970                USART0_Handler
                0x00402970                RTT_Handler
                0x00402970                PIOB_Handler
                0x00402970                RTC_Handler
                0x00402970                UsageFault_Handler
                0x00402970                TC6_Handler
                0x00402970                WDT_Handler
                0x00402970                CAN0_Handler
                0x00402970                TC4_Handler
                0x00402970                TC1_Handler
                0x00402970                HSMCI_Handler
                0x00402970                UART1_Handler
                0x00402970                TC3_Handler
                0x00402970                ARM_Handler
                0x00402970                Dummy_Handler
                0x00402970                TWI0_Handler
                0x00402970                USART1_Handler
                0x00402970                PIOA_Handler
                0x00402970                AFEC0_Handler
                0x00402970                ACC_Handler
                0x00402970                PMC_Handler
                0x00402970                PWM_Handler
                0x00402970                GMAC_Handler
                0x00402970                CAN1_Handler
                0x00402970                MemManage_Handler
                0x00402970                SUPC_Handler
                0x00402970                TC8_Handler
                0x00402970                EFC_Handler
                0x00402970                PIOE_Handler
                0x00402970                PIOD_Handler
                0x00402970                UART0_Handler
                0x00402970                PIOC_Handler
                0x00402970                UDP_Handler
                0x00402970                BusFault_Handler
                0x00402970                RSTC_Handler
                0x00402970                TC0_Handler
                0x00402970                TC5_Handler
                0x00402970                AES_Handler
 *fill*         0x00402972        0x2 
 .text.Reset_Handler
                0x00402974       0xc8 src/ASF/sam/utils/cmsis/sam4e/source/templates/gcc/startup_sam4e.o
                0x00402974                Reset_Handler
 .text.SystemCoreClockUpdate
                0x00402a3c      0x10c src/ASF/sam/utils/cmsis/sam4e/source/templates/system_sam4e.o
                0x00402a3c                SystemCoreClockUpdate
 .text.system_init_flash
                0x00402b48       0x74 src/ASF/sam/utils/cmsis/sam4e/source/templates/system_sam4e.o
                0x00402b48                system_init_flash
 .text.main     0x00402bbc      0x1ac src/main.o
                0x00402bbc                main
 .text.vAssertCalled
                0x00402d68       0x2c src/main.o
                0x00402d68                vAssertCalled
 .text.vApplicationMallocFailedHook
                0x00402d94       0x14 src/main.o
                0x00402d94                vApplicationMallocFailedHook
 .text.vApplicationStackOverflowHook
                0x00402da8       0x12 src/main.o
                0x00402da8                vApplicationStackOverflowHook
 *fill*         0x00402dba        0x2 
 .text.__libc_init_array
                0x00402dbc       0x50 d:/college/applications/atmel/7.0/toolchain/arm/arm-gnu-toolchain/bin/../lib/gcc/arm-none-eabi/6.3.1/../../../../arm-none-eabi/lib/thumb/v7e-m\libc.a(lib_a-init.o)
                0x00402dbc                __libc_init_array
 .text          0x00402e0c      0x134 d:/college/applications/atmel/7.0/toolchain/arm/arm-gnu-toolchain/bin/../lib/gcc/arm-none-eabi/6.3.1/../../../../arm-none-eabi/lib/thumb/v7e-m\libc.a(lib_a-memcpy.o)
                0x00402e0c                memcpy
 .text.memset   0x00402f40       0x9c d:/college/applications/atmel/7.0/toolchain/arm/arm-gnu-toolchain/bin/../lib/gcc/arm-none-eabi/6.3.1/../../../../arm-none-eabi/lib/thumb/v7e-m\libc.a(lib_a-memset.o)
                0x00402f40                memset
 *fill*         0x00402fdc       0x24 
 .text          0x00403000       0xdc d:/college/applications/atmel/7.0/toolchain/arm/arm-gnu-toolchain/bin/../lib/gcc/arm-none-eabi/6.3.1/../../../../arm-none-eabi/lib/thumb/v7e-m\libc.a(lib_a-strlen.o)
                0x00403000                strlen
 .text.startup.register_fini
                0x004030dc       0x14 d:/college/applications/atmel/7.0/toolchain/arm/arm-gnu-toolchain/bin/../lib/gcc/arm-none-eabi/6.3.1/../../../../arm-none-eabi/lib/thumb/v7e-m\libc.a(lib_a-__call_atexit.o)
 .text.atexit   0x004030f0        0xc d:/college/applications/atmel/7.0/toolchain/arm/arm-gnu-toolchain/bin/../lib/gcc/arm-none-eabi/6.3.1/../../../../arm-none-eabi/lib/thumb/v7e-m\libc.a(lib_a-atexit.o)
                0x004030f0                atexit
 .text.__libc_fini_array
                0x004030fc       0x34 d:/college/applications/atmel/7.0/toolchain/arm/arm-gnu-toolchain/bin/../lib/gcc/arm-none-eabi/6.3.1/../../../../arm-none-eabi/lib/thumb/v7e-m\libc.a(lib_a-fini.o)
                0x004030fc                __libc_fini_array
 .text.__retarget_lock_acquire_recursive
                0x00403130        0x4 d:/college/applications/atmel/7.0/toolchain/arm/arm-gnu-toolchain/bin/../lib/gcc/arm-none-eabi/6.3.1/../../../../arm-none-eabi/lib/thumb/v7e-m\libc.a(lib_a-lock.o)
                0x00403130                __retarget_lock_acquire_recursive
 .text.__retarget_lock_release_recursive
                0x00403134        0x4 d:/college/applications/atmel/7.0/toolchain/arm/arm-gnu-toolchain/bin/../lib/gcc/arm-none-eabi/6.3.1/../../../../arm-none-eabi/lib/thumb/v7e-m\libc.a(lib_a-lock.o)
                0x00403134                __retarget_lock_release_recursive
 .text.__register_exitproc
                0x00403138       0xc4 d:/college/applications/atmel/7.0/toolchain/arm/arm-gnu-toolchain/bin/../lib/gcc/arm-none-eabi/6.3.1/../../../../arm-none-eabi/lib/thumb/v7e-m\libc.a(lib_a-__atexit.o)
                0x00403138                __register_exitproc
 *(.glue_7t)
 .glue_7t       0x004031fc        0x0 linker stubs
 *(.glue_7)
 .glue_7        0x004031fc        0x0 linker stubs
 *(.rodata .rodata* .gnu.linkonce.r.*)
 .rodata.prvTaskExitError.str1.4
                0x004031fc       0x2d src/FreeRTOS/portable/GCC/ARM_CM4F/port.o
 *fill*         0x00403229        0x3 
 .rodata.pvPortMalloc.str1.4
                0x0040322c       0x2a src/FreeRTOS/portable/MemMang/heap_5.o
 *fill*         0x00403256        0x2 
 .rodata.prvNotifyQueueSetContainer.str1.4
                0x00403258       0x18 src/FreeRTOS/queue.o
 .rodata.prvTaskIsTaskSuspended.str1.4
                0x00403270       0x18 src/FreeRTOS/tasks.o
 .rodata.vTaskStartScheduler.str1.4
                0x00403288        0x5 src/FreeRTOS/tasks.o
 *fill*         0x0040328d        0x3 
 .rodata.prvCheckForValidListAndQueue.str1.4
                0x00403290        0x5 src/FreeRTOS/timers.o
 *fill*         0x00403295        0x3 
 .rodata.xTimerCreateTimerTask.str1.4
                0x00403298       0x21 src/FreeRTOS/timers.o
 *fill*         0x004032b9        0x3 
 .rodata.Button1.str1.4
                0x004032bc       0x5f src/swDriver.o
 *fill*         0x0040331b        0x1 
 .rodata.Button2.str1.4
                0x0040331c       0x5f src/swDriver.o
 *fill*         0x0040337b        0x1 
 .rodata.Button3.str1.4
                0x0040337c       0x46 src/swDriver.o
 *fill*         0x004033c2        0x2 
 .rodata.main.str1.4
                0x004033c4       0x37 src/main.o
 *fill*         0x004033fb        0x1 
 .rodata.vApplicationMallocFailedHook.str1.4
                0x004033fc       0x10 src/main.o
                                  0xe (size before relaxing)
 .rodata._global_impure_ptr
                0x0040340c        0x4 d:/college/applications/atmel/7.0/toolchain/arm/arm-gnu-toolchain/bin/../lib/gcc/arm-none-eabi/6.3.1/../../../../arm-none-eabi/lib/thumb/v7e-m\libc.a(lib_a-impure.o)
                0x0040340c                _global_impure_ptr
 *(.ARM.extab* .gnu.linkonce.armextab.*)
                0x00403410                . = ALIGN (0x4)
 *(.init)
 .init          0x00403410        0x4 d:/college/applications/atmel/7.0/toolchain/arm/arm-gnu-toolchain/bin/../lib/gcc/arm-none-eabi/6.3.1/thumb/v7e-m/crti.o
                0x00403410                _init
 .init          0x00403414        0x8 d:/college/applications/atmel/7.0/toolchain/arm/arm-gnu-toolchain/bin/../lib/gcc/arm-none-eabi/6.3.1/thumb/v7e-m/crtn.o
                0x0040341c                . = ALIGN (0x4)
                0x0040341c                __preinit_array_start = .
 *(.preinit_array)
                0x0040341c                __preinit_array_end = .
                0x0040341c                . = ALIGN (0x4)
                0x0040341c                __init_array_start = .
 *(SORT(.init_array.*))
 .init_array.00000
                0x0040341c        0x4 d:/college/applications/atmel/7.0/toolchain/arm/arm-gnu-toolchain/bin/../lib/gcc/arm-none-eabi/6.3.1/../../../../arm-none-eabi/lib/thumb/v7e-m\libc.a(lib_a-__call_atexit.o)
 *(.init_array)
 .init_array    0x00403420        0x4 d:/college/applications/atmel/7.0/toolchain/arm/arm-gnu-toolchain/bin/../lib/gcc/arm-none-eabi/6.3.1/thumb/v7e-m/crtbegin.o
                0x00403424                __init_array_end = .
                0x00403424                . = ALIGN (0x4)
 *crtbegin.o(.ctors)
 *(EXCLUDE_FILE(*crtend.o) .ctors)
 *(SORT(.ctors.*))
 *crtend.o(.ctors)
                0x00403424                . = ALIGN (0x4)
 *(.fini)
 .fini          0x00403424        0x4 d:/college/applications/atmel/7.0/toolchain/arm/arm-gnu-toolchain/bin/../lib/gcc/arm-none-eabi/6.3.1/thumb/v7e-m/crti.o
                0x00403424                _fini
 .fini          0x00403428        0x8 d:/college/applications/atmel/7.0/toolchain/arm/arm-gnu-toolchain/bin/../lib/gcc/arm-none-eabi/6.3.1/thumb/v7e-m/crtn.o
                0x00403430                . = ALIGN (0x4)
                0x00403430                __fini_array_start = .
 *(.fini_array)
 .fini_array    0x00403430        0x4 d:/college/applications/atmel/7.0/toolchain/arm/arm-gnu-toolchain/bin/../lib/gcc/arm-none-eabi/6.3.1/thumb/v7e-m/crtbegin.o
 *(SORT(.fini_array.*))
                0x00403434                __fini_array_end = .
 *crtbegin.o(.dtors)
 *(EXCLUDE_FILE(*crtend.o) .dtors)
 *(SORT(.dtors.*))
 *crtend.o(.dtors)
                0x00403434                . = ALIGN (0x4)
                0x00403434                _efixed = .
                [!provide]                PROVIDE (__exidx_start, .)

.vfp11_veneer   0x00403434        0x0
 .vfp11_veneer  0x00403434        0x0 linker stubs

.v4_bx          0x00403434        0x0
 .v4_bx         0x00403434        0x0 linker stubs

.iplt           0x00403434        0x0
 .iplt          0x00403434        0x0 d:/college/applications/atmel/7.0/toolchain/arm/arm-gnu-toolchain/bin/../lib/gcc/arm-none-eabi/6.3.1/thumb/v7e-m/crtbegin.o

.eh_frame       0x00403434        0x0
 .eh_frame      0x00403434        0x0 d:/college/applications/atmel/7.0/toolchain/arm/arm-gnu-toolchain/bin/../lib/gcc/arm-none-eabi/6.3.1/thumb/v7e-m/crtbegin.o

.rel.dyn        0x00403434        0x0
 .rel.iplt      0x00403434        0x0 d:/college/applications/atmel/7.0/toolchain/arm/arm-gnu-toolchain/bin/../lib/gcc/arm-none-eabi/6.3.1/thumb/v7e-m/crtbegin.o

.jcr            0x00403434        0x0
 .jcr           0x00403434        0x0 d:/college/applications/atmel/7.0/toolchain/arm/arm-gnu-toolchain/bin/../lib/gcc/arm-none-eabi/6.3.1/thumb/v7e-m/crtbegin.o

.igot.plt       0x00403434        0x0
 .igot.plt      0x00403434        0x0 d:/college/applications/atmel/7.0/toolchain/arm/arm-gnu-toolchain/bin/../lib/gcc/arm-none-eabi/6.3.1/thumb/v7e-m/crtbegin.o

.ARM.exidx
 *(.ARM.exidx* .gnu.linkonce.armexidx.*)
                [!provide]                PROVIDE (__exidx_end, .)
                0x00403434                . = ALIGN (0x4)
                0x00403434                _etext = .

.relocate       0x20000000      0x43c load address 0x00403434
                0x20000000                . = ALIGN (0x4)
                0x20000000                _srelocate = .
 *(.ramfunc .ramfunc.*)
 *(.data .data.*)
 .data.uxCriticalNesting
                0x20000000        0x4 src/FreeRTOS/portable/GCC/ARM_CM4F/port.o
 .data.uxTopUsedPriority
                0x20000004        0x4 src/FreeRTOS/tasks.o
                0x20000004                uxTopUsedPriority
 .data.g_interrupt_enabled
                0x20000008        0x1 src/ASF/common/utils/interrupt/interrupt_sam_nvic.o
                0x20000008                g_interrupt_enabled
 *fill*         0x20000009        0x3 
 .data.SystemCoreClock
                0x2000000c        0x4 src/ASF/sam/utils/cmsis/sam4e/source/templates/system_sam4e.o
                0x2000000c                SystemCoreClock
 .data.impure_data
                0x20000010      0x428 d:/college/applications/atmel/7.0/toolchain/arm/arm-gnu-toolchain/bin/../lib/gcc/arm-none-eabi/6.3.1/../../../../arm-none-eabi/lib/thumb/v7e-m\libc.a(lib_a-impure.o)
 .data.__atexit_recursive_mutex
                0x20000438        0x4 d:/college/applications/atmel/7.0/toolchain/arm/arm-gnu-toolchain/bin/../lib/gcc/arm-none-eabi/6.3.1/../../../../arm-none-eabi/lib/thumb/v7e-m\libc.a(lib_a-__call_atexit.o)
                0x20000438                __atexit_recursive_mutex
                0x2000043c                . = ALIGN (0x4)
                0x2000043c                _erelocate = .

.bss            0x2000043c      0x244 load address 0x00403870
                0x2000043c                . = ALIGN (0x4)
                0x2000043c                _sbss = .
                0x2000043c                _szero = .
 *(.bss .bss.*)
 .bss           0x2000043c       0x1c d:/college/applications/atmel/7.0/toolchain/arm/arm-gnu-toolchain/bin/../lib/gcc/arm-none-eabi/6.3.1/thumb/v7e-m/crtbegin.o
 .bss.ucMaxSysCallPriority
                0x20000458        0x1 src/FreeRTOS/portable/GCC/ARM_CM4F/port.o
 *fill*         0x20000459        0x3 
 .bss.ulMaxPRIGROUPValue
                0x2000045c        0x4 src/FreeRTOS/portable/GCC/ARM_CM4F/port.o
 .bss.pxEnd     0x20000460        0x4 src/FreeRTOS/portable/MemMang/heap_5.o
 .bss.xBlockAllocatedBit
                0x20000464        0x4 src/FreeRTOS/portable/MemMang/heap_5.o
 .bss.xFreeBytesRemaining
                0x20000468        0x4 src/FreeRTOS/portable/MemMang/heap_5.o
 .bss.xMinimumEverFreeBytesRemaining
                0x2000046c        0x4 src/FreeRTOS/portable/MemMang/heap_5.o
 .bss.xNumberOfSuccessfulAllocations
                0x20000470        0x4 src/FreeRTOS/portable/MemMang/heap_5.o
 .bss.xNumberOfSuccessfulFrees
                0x20000474        0x4 src/FreeRTOS/portable/MemMang/heap_5.o
 .bss.xStart    0x20000478        0x8 src/FreeRTOS/portable/MemMang/heap_5.o
 .bss.pxCurrentTCB
                0x20000480        0x4 src/FreeRTOS/tasks.o
                0x20000480                pxCurrentTCB
 .bss.pxDelayedTaskList
                0x20000484        0x4 src/FreeRTOS/tasks.o
 .bss.pxOverflowDelayedTaskList
                0x20000488        0x4 src/FreeRTOS/tasks.o
 .bss.pxReadyTasksLists
                0x2000048c       0xa0 src/FreeRTOS/tasks.o
 .bss.uxCurrentNumberOfTasks
                0x2000052c        0x4 src/FreeRTOS/tasks.o
 .bss.uxDeletedTasksWaitingCleanUp
                0x20000530        0x4 src/FreeRTOS/tasks.o
 .bss.uxSchedulerSuspended
                0x20000534        0x4 src/FreeRTOS/tasks.o
 .bss.uxTaskNumber
                0x20000538        0x4 src/FreeRTOS/tasks.o
 .bss.uxTopReadyPriority
                0x2000053c        0x4 src/FreeRTOS/tasks.o
 .bss.xDelayedTaskList1
                0x20000540       0x14 src/FreeRTOS/tasks.o
 .bss.xDelayedTaskList2
                0x20000554       0x14 src/FreeRTOS/tasks.o
 .bss.xIdleTaskHandle
                0x20000568        0x4 src/FreeRTOS/tasks.o
 .bss.xNextTaskUnblockTime
                0x2000056c        0x4 src/FreeRTOS/tasks.o
 .bss.xNumOfOverflows
                0x20000570        0x4 src/FreeRTOS/tasks.o
 .bss.xPendedTicks
                0x20000574        0x4 src/FreeRTOS/tasks.o
 .bss.xPendingReadyList
                0x20000578       0x14 src/FreeRTOS/tasks.o
 .bss.xSchedulerRunning
                0x2000058c        0x4 src/FreeRTOS/tasks.o
 .bss.xSuspendedTaskList
                0x20000590       0x14 src/FreeRTOS/tasks.o
 .bss.xTasksWaitingTermination
                0x200005a4       0x14 src/FreeRTOS/tasks.o
 .bss.xTickCount
                0x200005b8        0x4 src/FreeRTOS/tasks.o
 .bss.xYieldPending
                0x200005bc        0x4 src/FreeRTOS/tasks.o
 .bss.pxCurrentTimerList
                0x200005c0        0x4 src/FreeRTOS/timers.o
 .bss.pxOverflowTimerList
                0x200005c4        0x4 src/FreeRTOS/timers.o
 .bss.xActiveTimerList1
                0x200005c8       0x14 src/FreeRTOS/timers.o
 .bss.xActiveTimerList2
                0x200005dc       0x14 src/FreeRTOS/timers.o
 .bss.xLastTime.6595
                0x200005f0        0x4 src/FreeRTOS/timers.o
 .bss.xTimerQueue
                0x200005f4        0x4 src/FreeRTOS/timers.o
 .bss.xTimerTaskHandle
                0x200005f8        0x4 src/FreeRTOS/timers.o
 .bss.xMain1    0x200005fc        0x4 src/main.o
                0x200005fc                xMain1
 .bss.xMain2    0x20000600        0x4 src/main.o
                0x20000600                xMain2
 .bss.xMain3    0x20000604        0x4 src/main.o
                0x20000604                xMain3
 *(COMMON)
 COMMON         0x20000608       0x40 src/FreeRTOS/queue.o
                0x20000608                xQueueRegistry
 COMMON         0x20000648        0x1 src/swDriver.o
                0x20000648                xMessage
 *fill*         0x20000649        0x3 
 COMMON         0x2000064c       0x10 src/main.o
                0x2000064c                xQueue2
                0x20000650                xUARTQueue
                0x20000654                xQueue1
                0x20000658                xQueue3
 COMMON         0x2000065c       0x21 d:/college/applications/atmel/7.0/toolchain/arm/arm-gnu-toolchain/bin/../lib/gcc/arm-none-eabi/6.3.1/../../../../arm-none-eabi/lib/thumb/v7e-m\libc.a(lib_a-lock.o)
                0x2000065c                __lock___atexit_recursive_mutex
                0x20000660                __lock___arc4random_mutex
                0x20000664                __lock___env_recursive_mutex
                0x20000668                __lock___sinit_recursive_mutex
                0x2000066c                __lock___malloc_recursive_mutex
                0x20000670                __lock___at_quick_exit_mutex
                0x20000674                __lock___dd_hash_mutex
                0x20000678                __lock___tz_mutex
                0x2000067c                __lock___sfp_recursive_mutex
                0x20000680                . = ALIGN (0x4)
 *fill*         0x2000067d        0x3 
                0x20000680                _ebss = .
                0x20000680                _ezero = .

.stack          0x20000680     0x3000 load address 0x00403ab4
                0x20000680                . = ALIGN (0x8)
                0x20000680                _sstack = .
                0x20003680                . = (. + __stack_size__)
 *fill*         0x20000680     0x3000 
                0x20003680                . = ALIGN (0x8)
                0x20003680                _estack = .
                0x20003680                . = ALIGN (0x4)
                0x20003680                _end = .
OUTPUT(Lab01.elf elf32-littlearm)

.ARM.attributes
                0x00000000       0x2e
 .ARM.attributes
                0x00000000       0x1e d:/college/applications/atmel/7.0/toolchain/arm/arm-gnu-toolchain/bin/../lib/gcc/arm-none-eabi/6.3.1/thumb/v7e-m/crti.o
 .ARM.attributes
                0x0000001e       0x2e d:/college/applications/atmel/7.0/toolchain/arm/arm-gnu-toolchain/bin/../lib/gcc/arm-none-eabi/6.3.1/thumb/v7e-m/crtbegin.o
 .ARM.attributes
                0x0000004c       0x37 src/FreeRTOS/list.o
 .ARM.attributes
                0x00000083       0x37 src/FreeRTOS/portable/GCC/ARM_CM4F/port.o
 .ARM.attributes
                0x000000ba       0x37 src/FreeRTOS/portable/MemMang/heap_5.o
 .ARM.attributes
                0x000000f1       0x37 src/FreeRTOS/queue.o
 .ARM.attributes
                0x00000128       0x37 src/FreeRTOS/tasks.o
 .ARM.attributes
                0x0000015f       0x37 src/FreeRTOS/timers.o
 .ARM.attributes
                0x00000196       0x37 src/ledDriver.o
 .ARM.attributes
                0x000001cd       0x37 src/mytasks.o
 .ARM.attributes
                0x00000204       0x37 src/OITExpansionBoard.o
 .ARM.attributes
                0x0000023b       0x37 src/swDriver.o
 .ARM.attributes
                0x00000272       0x37 src/Uartdrv.o
 .ARM.attributes
                0x000002a9       0x37 src/ASF/common/services/clock/sam4e/sysclk.o
 .ARM.attributes
                0x000002e0       0x37 src/ASF/common/utils/interrupt/interrupt_sam_nvic.o
 .ARM.attributes
                0x00000317       0x37 src/ASF/sam/boards/sam4e_xplained_pro/init.o
 .ARM.attributes
                0x0000034e       0x37 src/ASF/sam/drivers/pmc/pmc.o
 .ARM.attributes
                0x00000385       0x37 src/ASF/sam/utils/cmsis/sam4e/source/templates/exceptions.o
 .ARM.attributes
                0x000003bc       0x37 src/ASF/sam/utils/cmsis/sam4e/source/templates/gcc/startup_sam4e.o
 .ARM.attributes
                0x000003f3       0x37 src/ASF/sam/utils/cmsis/sam4e/source/templates/system_sam4e.o
 .ARM.attributes
                0x0000042a       0x37 src/main.o
 .ARM.attributes
                0x00000461       0x2e d:/college/applications/atmel/7.0/toolchain/arm/arm-gnu-toolchain/bin/../lib/gcc/arm-none-eabi/6.3.1/../../../../arm-none-eabi/lib/thumb/v7e-m\libc.a(lib_a-impure.o)
 .ARM.attributes
                0x0000048f       0x2e d:/college/applications/atmel/7.0/toolchain/arm/arm-gnu-toolchain/bin/../lib/gcc/arm-none-eabi/6.3.1/../../../../arm-none-eabi/lib/thumb/v7e-m\libc.a(lib_a-init.o)
 .ARM.attributes
                0x000004bd       0x1c d:/college/applications/atmel/7.0/toolchain/arm/arm-gnu-toolchain/bin/../lib/gcc/arm-none-eabi/6.3.1/../../../../arm-none-eabi/lib/thumb/v7e-m\libc.a(lib_a-memcpy.o)
 .ARM.attributes
                0x000004d9       0x2e d:/college/applications/atmel/7.0/toolchain/arm/arm-gnu-toolchain/bin/../lib/gcc/arm-none-eabi/6.3.1/../../../../arm-none-eabi/lib/thumb/v7e-m\libc.a(lib_a-memset.o)
 .ARM.attributes
                0x00000507       0x1c d:/college/applications/atmel/7.0/toolchain/arm/arm-gnu-toolchain/bin/../lib/gcc/arm-none-eabi/6.3.1/../../../../arm-none-eabi/lib/thumb/v7e-m\libc.a(lib_a-strlen.o)
 .ARM.attributes
                0x00000523       0x2e d:/college/applications/atmel/7.0/toolchain/arm/arm-gnu-toolchain/bin/../lib/gcc/arm-none-eabi/6.3.1/../../../../arm-none-eabi/lib/thumb/v7e-m\libc.a(lib_a-__call_atexit.o)
 .ARM.attributes
                0x00000551       0x2e d:/college/applications/atmel/7.0/toolchain/arm/arm-gnu-toolchain/bin/../lib/gcc/arm-none-eabi/6.3.1/../../../../arm-none-eabi/lib/thumb/v7e-m\libc.a(lib_a-atexit.o)
 .ARM.attributes
                0x0000057f       0x2e d:/college/applications/atmel/7.0/toolchain/arm/arm-gnu-toolchain/bin/../lib/gcc/arm-none-eabi/6.3.1/../../../../arm-none-eabi/lib/thumb/v7e-m\libc.a(lib_a-fini.o)
 .ARM.attributes
                0x000005ad       0x2e d:/college/applications/atmel/7.0/toolchain/arm/arm-gnu-toolchain/bin/../lib/gcc/arm-none-eabi/6.3.1/../../../../arm-none-eabi/lib/thumb/v7e-m\libc.a(lib_a-lock.o)
 .ARM.attributes
                0x000005db       0x2e d:/college/applications/atmel/7.0/toolchain/arm/arm-gnu-toolchain/bin/../lib/gcc/arm-none-eabi/6.3.1/../../../../arm-none-eabi/lib/thumb/v7e-m\libc.a(lib_a-__atexit.o)
 .ARM.attributes
                0x00000609       0x1e d:/college/applications/atmel/7.0/toolchain/arm/arm-gnu-toolchain/bin/../lib/gcc/arm-none-eabi/6.3.1/thumb/v7e-m/crtn.o

.comment        0x00000000       0x59
 .comment       0x00000000       0x59 src/FreeRTOS/list.o
                                 0x5a (size before relaxing)
 .comment       0x00000059       0x5a src/FreeRTOS/portable/GCC/ARM_CM4F/port.o
 .comment       0x00000059       0x5a src/FreeRTOS/portable/MemMang/heap_5.o
 .comment       0x00000059       0x5a src/FreeRTOS/queue.o
 .comment       0x00000059       0x5a src/FreeRTOS/tasks.o
 .comment       0x00000059       0x5a src/FreeRTOS/timers.o
 .comment       0x00000059       0x5a src/ledDriver.o
 .comment       0x00000059       0x5a src/mytasks.o
 .comment       0x00000059       0x5a src/OITExpansionBoard.o
 .comment       0x00000059       0x5a src/swDriver.o
 .comment       0x00000059       0x5a src/Uartdrv.o
 .comment       0x00000059       0x5a src/ASF/common/services/clock/sam4e/sysclk.o
 .comment       0x00000059       0x5a src/ASF/common/utils/interrupt/interrupt_sam_nvic.o
 .comment       0x00000059       0x5a src/ASF/sam/boards/sam4e_xplained_pro/init.o
 .comment       0x00000059       0x5a src/ASF/sam/drivers/pmc/pmc.o
 .comment       0x00000059       0x5a src/ASF/sam/utils/cmsis/sam4e/source/templates/exceptions.o
 .comment       0x00000059       0x5a src/ASF/sam/utils/cmsis/sam4e/source/templates/gcc/startup_sam4e.o
 .comment       0x00000059       0x5a src/ASF/sam/utils/cmsis/sam4e/source/templates/system_sam4e.o
 .comment       0x00000059       0x5a src/main.o

.debug_info     0x00000000    0x17e66
 .debug_info    0x00000000      0xbeb src/FreeRTOS/list.o
 .debug_info    0x00000beb      0x57b src/FreeRTOS/portable/GCC/ARM_CM4F/port.o
 .debug_info    0x00001166      0xf73 src/FreeRTOS/portable/MemMang/heap_5.o
 .debug_info    0x000020d9     0x2cc6 src/FreeRTOS/queue.o
 .debug_info    0x00004d9f     0x2e56 src/FreeRTOS/tasks.o
 .debug_info    0x00007bf5     0x1d00 src/FreeRTOS/timers.o
 .debug_info    0x000098f5     0x14d8 src/ledDriver.o
 .debug_info    0x0000adcd     0x14fb src/mytasks.o
 .debug_info    0x0000c2c8     0x1b1e src/OITExpansionBoard.o
 .debug_info    0x0000dde6     0x1616 src/swDriver.o
 .debug_info    0x0000f3fc     0x1468 src/Uartdrv.o
 .debug_info    0x00010864     0x12b0 src/ASF/common/services/clock/sam4e/sysclk.o
 .debug_info    0x00011b14      0xaff src/ASF/common/utils/interrupt/interrupt_sam_nvic.o
 .debug_info    0x00012613     0x15d3 src/ASF/sam/boards/sam4e_xplained_pro/init.o
 .debug_info    0x00013be6     0x18b1 src/ASF/sam/drivers/pmc/pmc.o
 .debug_info    0x00015497       0xdc src/ASF/sam/utils/cmsis/sam4e/source/templates/exceptions.o
 .debug_info    0x00015573     0x1240 src/ASF/sam/utils/cmsis/sam4e/source/templates/gcc/startup_sam4e.o
 .debug_info    0x000167b3      0x495 src/ASF/sam/utils/cmsis/sam4e/source/templates/system_sam4e.o
 .debug_info    0x00016c48     0x121e src/main.o

.debug_abbrev   0x00000000     0x34de
 .debug_abbrev  0x00000000      0x221 src/FreeRTOS/list.o
 .debug_abbrev  0x00000221      0x247 src/FreeRTOS/portable/GCC/ARM_CM4F/port.o
 .debug_abbrev  0x00000468      0x2c5 src/FreeRTOS/portable/MemMang/heap_5.o
 .debug_abbrev  0x0000072d      0x3c7 src/FreeRTOS/queue.o
 .debug_abbrev  0x00000af4      0x440 src/FreeRTOS/tasks.o
 .debug_abbrev  0x00000f34      0x38d src/FreeRTOS/timers.o
 .debug_abbrev  0x000012c1      0x3b3 src/ledDriver.o
 .debug_abbrev  0x00001674      0x300 src/mytasks.o
 .debug_abbrev  0x00001974      0x2cc src/OITExpansionBoard.o
 .debug_abbrev  0x00001c40      0x2f4 src/swDriver.o
 .debug_abbrev  0x00001f34      0x331 src/Uartdrv.o
 .debug_abbrev  0x00002265      0x32c src/ASF/common/services/clock/sam4e/sysclk.o
 .debug_abbrev  0x00002591      0x221 src/ASF/common/utils/interrupt/interrupt_sam_nvic.o
 .debug_abbrev  0x000027b2      0x2e4 src/ASF/sam/boards/sam4e_xplained_pro/init.o
 .debug_abbrev  0x00002a96      0x315 src/ASF/sam/drivers/pmc/pmc.o
 .debug_abbrev  0x00002dab       0x7d src/ASF/sam/utils/cmsis/sam4e/source/templates/exceptions.o
 .debug_abbrev  0x00002e28      0x2bd src/ASF/sam/utils/cmsis/sam4e/source/templates/gcc/startup_sam4e.o
 .debug_abbrev  0x000030e5      0x102 src/ASF/sam/utils/cmsis/sam4e/source/templates/system_sam4e.o
 .debug_abbrev  0x000031e7      0x2f7 src/main.o

.debug_loc      0x00000000     0x71d5
 .debug_loc     0x00000000       0x91 src/FreeRTOS/list.o
 .debug_loc     0x00000091      0x21f src/FreeRTOS/portable/GCC/ARM_CM4F/port.o
 .debug_loc     0x000002b0      0x622 src/FreeRTOS/portable/MemMang/heap_5.o
 .debug_loc     0x000008d2     0x1dd6 src/FreeRTOS/queue.o
 .debug_loc     0x000026a8     0x205c src/FreeRTOS/tasks.o
 .debug_loc     0x00004704     0x10be src/FreeRTOS/timers.o
 .debug_loc     0x000057c2      0x2a4 src/ledDriver.o
 .debug_loc     0x00005a66      0x174 src/mytasks.o
 .debug_loc     0x00005bda      0x3aa src/OITExpansionBoard.o
 .debug_loc     0x00005f84      0x27f src/swDriver.o
 .debug_loc     0x00006203      0x1d6 src/Uartdrv.o
 .debug_loc     0x000063d9      0x1c0 src/ASF/common/services/clock/sam4e/sysclk.o
 .debug_loc     0x00006599      0x13b src/ASF/sam/boards/sam4e_xplained_pro/init.o
 .debug_loc     0x000066d4      0x9c6 src/ASF/sam/drivers/pmc/pmc.o
 .debug_loc     0x0000709a       0x77 src/ASF/sam/utils/cmsis/sam4e/source/templates/gcc/startup_sam4e.o
 .debug_loc     0x00007111       0xc4 src/main.o

.debug_aranges  0x00000000      0x870
 .debug_aranges
                0x00000000       0x40 src/FreeRTOS/list.o
 .debug_aranges
                0x00000040       0x80 src/FreeRTOS/portable/GCC/ARM_CM4F/port.o
 .debug_aranges
                0x000000c0       0x50 src/FreeRTOS/portable/MemMang/heap_5.o
 .debug_aranges
                0x00000110      0x128 src/FreeRTOS/queue.o
 .debug_aranges
                0x00000238      0x188 src/FreeRTOS/tasks.o
 .debug_aranges
                0x000003c0       0xa8 src/FreeRTOS/timers.o
 .debug_aranges
                0x00000468       0x40 src/ledDriver.o
 .debug_aranges
                0x000004a8       0x30 src/mytasks.o
 .debug_aranges
                0x000004d8       0x20 src/OITExpansionBoard.o
 .debug_aranges
                0x000004f8       0x40 src/swDriver.o
 .debug_aranges
                0x00000538       0x30 src/Uartdrv.o
 .debug_aranges
                0x00000568       0x40 src/ASF/common/services/clock/sam4e/sysclk.o
 .debug_aranges
                0x000005a8       0x28 src/ASF/common/utils/interrupt/interrupt_sam_nvic.o
 .debug_aranges
                0x000005d0       0x20 src/ASF/sam/boards/sam4e_xplained_pro/init.o
 .debug_aranges
                0x000005f0      0x1d8 src/ASF/sam/drivers/pmc/pmc.o
 .debug_aranges
                0x000007c8       0x20 src/ASF/sam/utils/cmsis/sam4e/source/templates/exceptions.o
 .debug_aranges
                0x000007e8       0x20 src/ASF/sam/utils/cmsis/sam4e/source/templates/gcc/startup_sam4e.o
 .debug_aranges
                0x00000808       0x30 src/ASF/sam/utils/cmsis/sam4e/source/templates/system_sam4e.o
 .debug_aranges
                0x00000838       0x38 src/main.o

.debug_ranges   0x00000000      0xa70
 .debug_ranges  0x00000000       0x30 src/FreeRTOS/list.o
 .debug_ranges  0x00000030       0x88 src/FreeRTOS/portable/GCC/ARM_CM4F/port.o
 .debug_ranges  0x000000b8       0x40 src/FreeRTOS/portable/MemMang/heap_5.o
 .debug_ranges  0x000000f8      0x250 src/FreeRTOS/queue.o
 .debug_ranges  0x00000348      0x270 src/FreeRTOS/tasks.o
 .debug_ranges  0x000005b8      0x130 src/FreeRTOS/timers.o
 .debug_ranges  0x000006e8       0x48 src/ledDriver.o
 .debug_ranges  0x00000730       0x40 src/mytasks.o
 .debug_ranges  0x00000770       0x10 src/OITExpansionBoard.o
 .debug_ranges  0x00000780       0x30 src/swDriver.o
 .debug_ranges  0x000007b0       0x38 src/Uartdrv.o
 .debug_ranges  0x000007e8       0x30 src/ASF/common/services/clock/sam4e/sysclk.o
 .debug_ranges  0x00000818       0x18 src/ASF/common/utils/interrupt/interrupt_sam_nvic.o
 .debug_ranges  0x00000830       0x10 src/ASF/sam/boards/sam4e_xplained_pro/init.o
 .debug_ranges  0x00000840      0x1c8 src/ASF/sam/drivers/pmc/pmc.o
 .debug_ranges  0x00000a08       0x10 src/ASF/sam/utils/cmsis/sam4e/source/templates/exceptions.o
 .debug_ranges  0x00000a18       0x10 src/ASF/sam/utils/cmsis/sam4e/source/templates/gcc/startup_sam4e.o
 .debug_ranges  0x00000a28       0x20 src/ASF/sam/utils/cmsis/sam4e/source/templates/system_sam4e.o
 .debug_ranges  0x00000a48       0x28 src/main.o

.debug_macro    0x00000000    0x19149
 .debug_macro   0x00000000      0x197 src/FreeRTOS/list.o
 .debug_macro   0x00000197      0x8d4 src/FreeRTOS/list.o
 .debug_macro   0x00000a6b       0x22 src/FreeRTOS/list.o
 .debug_macro   0x00000a8d       0x52 src/FreeRTOS/list.o
 .debug_macro   0x00000adf       0x8d src/FreeRTOS/list.o
 .debug_macro   0x00000b6c       0x35 src/FreeRTOS/list.o
 .debug_macro   0x00000ba1       0x9c src/FreeRTOS/list.o
 .debug_macro   0x00000c3d       0x16 src/FreeRTOS/list.o
 .debug_macro   0x00000c53      0x10e src/FreeRTOS/list.o
 .debug_macro   0x00000d61       0x86 src/FreeRTOS/list.o
 .debug_macro   0x00000de7       0x57 src/FreeRTOS/list.o
 .debug_macro   0x00000e3e       0x58 src/FreeRTOS/list.o
 .debug_macro   0x00000e96       0x1f src/FreeRTOS/list.o
 .debug_macro   0x00000eb5       0x43 src/FreeRTOS/list.o
 .debug_macro   0x00000ef8       0x20 src/FreeRTOS/list.o
 .debug_macro   0x00000f18      0x187 src/FreeRTOS/list.o
 .debug_macro   0x0000109f      0x353 src/FreeRTOS/list.o
 .debug_macro   0x000013f2       0x16 src/FreeRTOS/list.o
 .debug_macro   0x00001408       0x29 src/FreeRTOS/list.o
 .debug_macro   0x00001431       0xef src/FreeRTOS/list.o
 .debug_macro   0x00001520       0x6a src/FreeRTOS/list.o
 .debug_macro   0x0000158a      0x1df src/FreeRTOS/list.o
 .debug_macro   0x00001769      0x136 src/FreeRTOS/list.o
 .debug_macro   0x0000189f      0x15a src/FreeRTOS/list.o
 .debug_macro   0x000019f9       0xe4 src/FreeRTOS/list.o
 .debug_macro   0x00001add       0x1c src/FreeRTOS/list.o
 .debug_macro   0x00001af9       0x26 src/FreeRTOS/list.o
 .debug_macro   0x00001b1f      0x4cc src/FreeRTOS/list.o
 .debug_macro   0x00001feb       0xb5 src/FreeRTOS/list.o
 .debug_macro   0x000020a0      0x1a6 src/FreeRTOS/portable/GCC/ARM_CM4F/port.o
 .debug_macro   0x00002246      0x16d src/FreeRTOS/portable/GCC/ARM_CM4F/port.o
 .debug_macro   0x000023b3       0x87 src/FreeRTOS/portable/GCC/ARM_CM4F/port.o
 .debug_macro   0x0000243a       0x51 src/FreeRTOS/portable/GCC/ARM_CM4F/port.o
 .debug_macro   0x0000248b      0x120 src/FreeRTOS/portable/GCC/ARM_CM4F/port.o
 .debug_macro   0x000025ab      0x1b2 src/FreeRTOS/portable/MemMang/heap_5.o
 .debug_macro   0x0000275d      0x211 src/FreeRTOS/queue.o
 .debug_macro   0x0000296e       0x16 src/FreeRTOS/queue.o
 .debug_macro   0x00002984       0x35 src/FreeRTOS/queue.o
 .debug_macro   0x000029b9       0x80 src/FreeRTOS/queue.o
 .debug_macro   0x00002a39      0x325 src/FreeRTOS/tasks.o
 .debug_macro   0x00002d5e       0x91 src/FreeRTOS/tasks.o
 .debug_macro   0x00002def       0x10 src/FreeRTOS/tasks.o
 .debug_macro   0x00002dff       0x1c src/FreeRTOS/tasks.o
 .debug_macro   0x00002e1b       0x10 src/FreeRTOS/tasks.o
 .debug_macro   0x00002e2b       0x10 src/FreeRTOS/tasks.o
 .debug_macro   0x00002e3b       0x1c src/FreeRTOS/tasks.o
 .debug_macro   0x00002e57       0x52 src/FreeRTOS/tasks.o
 .debug_macro   0x00002ea9       0x40 src/FreeRTOS/tasks.o
 .debug_macro   0x00002ee9       0x10 src/FreeRTOS/tasks.o
 .debug_macro   0x00002ef9       0x40 src/FreeRTOS/tasks.o
 .debug_macro   0x00002f39       0xd7 src/FreeRTOS/tasks.o
 .debug_macro   0x00003010       0x16 src/FreeRTOS/tasks.o
 .debug_macro   0x00003026      0x18b src/FreeRTOS/tasks.o
 .debug_macro   0x000031b1      0x1e0 src/FreeRTOS/timers.o
 .debug_macro   0x00003391       0x97 src/FreeRTOS/timers.o
 .debug_macro   0x00003428      0x71d src/ledDriver.o
 .debug_macro   0x00003b45      0x71d src/ledDriver.o
 .debug_macro   0x00004262       0x76 src/ledDriver.o
 .debug_macro   0x000042d8       0x16 src/ledDriver.o
 .debug_macro   0x000042ee      0x6da src/ledDriver.o
 .debug_macro   0x000049c8       0x2d src/ledDriver.o
 .debug_macro   0x000049f5       0x1c src/ledDriver.o
 .debug_macro   0x00004a11       0x22 src/ledDriver.o
 .debug_macro   0x00004a33       0xdf src/ledDriver.o
 .debug_macro   0x00004b12     0x102d src/ledDriver.o
 .debug_macro   0x00005b3f      0x11f src/ledDriver.o
 .debug_macro   0x00005c5e      0x154 src/ledDriver.o
 .debug_macro   0x00005db2      0x18f src/ledDriver.o
 .debug_macro   0x00005f41      0xbec src/ledDriver.o
 .debug_macro   0x00006b2d      0x535 src/ledDriver.o
 .debug_macro   0x00007062      0x196 src/ledDriver.o
 .debug_macro   0x000071f8      0x11e src/ledDriver.o
 .debug_macro   0x00007316      0x428 src/ledDriver.o
 .debug_macro   0x0000773e      0x541 src/ledDriver.o
 .debug_macro   0x00007c7f      0x106 src/ledDriver.o
 .debug_macro   0x00007d85      0xa74 src/ledDriver.o
 .debug_macro   0x000087f9       0x1c src/ledDriver.o
 .debug_macro   0x00008815      0x735 src/ledDriver.o
 .debug_macro   0x00008f4a      0x44d src/ledDriver.o
 .debug_macro   0x00009397       0xbe src/ledDriver.o
 .debug_macro   0x00009455     0x28b1 src/ledDriver.o
 .debug_macro   0x0000bd06      0x834 src/ledDriver.o
 .debug_macro   0x0000c53a      0xb28 src/ledDriver.o
 .debug_macro   0x0000d062       0x9a src/ledDriver.o
 .debug_macro   0x0000d0fc       0x76 src/ledDriver.o
 .debug_macro   0x0000d172      0x3cf src/ledDriver.o
 .debug_macro   0x0000d541       0x64 src/ledDriver.o
 .debug_macro   0x0000d5a5      0x1a6 src/ledDriver.o
 .debug_macro   0x0000d74b      0x37c src/ledDriver.o
 .debug_macro   0x0000dac7      0x6fd src/ledDriver.o
 .debug_macro   0x0000e1c4      0x6f4 src/ledDriver.o
 .debug_macro   0x0000e8b8      0x377 src/ledDriver.o
 .debug_macro   0x0000ec2f      0x2a1 src/ledDriver.o
 .debug_macro   0x0000eed0      0x2cd src/ledDriver.o
 .debug_macro   0x0000f19d      0x6b2 src/ledDriver.o
 .debug_macro   0x0000f84f       0x76 src/ledDriver.o
 .debug_macro   0x0000f8c5      0x2e9 src/ledDriver.o
 .debug_macro   0x0000fbae       0x46 src/ledDriver.o
 .debug_macro   0x0000fbf4      0x21b src/ledDriver.o
 .debug_macro   0x0000fe0f      0x21b src/ledDriver.o
 .debug_macro   0x0001002a      0x287 src/ledDriver.o
 .debug_macro   0x000102b1       0x88 src/ledDriver.o
 .debug_macro   0x00010339       0x82 src/ledDriver.o
 .debug_macro   0x000103bb       0xb8 src/ledDriver.o
 .debug_macro   0x00010473       0x52 src/ledDriver.o
 .debug_macro   0x000104c5       0x88 src/ledDriver.o
 .debug_macro   0x0001054d      0x1bb src/ledDriver.o
 .debug_macro   0x00010708      0x1bb src/ledDriver.o
 .debug_macro   0x000108c3      0x12b src/ledDriver.o
 .debug_macro   0x000109ee       0xac src/ledDriver.o
 .debug_macro   0x00010a9a       0xac src/ledDriver.o
 .debug_macro   0x00010b46       0x94 src/ledDriver.o
 .debug_macro   0x00010bda       0x94 src/ledDriver.o
 .debug_macro   0x00010c6e       0xdc src/ledDriver.o
 .debug_macro   0x00010d4a       0xdc src/ledDriver.o
 .debug_macro   0x00010e26       0x7c src/ledDriver.o
 .debug_macro   0x00010ea2       0x40 src/ledDriver.o
 .debug_macro   0x00010ee2       0xee src/ledDriver.o
 .debug_macro   0x00010fd0       0x46 src/ledDriver.o
 .debug_macro   0x00011016       0x58 src/ledDriver.o
 .debug_macro   0x0001106e       0xa6 src/ledDriver.o
 .debug_macro   0x00011114       0x82 src/ledDriver.o
 .debug_macro   0x00011196       0x16 src/ledDriver.o
 .debug_macro   0x000111ac       0x22 src/ledDriver.o
 .debug_macro   0x000111ce      0x193 src/ledDriver.o
 .debug_macro   0x00011361      0x163 src/ledDriver.o
 .debug_macro   0x000114c4      0x163 src/ledDriver.o
 .debug_macro   0x00011627      0x163 src/ledDriver.o
 .debug_macro   0x0001178a      0x163 src/ledDriver.o
 .debug_macro   0x000118ed       0x1c src/ledDriver.o
 .debug_macro   0x00011909       0x2e src/ledDriver.o
 .debug_macro   0x00011937       0x22 src/ledDriver.o
 .debug_macro   0x00011959       0x1c src/ledDriver.o
 .debug_macro   0x00011975       0x52 src/ledDriver.o
 .debug_macro   0x000119c7       0x10 src/ledDriver.o
 .debug_macro   0x000119d7       0x1c src/ledDriver.o
 .debug_macro   0x000119f3      0x2b2 src/ledDriver.o
 .debug_macro   0x00011ca5      0xc83 src/ledDriver.o
 .debug_macro   0x00012928      0x10e src/ledDriver.o
 .debug_macro   0x00012a36       0x58 src/ledDriver.o
 .debug_macro   0x00012a8e       0x16 src/ledDriver.o
 .debug_macro   0x00012aa4      0x34d src/ledDriver.o
 .debug_macro   0x00012df1       0x22 src/ledDriver.o
 .debug_macro   0x00012e13       0x73 src/ledDriver.o
 .debug_macro   0x00012e86       0x3e src/ledDriver.o
 .debug_macro   0x00012ec4      0x3ca src/ledDriver.o
 .debug_macro   0x0001328e      0x2df src/ledDriver.o
 .debug_macro   0x0001356d      0x943 src/ledDriver.o
 .debug_macro   0x00013eb0       0x34 src/ledDriver.o
 .debug_macro   0x00013ee4       0x58 src/ledDriver.o
 .debug_macro   0x00013f3c       0x64 src/ledDriver.o
 .debug_macro   0x00013fa0       0x40 src/ledDriver.o
 .debug_macro   0x00013fe0       0x82 src/ledDriver.o
 .debug_macro   0x00014062       0x82 src/ledDriver.o
 .debug_macro   0x000140e4       0x34 src/ledDriver.o
 .debug_macro   0x00014118       0x16 src/ledDriver.o
 .debug_macro   0x0001412e       0x1c src/ledDriver.o
 .debug_macro   0x0001414a      0x153 src/ledDriver.o
 .debug_macro   0x0001429d      0x77f src/mytasks.o
 .debug_macro   0x00014a1c       0x27 src/mytasks.o
 .debug_macro   0x00014a43       0x16 src/mytasks.o
 .debug_macro   0x00014a59       0x10 src/mytasks.o
 .debug_macro   0x00014a69       0x10 src/mytasks.o
 .debug_macro   0x00014a79       0x35 src/mytasks.o
 .debug_macro   0x00014aae      0x13c src/mytasks.o
 .debug_macro   0x00014bea       0x3a src/mytasks.o
 .debug_macro   0x00014c24      0x689 src/OITExpansionBoard.o
 .debug_macro   0x000152ad      0x750 src/swDriver.o
 .debug_macro   0x000159fd      0x6ce src/Uartdrv.o
 .debug_macro   0x000160cb      0x624 src/ASF/common/services/clock/sam4e/sysclk.o
 .debug_macro   0x000166ef      0x2d9 src/ASF/common/services/clock/sam4e/sysclk.o
 .debug_macro   0x000169c8      0x59d src/ASF/common/utils/interrupt/interrupt_sam_nvic.o
 .debug_macro   0x00016f65      0x657 src/ASF/sam/boards/sam4e_xplained_pro/init.o
 .debug_macro   0x000175bc      0x5b2 src/ASF/sam/drivers/pmc/pmc.o
 .debug_macro   0x00017b6e       0x52 src/ASF/sam/drivers/pmc/pmc.o
 .debug_macro   0x00017bc0      0x3a4 src/ASF/sam/utils/cmsis/sam4e/source/templates/exceptions.o
 .debug_macro   0x00017f64      0x5b6 src/ASF/sam/utils/cmsis/sam4e/source/templates/gcc/startup_sam4e.o
 .debug_macro   0x0001851a       0x10 src/ASF/sam/utils/cmsis/sam4e/source/templates/gcc/startup_sam4e.o
 .debug_macro   0x0001852a      0x3b2 src/ASF/sam/utils/cmsis/sam4e/source/templates/system_sam4e.o
 .debug_macro   0x000188dc      0x769 src/main.o
 .debug_macro   0x00019045       0x86 src/main.o
 .debug_macro   0x000190cb       0x7e src/main.o

.debug_line     0x00000000     0xbaea
 .debug_line    0x00000000      0x441 src/FreeRTOS/list.o
 .debug_line    0x00000441      0x4ca src/FreeRTOS/portable/GCC/ARM_CM4F/port.o
 .debug_line    0x0000090b      0x548 src/FreeRTOS/portable/MemMang/heap_5.o
 .debug_line    0x00000e53      0xb52 src/FreeRTOS/queue.o
 .debug_line    0x000019a5      0xd1c src/FreeRTOS/tasks.o
 .debug_line    0x000026c1      0x67d src/FreeRTOS/timers.o
 .debug_line    0x00002d3e      0xc93 src/ledDriver.o
 .debug_line    0x000039d1      0xcad src/mytasks.o
 .debug_line    0x0000467e      0xb97 src/OITExpansionBoard.o
 .debug_line    0x00005215      0xcf6 src/swDriver.o
 .debug_line    0x00005f0b      0xbe1 src/Uartdrv.o
 .debug_line    0x00006aec      0xa9b src/ASF/common/services/clock/sam4e/sysclk.o
 .debug_line    0x00007587      0x918 src/ASF/common/utils/interrupt/interrupt_sam_nvic.o
 .debug_line    0x00007e9f      0xaa2 src/ASF/sam/boards/sam4e_xplained_pro/init.o
 .debug_line    0x00008941      0xe11 src/ASF/sam/drivers/pmc/pmc.o
 .debug_line    0x00009752      0x67f src/ASF/sam/utils/cmsis/sam4e/source/templates/exceptions.o
 .debug_line    0x00009dd1      0x986 src/ASF/sam/utils/cmsis/sam4e/source/templates/gcc/startup_sam4e.o
 .debug_line    0x0000a757      0x702 src/ASF/sam/utils/cmsis/sam4e/source/templates/system_sam4e.o
 .debug_line    0x0000ae59      0xc91 src/main.o

.debug_str      0x00000000    0x6b62d
 .debug_str     0x00000000     0x9dbf src/FreeRTOS/list.o
                               0xa037 (size before relaxing)
 .debug_str     0x00009dbf     0x1ad0 src/FreeRTOS/portable/GCC/ARM_CM4F/port.o
                               0x8c44 (size before relaxing)
 .debug_str     0x0000b88f      0x3d2 src/FreeRTOS/portable/MemMang/heap_5.o
                               0xb584 (size before relaxing)
 .debug_str     0x0000bc61     0x1183 src/FreeRTOS/queue.o
                               0xc50b (size before relaxing)
 .debug_str     0x0000cde4     0x2b72 src/FreeRTOS/tasks.o
                               0xe1a4 (size before relaxing)
 .debug_str     0x0000f956      0x578 src/FreeRTOS/timers.o
                               0xc89c (size before relaxing)
 .debug_str     0x0000fece    0x59662 src/ledDriver.o
                              0x66333 (size before relaxing)
 .debug_str     0x00069530      0x358 src/mytasks.o
                              0x665e5 (size before relaxing)
 .debug_str     0x00069888      0x241 src/OITExpansionBoard.o
                              0x61226 (size before relaxing)
 .debug_str     0x00069ac9       0x3a src/swDriver.o
                              0x66424 (size before relaxing)
 .debug_str     0x00069b03      0x134 src/Uartdrv.o
                              0x63bf4 (size before relaxing)
 .debug_str     0x00069c37      0x34d src/ASF/common/services/clock/sam4e/sysclk.o
                              0x60411 (size before relaxing)
 .debug_str     0x00069f84       0x94 src/ASF/common/utils/interrupt/interrupt_sam_nvic.o
                              0x5bacc (size before relaxing)
 .debug_str     0x0006a018      0x16f src/ASF/sam/boards/sam4e_xplained_pro/init.o
                              0x60a01 (size before relaxing)
 .debug_str     0x0006a187      0x5c0 src/ASF/sam/drivers/pmc/pmc.o
                              0x5c454 (size before relaxing)
 .debug_str     0x0006a747       0x4d src/ASF/sam/utils/cmsis/sam4e/source/templates/exceptions.o
                              0x4b242 (size before relaxing)
 .debug_str     0x0006a794      0x50e src/ASF/sam/utils/cmsis/sam4e/source/templates/gcc/startup_sam4e.o
                              0x5c083 (size before relaxing)
 .debug_str     0x0006aca2      0x17b src/ASF/sam/utils/cmsis/sam4e/source/templates/system_sam4e.o
                              0x4b50c (size before relaxing)
 .debug_str     0x0006ae1d      0x810 src/main.o
                              0x671e3 (size before relaxing)

.debug_frame    0x00000000     0x16c8
 .debug_frame   0x00000000       0x6c src/FreeRTOS/list.o
 .debug_frame   0x0000006c      0x124 src/FreeRTOS/portable/GCC/ARM_CM4F/port.o
 .debug_frame   0x00000190       0xd4 src/FreeRTOS/portable/MemMang/heap_5.o
 .debug_frame   0x00000264      0x3fc src/FreeRTOS/queue.o
 .debug_frame   0x00000660      0x4e4 src/FreeRTOS/tasks.o
 .debug_frame   0x00000b44      0x228 src/FreeRTOS/timers.o
 .debug_frame   0x00000d6c       0x74 src/ledDriver.o
 .debug_frame   0x00000de0       0x70 src/mytasks.o
 .debug_frame   0x00000e50       0x2c src/OITExpansionBoard.o
 .debug_frame   0x00000e7c       0x88 src/swDriver.o
 .debug_frame   0x00000f04       0x60 src/Uartdrv.o
 .debug_frame   0x00000f64       0x88 src/ASF/common/services/clock/sam4e/sysclk.o
 .debug_frame   0x00000fec       0x30 src/ASF/common/utils/interrupt/interrupt_sam_nvic.o
 .debug_frame   0x0000101c       0x28 src/ASF/sam/boards/sam4e_xplained_pro/init.o
 .debug_frame   0x00001044      0x39c src/ASF/sam/drivers/pmc/pmc.o
 .debug_frame   0x000013e0       0x20 src/ASF/sam/utils/cmsis/sam4e/source/templates/exceptions.o
 .debug_frame   0x00001400       0x28 src/ASF/sam/utils/cmsis/sam4e/source/templates/gcc/startup_sam4e.o
 .debug_frame   0x00001428       0x40 src/ASF/sam/utils/cmsis/sam4e/source/templates/system_sam4e.o
 .debug_frame   0x00001468       0x6c src/main.o
 .debug_frame   0x000014d4       0x2c d:/college/applications/atmel/7.0/toolchain/arm/arm-gnu-toolchain/bin/../lib/gcc/arm-none-eabi/6.3.1/../../../../arm-none-eabi/lib/thumb/v7e-m\libc.a(lib_a-init.o)
 .debug_frame   0x00001500       0x34 d:/college/applications/atmel/7.0/toolchain/arm/arm-gnu-toolchain/bin/../lib/gcc/arm-none-eabi/6.3.1/../../../../arm-none-eabi/lib/thumb/v7e-m\libc.a(lib_a-memset.o)
 .debug_frame   0x00001534       0x5c d:/college/applications/atmel/7.0/toolchain/arm/arm-gnu-toolchain/bin/../lib/gcc/arm-none-eabi/6.3.1/../../../../arm-none-eabi/lib/thumb/v7e-m\libc.a(lib_a-__call_atexit.o)
 .debug_frame   0x00001590       0x20 d:/college/applications/atmel/7.0/toolchain/arm/arm-gnu-toolchain/bin/../lib/gcc/arm-none-eabi/6.3.1/../../../../arm-none-eabi/lib/thumb/v7e-m\libc.a(lib_a-atexit.o)
 .debug_frame   0x000015b0       0x34 d:/college/applications/atmel/7.0/toolchain/arm/arm-gnu-toolchain/bin/../lib/gcc/arm-none-eabi/6.3.1/../../../../arm-none-eabi/lib/thumb/v7e-m\libc.a(lib_a-fini.o)
 .debug_frame   0x000015e4       0xb0 d:/college/applications/atmel/7.0/toolchain/arm/arm-gnu-toolchain/bin/../lib/gcc/arm-none-eabi/6.3.1/../../../../arm-none-eabi/lib/thumb/v7e-m\libc.a(lib_a-lock.o)
 .debug_frame   0x00001694       0x34 d:/college/applications/atmel/7.0/toolchain/arm/arm-gnu-toolchain/bin/../lib/gcc/arm-none-eabi/6.3.1/../../../../arm-none-eabi/lib/thumb/v7e-m\libc.a(lib_a-__atexit.o)

Cross Reference Table

Symbol                                            File
ACC_Handler                                       src/ASF/sam/utils/cmsis/sam4e/source/templates/exceptions.o
                                                  src/ASF/sam/utils/cmsis/sam4e/source/templates/gcc/startup_sam4e.o
AES_Handler                                       src/ASF/sam/utils/cmsis/sam4e/source/templates/exceptions.o
                                                  src/ASF/sam/utils/cmsis/sam4e/source/templates/gcc/startup_sam4e.o
AFEC0_Handler                                     src/ASF/sam/utils/cmsis/sam4e/source/templates/exceptions.o
                                                  src/ASF/sam/utils/cmsis/sam4e/source/templates/gcc/startup_sam4e.o
AFEC1_Handler                                     src/ASF/sam/utils/cmsis/sam4e/source/templates/exceptions.o
                                                  src/ASF/sam/utils/cmsis/sam4e/source/templates/gcc/startup_sam4e.o
ARM_Handler                                       src/ASF/sam/utils/cmsis/sam4e/source/templates/exceptions.o
                                                  src/ASF/sam/utils/cmsis/sam4e/source/templates/gcc/startup_sam4e.o
BusFault_Handler                                  src/ASF/sam/utils/cmsis/sam4e/source/templates/exceptions.o
                                                  src/ASF/sam/utils/cmsis/sam4e/source/templates/gcc/startup_sam4e.o
Button1                                           src/swDriver.o
                                                  src/mytasks.o
Button2                                           src/swDriver.o
                                                  src/mytasks.o
Button3                                           src/swDriver.o
                                                  src/mytasks.o
CAN0_Handler                                      src/ASF/sam/utils/cmsis/sam4e/source/templates/exceptions.o
                                                  src/ASF/sam/utils/cmsis/sam4e/source/templates/gcc/startup_sam4e.o
CAN1_Handler                                      src/ASF/sam/utils/cmsis/sam4e/source/templates/exceptions.o
                                                  src/ASF/sam/utils/cmsis/sam4e/source/templates/gcc/startup_sam4e.o
DACC_Handler                                      src/ASF/sam/utils/cmsis/sam4e/source/templates/exceptions.o
                                                  src/ASF/sam/utils/cmsis/sam4e/source/templates/gcc/startup_sam4e.o
DMAC_Handler                                      src/ASF/sam/utils/cmsis/sam4e/source/templates/exceptions.o
                                                  src/ASF/sam/utils/cmsis/sam4e/source/templates/gcc/startup_sam4e.o
DebugMon_Handler                                  src/ASF/sam/utils/cmsis/sam4e/source/templates/exceptions.o
                                                  src/ASF/sam/utils/cmsis/sam4e/source/templates/gcc/startup_sam4e.o
Dummy_Handler                                     src/ASF/sam/utils/cmsis/sam4e/source/templates/exceptions.o
                                                  src/ASF/sam/utils/cmsis/sam4e/source/templates/gcc/startup_sam4e.o
EFC_Handler                                       src/ASF/sam/utils/cmsis/sam4e/source/templates/exceptions.o
                                                  src/ASF/sam/utils/cmsis/sam4e/source/templates/gcc/startup_sam4e.o
GMAC_Handler                                      src/ASF/sam/utils/cmsis/sam4e/source/templates/exceptions.o
                                                  src/ASF/sam/utils/cmsis/sam4e/source/templates/gcc/startup_sam4e.o
HSMCI_Handler                                     src/ASF/sam/utils/cmsis/sam4e/source/templates/exceptions.o
                                                  src/ASF/sam/utils/cmsis/sam4e/source/templates/gcc/startup_sam4e.o
HardFault_Handler                                 src/ASF/sam/utils/cmsis/sam4e/source/templates/exceptions.o
                                                  src/ASF/sam/utils/cmsis/sam4e/source/templates/gcc/startup_sam4e.o
HeartbeatTask                                     src/mytasks.o
                                                  src/main.o
MemManage_Handler                                 src/ASF/sam/utils/cmsis/sam4e/source/templates/exceptions.o
                                                  src/ASF/sam/utils/cmsis/sam4e/source/templates/gcc/startup_sam4e.o
NMI_Handler                                       src/ASF/sam/utils/cmsis/sam4e/source/templates/exceptions.o
                                                  src/ASF/sam/utils/cmsis/sam4e/source/templates/gcc/startup_sam4e.o
OITExpansionBoardInit                             src/OITExpansionBoard.o
                                                  src/main.o
PIOA_Handler                                      src/ASF/sam/utils/cmsis/sam4e/source/templates/exceptions.o
                                                  src/ASF/sam/utils/cmsis/sam4e/source/templates/gcc/startup_sam4e.o
PIOB_Handler                                      src/ASF/sam/utils/cmsis/sam4e/source/templates/exceptions.o
                                                  src/ASF/sam/utils/cmsis/sam4e/source/templates/gcc/startup_sam4e.o
PIOC_Handler                                      src/ASF/sam/utils/cmsis/sam4e/source/templates/exceptions.o
                                                  src/ASF/sam/utils/cmsis/sam4e/source/templates/gcc/startup_sam4e.o
PIOD_Handler                                      src/ASF/sam/utils/cmsis/sam4e/source/templates/exceptions.o
                                                  src/ASF/sam/utils/cmsis/sam4e/source/templates/gcc/startup_sam4e.o
PIOE_Handler                                      src/ASF/sam/utils/cmsis/sam4e/source/templates/exceptions.o
                                                  src/ASF/sam/utils/cmsis/sam4e/source/templates/gcc/startup_sam4e.o
PMC_Handler                                       src/ASF/sam/utils/cmsis/sam4e/source/templates/exceptions.o
                                                  src/ASF/sam/utils/cmsis/sam4e/source/templates/gcc/startup_sam4e.o
PWM_Handler                                       src/ASF/sam/utils/cmsis/sam4e/source/templates/exceptions.o
                                                  src/ASF/sam/utils/cmsis/sam4e/source/templates/gcc/startup_sam4e.o
PendSV_Handler                                    src/FreeRTOS/portable/GCC/ARM_CM4F/port.o
                                                  src/ASF/sam/utils/cmsis/sam4e/source/templates/gcc/startup_sam4e.o
RSTC_Handler                                      src/ASF/sam/utils/cmsis/sam4e/source/templates/exceptions.o
                                                  src/ASF/sam/utils/cmsis/sam4e/source/templates/gcc/startup_sam4e.o
RTC_Handler                                       src/ASF/sam/utils/cmsis/sam4e/source/templates/exceptions.o
                                                  src/ASF/sam/utils/cmsis/sam4e/source/templates/gcc/startup_sam4e.o
RTT_Handler                                       src/ASF/sam/utils/cmsis/sam4e/source/templates/exceptions.o
                                                  src/ASF/sam/utils/cmsis/sam4e/source/templates/gcc/startup_sam4e.o
Reset_Handler                                     src/ASF/sam/utils/cmsis/sam4e/source/templates/gcc/startup_sam4e.o
                                                  src/ASF/sam/utils/cmsis/sam4e/source/templates/exceptions.o
SMC_Handler                                       src/ASF/sam/utils/cmsis/sam4e/source/templates/exceptions.o
SPI_Handler                                       src/ASF/sam/utils/cmsis/sam4e/source/templates/exceptions.o
                                                  src/ASF/sam/utils/cmsis/sam4e/source/templates/gcc/startup_sam4e.o
SUPC_Handler                                      src/ASF/sam/utils/cmsis/sam4e/source/templates/exceptions.o
                                                  src/ASF/sam/utils/cmsis/sam4e/source/templates/gcc/startup_sam4e.o
SVC_Handler                                       src/FreeRTOS/portable/GCC/ARM_CM4F/port.o
                                                  src/ASF/sam/utils/cmsis/sam4e/source/templates/gcc/startup_sam4e.o
SysTick_Handler                                   src/FreeRTOS/portable/GCC/ARM_CM4F/port.o
                                                  src/ASF/sam/utils/cmsis/sam4e/source/templates/gcc/startup_sam4e.o
SystemCoreClock                                   src/ASF/sam/utils/cmsis/sam4e/source/templates/system_sam4e.o
                                                  src/FreeRTOS/portable/GCC/ARM_CM4F/port.o
SystemCoreClockUpdate                             src/ASF/sam/utils/cmsis/sam4e/source/templates/system_sam4e.o
                                                  src/ASF/common/services/clock/sam4e/sysclk.o
SystemInit                                        src/ASF/sam/utils/cmsis/sam4e/source/templates/system_sam4e.o
TC0_Handler                                       src/ASF/sam/utils/cmsis/sam4e/source/templates/exceptions.o
                                                  src/ASF/sam/utils/cmsis/sam4e/source/templates/gcc/startup_sam4e.o
TC1_Handler                                       src/ASF/sam/utils/cmsis/sam4e/source/templates/exceptions.o
                                                  src/ASF/sam/utils/cmsis/sam4e/source/templates/gcc/startup_sam4e.o
TC2_Handler                                       src/ASF/sam/utils/cmsis/sam4e/source/templates/exceptions.o
                                                  src/ASF/sam/utils/cmsis/sam4e/source/templates/gcc/startup_sam4e.o
TC3_Handler                                       src/ASF/sam/utils/cmsis/sam4e/source/templates/exceptions.o
                                                  src/ASF/sam/utils/cmsis/sam4e/source/templates/gcc/startup_sam4e.o
TC4_Handler                                       src/ASF/sam/utils/cmsis/sam4e/source/templates/exceptions.o
                                                  src/ASF/sam/utils/cmsis/sam4e/source/templates/gcc/startup_sam4e.o
TC5_Handler                                       src/ASF/sam/utils/cmsis/sam4e/source/templates/exceptions.o
                                                  src/ASF/sam/utils/cmsis/sam4e/source/templates/gcc/startup_sam4e.o
TC6_Handler                                       src/ASF/sam/utils/cmsis/sam4e/source/templates/exceptions.o
                                                  src/ASF/sam/utils/cmsis/sam4e/source/templates/gcc/startup_sam4e.o
TC7_Handler                                       src/ASF/sam/utils/cmsis/sam4e/source/templates/exceptions.o
                                                  src/ASF/sam/utils/cmsis/sam4e/source/templates/gcc/startup_sam4e.o
TC8_Handler                                       src/ASF/sam/utils/cmsis/sam4e/source/templates/exceptions.o
                                                  src/ASF/sam/utils/cmsis/sam4e/source/templates/gcc/startup_sam4e.o
TWI0_Handler                                      src/ASF/sam/utils/cmsis/sam4e/source/templates/exceptions.o
                                                  src/ASF/sam/utils/cmsis/sam4e/source/templates/gcc/startup_sam4e.o
TWI1_Handler                                      src/ASF/sam/utils/cmsis/sam4e/source/templates/exceptions.o
                                                  src/ASF/sam/utils/cmsis/sam4e/source/templates/gcc/startup_sam4e.o
UART0_Handler                                     src/ASF/sam/utils/cmsis/sam4e/source/templates/exceptions.o
                                                  src/ASF/sam/utils/cmsis/sam4e/source/templates/gcc/startup_sam4e.o
UART1_Handler                                     src/ASF/sam/utils/cmsis/sam4e/source/templates/exceptions.o
                                                  src/ASF/sam/utils/cmsis/sam4e/source/templates/gcc/startup_sam4e.o
UARTPutC                                          src/Uartdrv.o
UARTPutStr                                        src/Uartdrv.o
                                                  src/mytasks.o
UARTTask                                          src/mytasks.o
                                                  src/main.o
UDP_Handler                                       src/ASF/sam/utils/cmsis/sam4e/source/templates/exceptions.o
                                                  src/ASF/sam/utils/cmsis/sam4e/source/templates/gcc/startup_sam4e.o
USART0_Handler                                    src/ASF/sam/utils/cmsis/sam4e/source/templates/exceptions.o
                                                  src/ASF/sam/utils/cmsis/sam4e/source/templates/gcc/startup_sam4e.o
USART1_Handler                                    src/ASF/sam/utils/cmsis/sam4e/source/templates/exceptions.o
                                                  src/ASF/sam/utils/cmsis/sam4e/source/templates/gcc/startup_sam4e.o
UsageFault_Handler                                src/ASF/sam/utils/cmsis/sam4e/source/templates/exceptions.o
                                                  src/ASF/sam/utils/cmsis/sam4e/source/templates/gcc/startup_sam4e.o
WDT_Handler                                       src/ASF/sam/utils/cmsis/sam4e/source/templates/exceptions.o
                                                  src/ASF/sam/utils/cmsis/sam4e/source/templates/gcc/startup_sam4e.o
_Jv_RegisterClasses                               d:/college/applications/atmel/7.0/toolchain/arm/arm-gnu-toolchain/bin/../lib/gcc/arm-none-eabi/6.3.1/thumb/v7e-m/crtbegin.o
__atexit_recursive_mutex                          d:/college/applications/atmel/7.0/toolchain/arm/arm-gnu-toolchain/bin/../lib/gcc/arm-none-eabi/6.3.1/../../../../arm-none-eabi/lib/thumb/v7e-m\libc.a(lib_a-__call_atexit.o)
                                                  d:/college/applications/atmel/7.0/toolchain/arm/arm-gnu-toolchain/bin/../lib/gcc/arm-none-eabi/6.3.1/../../../../arm-none-eabi/lib/thumb/v7e-m\libc.a(lib_a-__atexit.o)
__bss_end__                                       d:/college/applications/atmel/7.0/toolchain/arm/arm-gnu-toolchain/bin/../lib/gcc/arm-none-eabi/6.3.1/../../../../arm-none-eabi/lib/thumb/v7e-m/crt0.o
__bss_start__                                     d:/college/applications/atmel/7.0/toolchain/arm/arm-gnu-toolchain/bin/../lib/gcc/arm-none-eabi/6.3.1/../../../../arm-none-eabi/lib/thumb/v7e-m/crt0.o
__call_exitprocs                                  d:/college/applications/atmel/7.0/toolchain/arm/arm-gnu-toolchain/bin/../lib/gcc/arm-none-eabi/6.3.1/../../../../arm-none-eabi/lib/thumb/v7e-m\libc.a(lib_a-__call_atexit.o)
                                                  d:/college/applications/atmel/7.0/toolchain/arm/arm-gnu-toolchain/bin/../lib/gcc/arm-none-eabi/6.3.1/../../../../arm-none-eabi/lib/thumb/v7e-m\libc.a(lib_a-exit.o)
__deregister_frame_info                           d:/college/applications/atmel/7.0/toolchain/arm/arm-gnu-toolchain/bin/../lib/gcc/arm-none-eabi/6.3.1/thumb/v7e-m/crtbegin.o
__dso_handle                                      d:/college/applications/atmel/7.0/toolchain/arm/arm-gnu-toolchain/bin/../lib/gcc/arm-none-eabi/6.3.1/thumb/v7e-m/crtbegin.o
__fini_array_end                                  d:/college/applications/atmel/7.0/toolchain/arm/arm-gnu-toolchain/bin/../lib/gcc/arm-none-eabi/6.3.1/../../../../arm-none-eabi/lib/thumb/v7e-m\libc.a(lib_a-fini.o)
__fini_array_start                                d:/college/applications/atmel/7.0/toolchain/arm/arm-gnu-toolchain/bin/../lib/gcc/arm-none-eabi/6.3.1/../../../../arm-none-eabi/lib/thumb/v7e-m\libc.a(lib_a-fini.o)
__init_array_end                                  d:/college/applications/atmel/7.0/toolchain/arm/arm-gnu-toolchain/bin/../lib/gcc/arm-none-eabi/6.3.1/../../../../arm-none-eabi/lib/thumb/v7e-m\libc.a(lib_a-init.o)
__init_array_start                                d:/college/applications/atmel/7.0/toolchain/arm/arm-gnu-toolchain/bin/../lib/gcc/arm-none-eabi/6.3.1/../../../../arm-none-eabi/lib/thumb/v7e-m\libc.a(lib_a-init.o)
__libc_fini                                       d:/college/applications/atmel/7.0/toolchain/arm/arm-gnu-toolchain/bin/../lib/gcc/arm-none-eabi/6.3.1/../../../../arm-none-eabi/lib/thumb/v7e-m\libc.a(lib_a-__call_atexit.o)
__libc_fini_array                                 d:/college/applications/atmel/7.0/toolchain/arm/arm-gnu-toolchain/bin/../lib/gcc/arm-none-eabi/6.3.1/../../../../arm-none-eabi/lib/thumb/v7e-m\libc.a(lib_a-fini.o)
                                                  d:/college/applications/atmel/7.0/toolchain/arm/arm-gnu-toolchain/bin/../lib/gcc/arm-none-eabi/6.3.1/../../../../arm-none-eabi/lib/thumb/v7e-m\libc.a(lib_a-__call_atexit.o)
                                                  d:/college/applications/atmel/7.0/toolchain/arm/arm-gnu-toolchain/bin/../lib/gcc/arm-none-eabi/6.3.1/../../../../arm-none-eabi/lib/thumb/v7e-m/crt0.o
__libc_init_array                                 d:/college/applications/atmel/7.0/toolchain/arm/arm-gnu-toolchain/bin/../lib/gcc/arm-none-eabi/6.3.1/../../../../arm-none-eabi/lib/thumb/v7e-m\libc.a(lib_a-init.o)
                                                  src/ASF/sam/utils/cmsis/sam4e/source/templates/gcc/startup_sam4e.o
                                                  d:/college/applications/atmel/7.0/toolchain/arm/arm-gnu-toolchain/bin/../lib/gcc/arm-none-eabi/6.3.1/../../../../arm-none-eabi/lib/thumb/v7e-m/crt0.o
__lock___arc4random_mutex                         d:/college/applications/atmel/7.0/toolchain/arm/arm-gnu-toolchain/bin/../lib/gcc/arm-none-eabi/6.3.1/../../../../arm-none-eabi/lib/thumb/v7e-m\libc.a(lib_a-lock.o)
__lock___at_quick_exit_mutex                      d:/college/applications/atmel/7.0/toolchain/arm/arm-gnu-toolchain/bin/../lib/gcc/arm-none-eabi/6.3.1/../../../../arm-none-eabi/lib/thumb/v7e-m\libc.a(lib_a-lock.o)
__lock___atexit_recursive_mutex                   d:/college/applications/atmel/7.0/toolchain/arm/arm-gnu-toolchain/bin/../lib/gcc/arm-none-eabi/6.3.1/../../../../arm-none-eabi/lib/thumb/v7e-m\libc.a(lib_a-lock.o)
                                                  d:/college/applications/atmel/7.0/toolchain/arm/arm-gnu-toolchain/bin/../lib/gcc/arm-none-eabi/6.3.1/../../../../arm-none-eabi/lib/thumb/v7e-m\libc.a(lib_a-__call_atexit.o)
__lock___dd_hash_mutex                            d:/college/applications/atmel/7.0/toolchain/arm/arm-gnu-toolchain/bin/../lib/gcc/arm-none-eabi/6.3.1/../../../../arm-none-eabi/lib/thumb/v7e-m\libc.a(lib_a-lock.o)
__lock___env_recursive_mutex                      d:/college/applications/atmel/7.0/toolchain/arm/arm-gnu-toolchain/bin/../lib/gcc/arm-none-eabi/6.3.1/../../../../arm-none-eabi/lib/thumb/v7e-m\libc.a(lib_a-lock.o)
__lock___malloc_recursive_mutex                   d:/college/applications/atmel/7.0/toolchain/arm/arm-gnu-toolchain/bin/../lib/gcc/arm-none-eabi/6.3.1/../../../../arm-none-eabi/lib/thumb/v7e-m\libc.a(lib_a-lock.o)
__lock___sfp_recursive_mutex                      d:/college/applications/atmel/7.0/toolchain/arm/arm-gnu-toolchain/bin/../lib/gcc/arm-none-eabi/6.3.1/../../../../arm-none-eabi/lib/thumb/v7e-m\libc.a(lib_a-lock.o)
__lock___sinit_recursive_mutex                    d:/college/applications/atmel/7.0/toolchain/arm/arm-gnu-toolchain/bin/../lib/gcc/arm-none-eabi/6.3.1/../../../../arm-none-eabi/lib/thumb/v7e-m\libc.a(lib_a-lock.o)
__lock___tz_mutex                                 d:/college/applications/atmel/7.0/toolchain/arm/arm-gnu-toolchain/bin/../lib/gcc/arm-none-eabi/6.3.1/../../../../arm-none-eabi/lib/thumb/v7e-m\libc.a(lib_a-lock.o)
__preinit_array_end                               d:/college/applications/atmel/7.0/toolchain/arm/arm-gnu-toolchain/bin/../lib/gcc/arm-none-eabi/6.3.1/../../../../arm-none-eabi/lib/thumb/v7e-m\libc.a(lib_a-init.o)
__preinit_array_start                             d:/college/applications/atmel/7.0/toolchain/arm/arm-gnu-toolchain/bin/../lib/gcc/arm-none-eabi/6.3.1/../../../../arm-none-eabi/lib/thumb/v7e-m\libc.a(lib_a-init.o)
__ram_end__                                       src/ASF/sam/utils/syscalls/gcc/syscalls.o
__register_exitproc                               d:/college/applications/atmel/7.0/toolchain/arm/arm-gnu-toolchain/bin/../lib/gcc/arm-none-eabi/6.3.1/../../../../arm-none-eabi/lib/thumb/v7e-m\libc.a(lib_a-__atexit.o)
                                                  d:/college/applications/atmel/7.0/toolchain/arm/arm-gnu-toolchain/bin/../lib/gcc/arm-none-eabi/6.3.1/../../../../arm-none-eabi/lib/thumb/v7e-m\libc.a(lib_a-atexit.o)
__register_frame_info                             d:/college/applications/atmel/7.0/toolchain/arm/arm-gnu-toolchain/bin/../lib/gcc/arm-none-eabi/6.3.1/thumb/v7e-m/crtbegin.o
__retarget_lock_acquire                           d:/college/applications/atmel/7.0/toolchain/arm/arm-gnu-toolchain/bin/../lib/gcc/arm-none-eabi/6.3.1/../../../../arm-none-eabi/lib/thumb/v7e-m\libc.a(lib_a-lock.o)
__retarget_lock_acquire_recursive                 d:/college/applications/atmel/7.0/toolchain/arm/arm-gnu-toolchain/bin/../lib/gcc/arm-none-eabi/6.3.1/../../../../arm-none-eabi/lib/thumb/v7e-m\libc.a(lib_a-lock.o)
                                                  d:/college/applications/atmel/7.0/toolchain/arm/arm-gnu-toolchain/bin/../lib/gcc/arm-none-eabi/6.3.1/../../../../arm-none-eabi/lib/thumb/v7e-m\libc.a(lib_a-__atexit.o)
                                                  d:/college/applications/atmel/7.0/toolchain/arm/arm-gnu-toolchain/bin/../lib/gcc/arm-none-eabi/6.3.1/../../../../arm-none-eabi/lib/thumb/v7e-m\libc.a(lib_a-__call_atexit.o)
__retarget_lock_close                             d:/college/applications/atmel/7.0/toolchain/arm/arm-gnu-toolchain/bin/../lib/gcc/arm-none-eabi/6.3.1/../../../../arm-none-eabi/lib/thumb/v7e-m\libc.a(lib_a-lock.o)
__retarget_lock_close_recursive                   d:/college/applications/atmel/7.0/toolchain/arm/arm-gnu-toolchain/bin/../lib/gcc/arm-none-eabi/6.3.1/../../../../arm-none-eabi/lib/thumb/v7e-m\libc.a(lib_a-lock.o)
__retarget_lock_init                              d:/college/applications/atmel/7.0/toolchain/arm/arm-gnu-toolchain/bin/../lib/gcc/arm-none-eabi/6.3.1/../../../../arm-none-eabi/lib/thumb/v7e-m\libc.a(lib_a-lock.o)
__retarget_lock_init_recursive                    d:/college/applications/atmel/7.0/toolchain/arm/arm-gnu-toolchain/bin/../lib/gcc/arm-none-eabi/6.3.1/../../../../arm-none-eabi/lib/thumb/v7e-m\libc.a(lib_a-lock.o)
__retarget_lock_release                           d:/college/applications/atmel/7.0/toolchain/arm/arm-gnu-toolchain/bin/../lib/gcc/arm-none-eabi/6.3.1/../../../../arm-none-eabi/lib/thumb/v7e-m\libc.a(lib_a-lock.o)
__retarget_lock_release_recursive                 d:/college/applications/atmel/7.0/toolchain/arm/arm-gnu-toolchain/bin/../lib/gcc/arm-none-eabi/6.3.1/../../../../arm-none-eabi/lib/thumb/v7e-m\libc.a(lib_a-lock.o)
                                                  d:/college/applications/atmel/7.0/toolchain/arm/arm-gnu-toolchain/bin/../lib/gcc/arm-none-eabi/6.3.1/../../../../arm-none-eabi/lib/thumb/v7e-m\libc.a(lib_a-__atexit.o)
                                                  d:/college/applications/atmel/7.0/toolchain/arm/arm-gnu-toolchain/bin/../lib/gcc/arm-none-eabi/6.3.1/../../../../arm-none-eabi/lib/thumb/v7e-m\libc.a(lib_a-__call_atexit.o)
__retarget_lock_try_acquire                       d:/college/applications/atmel/7.0/toolchain/arm/arm-gnu-toolchain/bin/../lib/gcc/arm-none-eabi/6.3.1/../../../../arm-none-eabi/lib/thumb/v7e-m\libc.a(lib_a-lock.o)
__retarget_lock_try_acquire_recursive             d:/college/applications/atmel/7.0/toolchain/arm/arm-gnu-toolchain/bin/../lib/gcc/arm-none-eabi/6.3.1/../../../../arm-none-eabi/lib/thumb/v7e-m\libc.a(lib_a-lock.o)
__stack                                           d:/college/applications/atmel/7.0/toolchain/arm/arm-gnu-toolchain/bin/../lib/gcc/arm-none-eabi/6.3.1/../../../../arm-none-eabi/lib/thumb/v7e-m/crt0.o
_close                                            src/ASF/sam/utils/syscalls/gcc/syscalls.o
_end                                              src/ASF/sam/utils/syscalls/gcc/syscalls.o
_erelocate                                        src/ASF/sam/utils/cmsis/sam4e/source/templates/gcc/startup_sam4e.o
_estack                                           src/main.o
                                                  src/ASF/sam/utils/cmsis/sam4e/source/templates/gcc/startup_sam4e.o
_etext                                            src/ASF/sam/utils/cmsis/sam4e/source/templates/gcc/startup_sam4e.o
_exit                                             src/ASF/sam/utils/syscalls/gcc/syscalls.o
                                                  d:/college/applications/atmel/7.0/toolchain/arm/arm-gnu-toolchain/bin/../lib/gcc/arm-none-eabi/6.3.1/../../../../arm-none-eabi/lib/thumb/v7e-m\libc.a(lib_a-exit.o)
_ezero                                            src/ASF/sam/utils/cmsis/sam4e/source/templates/gcc/startup_sam4e.o
_fini                                             d:/college/applications/atmel/7.0/toolchain/arm/arm-gnu-toolchain/bin/../lib/gcc/arm-none-eabi/6.3.1/thumb/v7e-m/crti.o
                                                  d:/college/applications/atmel/7.0/toolchain/arm/arm-gnu-toolchain/bin/../lib/gcc/arm-none-eabi/6.3.1/../../../../arm-none-eabi/lib/thumb/v7e-m\libc.a(lib_a-fini.o)
_fstat                                            src/ASF/sam/utils/syscalls/gcc/syscalls.o
_getpid                                           src/ASF/sam/utils/syscalls/gcc/syscalls.o
_global_impure_ptr                                d:/college/applications/atmel/7.0/toolchain/arm/arm-gnu-toolchain/bin/../lib/gcc/arm-none-eabi/6.3.1/../../../../arm-none-eabi/lib/thumb/v7e-m\libc.a(lib_a-impure.o)
                                                  d:/college/applications/atmel/7.0/toolchain/arm/arm-gnu-toolchain/bin/../lib/gcc/arm-none-eabi/6.3.1/../../../../arm-none-eabi/lib/thumb/v7e-m\libc.a(lib_a-__atexit.o)
                                                  d:/college/applications/atmel/7.0/toolchain/arm/arm-gnu-toolchain/bin/../lib/gcc/arm-none-eabi/6.3.1/../../../../arm-none-eabi/lib/thumb/v7e-m\libc.a(lib_a-__call_atexit.o)
                                                  d:/college/applications/atmel/7.0/toolchain/arm/arm-gnu-toolchain/bin/../lib/gcc/arm-none-eabi/6.3.1/../../../../arm-none-eabi/lib/thumb/v7e-m\libc.a(lib_a-exit.o)
_impure_ptr                                       d:/college/applications/atmel/7.0/toolchain/arm/arm-gnu-toolchain/bin/../lib/gcc/arm-none-eabi/6.3.1/../../../../arm-none-eabi/lib/thumb/v7e-m\libc.a(lib_a-impure.o)
_init                                             d:/college/applications/atmel/7.0/toolchain/arm/arm-gnu-toolchain/bin/../lib/gcc/arm-none-eabi/6.3.1/thumb/v7e-m/crti.o
                                                  d:/college/applications/atmel/7.0/toolchain/arm/arm-gnu-toolchain/bin/../lib/gcc/arm-none-eabi/6.3.1/../../../../arm-none-eabi/lib/thumb/v7e-m\libc.a(lib_a-init.o)
_isatty                                           src/ASF/sam/utils/syscalls/gcc/syscalls.o
_kill                                             src/ASF/sam/utils/syscalls/gcc/syscalls.o
_lseek                                            src/ASF/sam/utils/syscalls/gcc/syscalls.o
_mainCRTStartup                                   d:/college/applications/atmel/7.0/toolchain/arm/arm-gnu-toolchain/bin/../lib/gcc/arm-none-eabi/6.3.1/../../../../arm-none-eabi/lib/thumb/v7e-m/crt0.o
_sbrk                                             src/ASF/sam/utils/syscalls/gcc/syscalls.o
_sfixed                                           src/ASF/sam/utils/cmsis/sam4e/source/templates/gcc/startup_sam4e.o
_srelocate                                        src/ASF/sam/utils/cmsis/sam4e/source/templates/gcc/startup_sam4e.o
_start                                            d:/college/applications/atmel/7.0/toolchain/arm/arm-gnu-toolchain/bin/../lib/gcc/arm-none-eabi/6.3.1/../../../../arm-none-eabi/lib/thumb/v7e-m/crt0.o
_szero                                            src/ASF/sam/utils/cmsis/sam4e/source/templates/gcc/startup_sam4e.o
atexit                                            d:/college/applications/atmel/7.0/toolchain/arm/arm-gnu-toolchain/bin/../lib/gcc/arm-none-eabi/6.3.1/../../../../arm-none-eabi/lib/thumb/v7e-m\libc.a(lib_a-atexit.o)
                                                  d:/college/applications/atmel/7.0/toolchain/arm/arm-gnu-toolchain/bin/../lib/gcc/arm-none-eabi/6.3.1/../../../../arm-none-eabi/lib/thumb/v7e-m\libc.a(lib_a-__call_atexit.o)
                                                  d:/college/applications/atmel/7.0/toolchain/arm/arm-gnu-toolchain/bin/../lib/gcc/arm-none-eabi/6.3.1/../../../../arm-none-eabi/lib/thumb/v7e-m/crt0.o
board_init                                        src/ASF/sam/boards/sam4e_xplained_pro/init.o
                                                  src/main.o
cpu_irq_enter_critical                            src/ASF/common/utils/interrupt/interrupt_sam_nvic.o
cpu_irq_leave_critical                            src/ASF/common/utils/interrupt/interrupt_sam_nvic.o
exception_table                                   src/ASF/sam/utils/cmsis/sam4e/source/templates/gcc/startup_sam4e.o
exit                                              d:/college/applications/atmel/7.0/toolchain/arm/arm-gnu-toolchain/bin/../lib/gcc/arm-none-eabi/6.3.1/../../../../arm-none-eabi/lib/thumb/v7e-m\libc.a(lib_a-exit.o)
                                                  d:/college/applications/atmel/7.0/toolchain/arm/arm-gnu-toolchain/bin/../lib/gcc/arm-none-eabi/6.3.1/../../../../arm-none-eabi/lib/thumb/v7e-m/crt0.o