Archive member included to satisfy reference by file (symbol)

d:/college/applications/atmel/7.0/toolchain/arm/arm-gnu-toolchain/bin/../lib/gcc/arm-none-eabi/6.3.1/../../../../arm-none-eabi/lib/thumb/v7e-m\libc.a(lib_a-exit.o)
                              d:/college/applications/atmel/7.0/toolchain/arm/arm-gnu-toolchain/bin/../lib/gcc/arm-none-eabi/6.3.1/../../../../arm-none-eabi/lib/thumb/v7e-m/crt0.o (exit)
d:/college/applications/atmel/7.0/toolchain/arm/arm-gnu-toolchain/bin/../lib/gcc/arm-none-eabi/6.3.1/../../../../arm-none-eabi/lib/thumb/v7e-m\libc.a(lib_a-impure.o)
                              d:/college/applications/atmel/7.0/toolchain/arm/arm-gnu-toolchain/bin/../lib/gcc/arm-none-eabi/6.3.1/../../../../arm-none-eabi/lib/thumb/v7e-m\libc.a(lib_a-exit.o) (_global_impure_ptr)
d:/college/applications/atmel/7.0/toolchain/arm/arm-gnu-toolchain/bin/../lib/gcc/arm-none-eabi/6.3.1/../../../../arm-none-eabi/lib/thumb/v7e-m\libc.a(lib_a-init.o)
                              d:/college/applications/atmel/7.0/toolchain/arm/arm-gnu-toolchain/bin/../lib/gcc/arm-none-eabi/6.3.1/../../../../arm-none-eabi/lib/thumb/v7e-m/crt0.o (__libc_init_array)
d:/college/applications/atmel/7.0/toolchain/arm/arm-gnu-toolchain/bin/../lib/gcc/arm-none-eabi/6.3.1/../../../../arm-none-eabi/lib/thumb/v7e-m\libc.a(lib_a-memcpy.o)
                              src/FreeRTOS/queue.o (memcpy)
d:/college/applications/atmel/7.0/toolchain/arm/arm-gnu-toolchain/bin/../lib/gcc/arm-none-eabi/6.3.1/../../../../arm-none-eabi/lib/thumb/v7e-m\libc.a(lib_a-memset.o)
                              d:/college/applications/atmel/7.0/toolchain/arm/arm-gnu-toolchain/bin/../lib/gcc/arm-none-eabi/6.3.1/../../../../arm-none-eabi/lib/thumb/v7e-m/crt0.o (memset)
d:/college/applications/atmel/7.0/toolchain/arm/arm-gnu-toolchain/bin/../lib/gcc/arm-none-eabi/6.3.1/../../../../arm-none-eabi/lib/thumb/v7e-m\libc.a(lib_a-__call_atexit.o)
                              d:/college/applications/atmel/7.0/toolchain/arm/arm-gnu-toolchain/bin/../lib/gcc/arm-none-eabi/6.3.1/../../../../arm-none-eabi/lib/thumb/v7e-m\libc.a(lib_a-exit.o) (__call_exitprocs)
d:/college/applications/atmel/7.0/toolchain/arm/arm-gnu-toolchain/bin/../lib/gcc/arm-none-eabi/6.3.1/../../../../arm-none-eabi/lib/thumb/v7e-m\libc.a(lib_a-atexit.o)
                              d:/college/applications/atmel/7.0/toolchain/arm/arm-gnu-toolchain/bin/../lib/gcc/arm-none-eabi/6.3.1/../../../../arm-none-eabi/lib/thumb/v7e-m\libc.a(lib_a-__call_atexit.o) (atexit)
d:/college/applications/atmel/7.0/toolchain/arm/arm-gnu-toolchain/bin/../lib/gcc/arm-none-eabi/6.3.1/../../../../arm-none-eabi/lib/thumb/v7e-m\libc.a(lib_a-fini.o)
                              d:/college/applications/atmel/7.0/toolchain/arm/arm-gnu-toolchain/bin/../lib/gcc/arm-none-eabi/6.3.1/../../../../arm-none-eabi/lib/thumb/v7e-m\libc.a(lib_a-__call_atexit.o) (__libc_fini_array)
d:/college/applications/atmel/7.0/toolchain/arm/arm-gnu-toolchain/bin/../lib/gcc/arm-none-eabi/6.3.1/../../../../arm-none-eabi/lib/thumb/v7e-m\libc.a(lib_a-lock.o)
                              d:/college/applications/atmel/7.0/toolchain/arm/arm-gnu-toolchain/bin/../lib/gcc/arm-none-eabi/6.3.1/../../../../arm-none-eabi/lib/thumb/v7e-m\libc.a(lib_a-__call_atexit.o) (__retarget_lock_acquire_recursive)
d:/college/applications/atmel/7.0/toolchain/arm/arm-gnu-toolchain/bin/../lib/gcc/arm-none-eabi/6.3.1/../../../../arm-none-eabi/lib/thumb/v7e-m\libc.a(lib_a-__atexit.o)
                              d:/college/applications/atmel/7.0/toolchain/arm/arm-gnu-toolchain/bin/../lib/gcc/arm-none-eabi/6.3.1/../../../../arm-none-eabi/lib/thumb/v7e-m\libc.a(lib_a-atexit.o) (__register_exitproc)

Allocating common symbols
Common symbol       size              file

__lock___atexit_recursive_mutex
                    0x1               d:/college/applications/atmel/7.0/toolchain/arm/arm-gnu-toolchain/bin/../lib/gcc/arm-none-eabi/6.3.1/../../../../arm-none-eabi/lib/thumb/v7e-m\libc.a(lib_a-lock.o)
__lock___arc4random_mutex
                    0x1               d:/college/applications/atmel/7.0/toolchain/arm/arm-gnu-toolchain/bin/../lib/gcc/arm-none-eabi/6.3.1/../../../../arm-none-eabi/lib/thumb/v7e-m\libc.a(lib_a-lock.o)
xQueueRegistry      0x40              src/FreeRTOS/queue.o
__lock___env_recursive_mutex
                    0x1               d:/college/applications/atmel/7.0/toolchain/arm/arm-gnu-toolchain/bin/../lib/gcc/arm-none-eabi/6.3.1/../../../../arm-none-eabi/lib/thumb/v7e-m\libc.a(lib_a-lock.o)
__lock___sinit_recursive_mutex
                    0x1               d:/college/applications/atmel/7.0/toolchain/arm/arm-gnu-toolchain/bin/../lib/gcc/arm-none-eabi/6.3.1/../../../../arm-none-eabi/lib/thumb/v7e-m\libc.a(lib_a-lock.o)
__lock___malloc_recursive_mutex
                    0x1               d:/college/applications/atmel/7.0/toolchain/arm/arm-gnu-toolchain/bin/../lib/gcc/arm-none-eabi/6.3.1/../../../../arm-none-eabi/lib/thumb/v7e-m\libc.a(lib_a-lock.o)
__lock___at_quick_exit_mutex
[...]
Memory Configuration

Name             Origin             Length             Attributes
rom              0x00400000         0x00100000         xr
ram              0x20000000         0x00020000         xrw
*default*        0x00000000         0xffffffff

Linker script and memory map

LOAD d:/college/applications/atmel/7.0/toolchain/arm/arm-gnu-toolchain/bin/../lib/gcc/arm-none-eabi/6.3.1/thumb/v7e-m/crti.o
LOAD d:/college/applications/atmel/7.0/toolchain/arm/arm-gnu-toolchain/bin/../lib/gcc/arm-none-eabi/6.3.1/thumb/v7e-m/crtbegin.o
LOAD d:/college/applications/atmel/7.0/toolchain/arm/arm-gnu-toolchain/bin/../lib/gcc/arm-none-eabi/6.3.1/../../../../arm-none-eabi/lib/thumb/v7e-m/crt0.o
LOAD src/FreeRTOS/list.o
LOAD src/FreeRTOS/portable/GCC/ARM_CM4F/port.o
LOAD src/FreeRTOS/portable/MemMang/heap_5.o
LOAD src/FreeRTOS/queue.o
LOAD src/FreeRTOS/tasks.o
LOAD src/FreeRTOS/timers.o
LOAD src/mytasks.o
LOAD src/ASF/common/services/clock/sam4e/sysclk.o
LOAD src/ASF/common/utils/interrupt/interrupt_sam_nvic.o
LOAD src/ASF/sam/boards/sam4e_xplained_pro/init.o
LOAD src/ASF/sam/drivers/pmc/pmc.o
LOAD src/ASF/sam/drivers/pmc/sleep.o
LOAD src/ASF/sam/utils/cmsis/sam4e/source/templates/exceptions.o
LOAD src/ASF/sam/utils/cmsis/sam4e/source/templates/gcc/startup_sam4e.o
LOAD src/ASF/sam/utils/cmsis/sam4e/source/templates/system_sam4e.o
LOAD src/ASF/sam/utils/syscalls/gcc/syscalls.o
LOAD src/main.o
START GROUP
LOAD ../src/ASF/thirdparty/CMSIS/Lib/GCC\libarm_cortexM4lf_math_softfp.a
LOAD d:/college/applications/atmel/7.0/toolchain/arm/arm-gnu-toolchain/bin/../lib/gcc/arm-none-eabi/6.3.1/../../../../arm-none-eabi/lib/thumb/v7e-m\libm.a
END GROUP
START GROUP
LOAD d:/college/applications/atmel/7.0/toolchain/arm/arm-gnu-toolchain/bin/../lib/gcc/arm-none-eabi/6.3.1/thumb/v7e-m\libgcc.a
LOAD d:/college/applications/atmel/7.0/toolchain/arm/arm-gnu-toolchain/bin/../lib/gcc/arm-none-eabi/6.3.1/../../../../arm-none-eabi/lib/thumb/v7e-m\libc.a
END GROUP
LOAD d:/college/applications/atmel/7.0/toolchain/arm/arm-gnu-toolchain/bin/../lib/gcc/arm-none-eabi/6.3.1/thumb/v7e-m/crtend.o
LOAD d:/college/applications/atmel/7.0/toolchain/arm/arm-gnu-toolchain/bin/../lib/gcc/arm-none-eabi/6.3.1/thumb/v7e-m/crtn.o
                0x00003000                __stack_size__ = DEFINED (__stack_size__)?__stack_size__:0x3000
                0x2001fffc                __ram_end__ = ((ORIGIN (ram) + LENGTH (ram)) - 0x4)

.text           0x00400000     0x2844
                0x00400000                . = ALIGN (0x4)
                0x00400000                _sfixed = .
 *(.vectors .vectors.*)
 .vectors       0x00400000       0xf8 src/ASF/sam/utils/cmsis/sam4e/source/templates/gcc/startup_sam4e.o
                0x00400000                exception_table
 *(.text .text.* .gnu.linkonce.t.*)
 .text          0x004000f8       0x6c d:/college/applications/atmel/7.0/toolchain/arm/arm-gnu-toolchain/bin/../lib/gcc/arm-none-eabi/6.3.1/thumb/v7e-m/crtbegin.o
 .text.vListInitialise
                0x00400164       0x16 src/FreeRTOS/list.o
                0x00400164                vListInitialise
 .text.vListInitialiseItem
                0x0040017a        0x6 src/FreeRTOS/list.o
                0x0040017a                vListInitialiseItem
 .text.vListInsertEnd
                0x00400180       0x18 src/FreeRTOS/list.o
                0x00400180                vListInsertEnd
 .text.vListInsert
                0x00400198       0x34 src/FreeRTOS/list.o
                0x00400198                vListInsert
 .text.uxListRemove
                0x004001cc       0x26 src/FreeRTOS/list.o
                0x004001cc                uxListRemove
 *fill*         0x004001f2        0x2 
 .text.prvPortStartFirstTask
                0x004001f4       0x28 src/FreeRTOS/portable/GCC/ARM_CM4F/port.o
 .text.vPortEnableVFP
                0x0040021c       0x14 src/FreeRTOS/portable/GCC/ARM_CM4F/port.o
 .text.prvTaskExitError
                0x00400230       0x44 src/FreeRTOS/portable/GCC/ARM_CM4F/port.o
 .text.pxPortInitialiseStack
                0x00400274       0x2c src/FreeRTOS/portable/GCC/ARM_CM4F/port.o
                0x00400274                pxPortInitialiseStack
 .text.SVC_Handler
                0x004002a0       0x24 src/FreeRTOS/portable/GCC/ARM_CM4F/port.o
                0x004002a0                SVC_Handler
 .text.vPortEnterCritical
                0x004002c4       0x48 src/FreeRTOS/portable/GCC/ARM_CM4F/port.o
                0x004002c4                vPortEnterCritical
 .text.vPortExitCritical
                0x0040030c       0x30 src/FreeRTOS/portable/GCC/ARM_CM4F/port.o
                0x0040030c                vPortExitCritical
 *fill*         0x0040033c        0x4 
 .text.PendSV_Handler
                0x00400340       0x64 src/FreeRTOS/portable/GCC/ARM_CM4F/port.o
                0x00400340                PendSV_Handler
 .text.SysTick_Handler
                0x004003a4       0x30 src/FreeRTOS/portable/GCC/ARM_CM4F/port.o
                0x004003a4                SysTick_Handler
 .text.vPortSetupTimerInterrupt
                0x004003d4       0x38 src/FreeRTOS/portable/GCC/ARM_CM4F/port.o
                0x004003d4                vPortSetupTimerInterrupt
 .text.xPortStartScheduler
                0x0040040c      0x120 src/FreeRTOS/portable/GCC/ARM_CM4F/port.o
                0x0040040c                xPortStartScheduler
 .text.vPortValidateInterruptPriority
                0x0040052c       0x5c src/FreeRTOS/portable/GCC/ARM_CM4F/port.o
                0x0040052c                vPortValidateInterruptPriority
 .text.prvInsertBlockIntoFreeList
                0x00400588       0x58 src/FreeRTOS/portable/MemMang/heap_5.o
 .text.pvPortMalloc
                0x004005e0       0xf4 src/FreeRTOS/portable/MemMang/heap_5.o
                0x004005e0                pvPortMalloc
 .text.vPortFree
                0x004006d4       0xb0 src/FreeRTOS/portable/MemMang/heap_5.o
                0x004006d4                vPortFree
 .text.vPortDefineHeapRegions
                0x00400784       0xf8 src/FreeRTOS/portable/MemMang/heap_5.o
                0x00400784                vPortDefineHeapRegions
 .text.prvIsQueueEmpty
                0x0040087c       0x20 src/FreeRTOS/queue.o
 .text.prvCopyDataToQueue
                0x0040089c       0x80 src/FreeRTOS/queue.o
 .text.prvNotifyQueueSetContainer
                0x0040091c       0x94 src/FreeRTOS/queue.o
 .text.prvCopyDataFromQueue
                0x004009b0       0x28 src/FreeRTOS/queue.o
 .text.prvUnlockQueue
                0x004009d8       0xa8 src/FreeRTOS/queue.o
 .text.xQueueGenericReset
                0x00400a80       0x94 src/FreeRTOS/queue.o
                0x00400a80                xQueueGenericReset
 .text.xQueueGenericCreate
                0x00400b14       0x80 src/FreeRTOS/queue.o
                0x00400b14                xQueueGenericCreate
 .text.xQueueGenericSend
                0x00400b94      0x1f4 src/FreeRTOS/queue.o
                0x00400b94                xQueueGenericSend
 .text.xQueueGenericSendFromISR
                0x00400d88      0x118 src/FreeRTOS/queue.o
                0x00400d88                xQueueGenericSendFromISR
 .text.xQueueReceive
                0x00400ea0      0x188 src/FreeRTOS/queue.o
                0x00400ea0                xQueueReceive
 .text.vQueueAddToRegistry
                0x00401028       0x34 src/FreeRTOS/queue.o
                0x00401028                vQueueAddToRegistry
 .text.vQueueWaitForMessageRestricted
                0x0040105c       0x60 src/FreeRTOS/queue.o
                0x0040105c                vQueueWaitForMessageRestricted
 .text.prvIdleTask
                0x004010bc       0x24 src/FreeRTOS/tasks.o
 .text.prvResetNextTaskUnblockTime
                0x004010e0       0x28 src/FreeRTOS/tasks.o
 .text.prvAddCurrentTaskToDelayedList
                0x00401108       0x80 src/FreeRTOS/tasks.o
 .text.xTaskCreate
                0x00401188      0x1e8 src/FreeRTOS/tasks.o
                0x00401188                xTaskCreate
 .text.vTaskStartScheduler
                0x00401370       0x98 src/FreeRTOS/tasks.o
                0x00401370                vTaskStartScheduler
 .text.vTaskSuspendAll
                0x00401408       0x10 src/FreeRTOS/tasks.o
                0x00401408                vTaskSuspendAll
 .text.xTaskGetTickCount
                0x00401418        0xc src/FreeRTOS/tasks.o
                0x00401418                xTaskGetTickCount
 .text.xTaskIncrementTick
                0x00401424      0x13c src/FreeRTOS/tasks.o
                0x00401424                xTaskIncrementTick
 .text.xTaskResumeAll
                0x00401560      0x11c src/FreeRTOS/tasks.o
                0x00401560                xTaskResumeAll
 .text.vTaskDelay
                0x0040167c       0x58 src/FreeRTOS/tasks.o
                0x0040167c                vTaskDelay
 .text.vTaskSwitchContext
                0x004016d4       0xd0 src/FreeRTOS/tasks.o
                0x004016d4                vTaskSwitchContext
 .text.vTaskPlaceOnEventList
                0x004017a4       0x40 src/FreeRTOS/tasks.o
                0x004017a4                vTaskPlaceOnEventList
 .text.vTaskPlaceOnEventListRestricted
                0x004017e4       0x48 src/FreeRTOS/tasks.o
                0x004017e4                vTaskPlaceOnEventListRestricted
 .text.xTaskRemoveFromEventList
                0x0040182c       0x94 src/FreeRTOS/tasks.o
                0x0040182c                xTaskRemoveFromEventList
 .text.vTaskInternalSetTimeOutState
                0x004018c0       0x18 src/FreeRTOS/tasks.o
                0x004018c0                vTaskInternalSetTimeOutState
 .text.xTaskCheckForTimeOut
                0x004018d8       0x84 src/FreeRTOS/tasks.o
                0x004018d8                xTaskCheckForTimeOut
 .text.vTaskMissedYield
                0x0040195c        0xc src/FreeRTOS/tasks.o
                0x0040195c                vTaskMissedYield
 .text.xTaskGetSchedulerState
                0x00401968       0x20 src/FreeRTOS/tasks.o
                0x00401968                xTaskGetSchedulerState
 .text.xTaskPriorityDisinherit
                0x00401988       0xa8 src/FreeRTOS/tasks.o
                0x00401988                xTaskPriorityDisinherit
 .text.prvInsertTimerInActiveList
                0x00401a30       0x4c src/FreeRTOS/timers.o
 .text.prvCheckForValidListAndQueue
                0x00401a7c       0x70 src/FreeRTOS/timers.o
 .text.xTimerCreateTimerTask
                0x00401aec       0x5c src/FreeRTOS/timers.o
                0x00401aec                xTimerCreateTimerTask
 .text.xTimerGenericCommand
                0x00401b48       0x70 src/FreeRTOS/timers.o
                0x00401b48                xTimerGenericCommand
 .text.prvSampleTimeNow
                0x00401bb8       0xbc src/FreeRTOS/timers.o
 .text.prvTimerTask
                0x00401c74      0x218 src/FreeRTOS/timers.o
 .text.myLEDTask
                0x00401e8c       0x2c src/mytasks.o
                0x00401e8c                myLEDTask
 .text.sysclk_init
                0x00401eb8       0x68 src/ASF/common/services/clock/sam4e/sysclk.o
                0x00401eb8                sysclk_init
 .text.board_init
                0x00401f20       0x74 src/ASF/sam/boards/sam4e_xplained_pro/init.o
                0x00401f20                board_init
 .text.pmc_switch_mck_to_pllack
                0x00401f94       0x64 src/ASF/sam/drivers/pmc/pmc.o
                0x00401f94                pmc_switch_mck_to_pllack
 .text.pmc_switch_mainck_to_xtal
                0x00401ff8       0x54 src/ASF/sam/drivers/pmc/pmc.o
                0x00401ff8                pmc_switch_mainck_to_xtal
 .text.pmc_osc_is_ready_mainck
                0x0040204c       0x10 src/ASF/sam/drivers/pmc/pmc.o
                0x0040204c                pmc_osc_is_ready_mainck
 .text.pmc_disable_pllack
                0x0040205c       0x10 src/ASF/sam/drivers/pmc/pmc.o
                0x0040205c                pmc_disable_pllack
 .text.pmc_is_locked_pllack
                0x0040206c       0x10 src/ASF/sam/drivers/pmc/pmc.o
                0x0040206c                pmc_is_locked_pllack
 .text.pmc_enable_periph_clk
                0x0040207c       0x54 src/ASF/sam/drivers/pmc/pmc.o
                0x0040207c                pmc_enable_periph_clk
 .text.Dummy_Handler
                0x004020d0        0x2 src/ASF/sam/utils/cmsis/sam4e/source/templates/exceptions.o
                0x004020d0                DACC_Handler
                0x004020d0                DebugMon_Handler
                0x004020d0                DMAC_Handler
                0x004020d0                HardFault_Handler
                0x004020d0                TC2_Handler
                0x004020d0                SPI_Handler
                0x004020d0                TWI1_Handler
                0x004020d0                AFEC1_Handler
                0x004020d0                NMI_Handler
                0x004020d0                TC7_Handler
                0x004020d0                SMC_Handler
                0x004020d0                USART0_Handler
                0x004020d0                RTT_Handler
                0x004020d0                PIOB_Handler
                0x004020d0                RTC_Handler
                0x004020d0                UsageFault_Handler
                0x004020d0                TC6_Handler
                0x004020d0                WDT_Handler
                0x004020d0                CAN0_Handler
                0x004020d0                TC4_Handler
                0x004020d0                TC1_Handler
                0x004020d0                HSMCI_Handler
                0x004020d0                UART1_Handler
                0x004020d0                TC3_Handler
                0x004020d0                ARM_Handler
                0x004020d0                Dummy_Handler
                0x004020d0                TWI0_Handler
                0x004020d0                USART1_Handler
                0x004020d0                PIOA_Handler
                0x004020d0                AFEC0_Handler
                0x004020d0                ACC_Handler
                0x004020d0                PMC_Handler
                0x004020d0                PWM_Handler
                0x004020d0                GMAC_Handler
                0x004020d0                CAN1_Handler
                0x004020d0                MemManage_Handler
                0x004020d0                SUPC_Handler
                0x004020d0                TC8_Handler
                0x004020d0                EFC_Handler
                0x004020d0                PIOE_Handler
                0x004020d0                PIOD_Handler
                0x004020d0                UART0_Handler
                0x004020d0                PIOC_Handler
                0x004020d0                UDP_Handler
                0x004020d0                BusFault_Handler
                0x004020d0                RSTC_Handler
                0x004020d0                TC0_Handler
                0x004020d0                TC5_Handler
                0x004020d0                AES_Handler
 *fill*         0x004020d2        0x2 
 .text.Reset_Handler
                0x004020d4       0xc8 src/ASF/sam/utils/cmsis/sam4e/source/templates/gcc/startup_sam4e.o
                0x004020d4                Reset_Handler
 .text.SystemCoreClockUpdate
                0x0040219c      0x10c src/ASF/sam/utils/cmsis/sam4e/source/templates/system_sam4e.o
                0x0040219c                SystemCoreClockUpdate
 .text.system_init_flash
                0x004022a8       0x74 src/ASF/sam/utils/cmsis/sam4e/source/templates/system_sam4e.o
                0x004022a8                system_init_flash
 .text.main     0x0040231c       0x90 src/main.o
                0x0040231c                main
 .text.vAssertCalled
                0x004023ac       0x2c src/main.o
                0x004023ac                vAssertCalled
 .text.vApplicationMallocFailedHook
                0x004023d8       0x14 src/main.o
                0x004023d8                vApplicationMallocFailedHook
 .text.vApplicationStackOverflowHook
                0x004023ec       0x12 src/main.o
                0x004023ec                vApplicationStackOverflowHook
 *fill*         0x004023fe        0x2 
 .text.__libc_init_array
                0x00402400       0x50 d:/college/applications/atmel/7.0/toolchain/arm/arm-gnu-toolchain/bin/../lib/gcc/arm-none-eabi/6.3.1/../../../../arm-none-eabi/lib/thumb/v7e-m\libc.a(lib_a-init.o)
                0x00402400                __libc_init_array
 .text          0x00402450      0x134 d:/college/applications/atmel/7.0/toolchain/arm/arm-gnu-toolchain/bin/../lib/gcc/arm-none-eabi/6.3.1/../../../../arm-none-eabi/lib/thumb/v7e-m\libc.a(lib_a-memcpy.o)
                0x00402450                memcpy
 .text.memset   0x00402584       0x9c d:/college/applications/atmel/7.0/toolchain/arm/arm-gnu-toolchain/bin/../lib/gcc/arm-none-eabi/6.3.1/../../../../arm-none-eabi/lib/thumb/v7e-m\libc.a(lib_a-memset.o)
                0x00402584                memset
 .text.startup.register_fini
                0x00402620       0x14 d:/college/applications/atmel/7.0/toolchain/arm/arm-gnu-toolchain/bin/../lib/gcc/arm-none-eabi/6.3.1/../../../../arm-none-eabi/lib/thumb/v7e-m\libc.a(lib_a-__call_atexit.o)
 .text.atexit   0x00402634        0xc d:/college/applications/atmel/7.0/toolchain/arm/arm-gnu-toolchain/bin/../lib/gcc/arm-none-eabi/6.3.1/../../../../arm-none-eabi/lib/thumb/v7e-m\libc.a(lib_a-atexit.o)
                0x00402634                atexit
 .text.__libc_fini_array
                0x00402640       0x34 d:/college/applications/atmel/7.0/toolchain/arm/arm-gnu-toolchain/bin/../lib/gcc/arm-none-eabi/6.3.1/../../../../arm-none-eabi/lib/thumb/v7e-m\libc.a(lib_a-fini.o)
                0x00402640                __libc_fini_array
 .text.__retarget_lock_acquire_recursive
                0x00402674        0x4 d:/college/applications/atmel/7.0/toolchain/arm/arm-gnu-toolchain/bin/../lib/gcc/arm-none-eabi/6.3.1/../../../../arm-none-eabi/lib/thumb/v7e-m\libc.a(lib_a-lock.o)
                0x00402674                __retarget_lock_acquire_recursive
 .text.__retarget_lock_release_recursive
                0x00402678        0x4 d:/college/applications/atmel/7.0/toolchain/arm/arm-gnu-toolchain/bin/../lib/gcc/arm-none-eabi/6.3.1/../../../../arm-none-eabi/lib/thumb/v7e-m\libc.a(lib_a-lock.o)
                0x00402678                __retarget_lock_release_recursive
 .text.__register_exitproc
                0x0040267c       0xc4 d:/college/applications/atmel/7.0/toolchain/arm/arm-gnu-toolchain/bin/../lib/gcc/arm-none-eabi/6.3.1/../../../../arm-none-eabi/lib/thumb/v7e-m\libc.a(lib_a-__atexit.o)
                0x0040267c                __register_exitproc
 *(.glue_7t)
 .glue_7t       0x00402740        0x0 linker stubs
 *(.glue_7)
 .glue_7        0x00402740        0x0 linker stubs
 *(.rodata .rodata* .gnu.linkonce.r.*)
 .rodata.prvTaskExitError.str1.4
                0x00402740       0x2d src/FreeRTOS/portable/GCC/ARM_CM4F/port.o
 *fill*         0x0040276d        0x3 
 .rodata.pvPortMalloc.str1.4
                0x00402770       0x2a src/FreeRTOS/portable/MemMang/heap_5.o
 *fill*         0x0040279a        0x2 
 .rodata.prvNotifyQueueSetContainer.str1.4
                0x0040279c       0x18 src/FreeRTOS/queue.o
 .rodata.vTaskStartScheduler.str1.4
                0x004027b4       0x20 src/FreeRTOS/tasks.o
 .rodata.prvCheckForValidListAndQueue.str1.4
                0x004027d4        0x5 src/FreeRTOS/timers.o
 *fill*         0x004027d9        0x3 
 .rodata.xTimerCreateTimerTask.str1.4
                0x004027dc       0x21 src/FreeRTOS/timers.o
 *fill*         0x004027fd        0x3 
 .rodata.main.str1.4
                0x00402800        0xc src/main.o
 .rodata.vApplicationMallocFailedHook.str1.4
                0x0040280c       0x10 src/main.o
                                  0xe (size before relaxing)
 .rodata._global_impure_ptr
                0x0040281c        0x4 d:/college/applications/atmel/7.0/toolchain/arm/arm-gnu-toolchain/bin/../lib/gcc/arm-none-eabi/6.3.1/../../../../arm-none-eabi/lib/thumb/v7e-m\libc.a(lib_a-impure.o)
                0x0040281c                _global_impure_ptr
 *(.ARM.extab* .gnu.linkonce.armextab.*)
                0x00402820                . = ALIGN (0x4)
 *(.init)
 .init          0x00402820        0x4 d:/college/applications/atmel/7.0/toolchain/arm/arm-gnu-toolchain/bin/../lib/gcc/arm-none-eabi/6.3.1/thumb/v7e-m/crti.o
                0x00402820                _init
 .init          0x00402824        0x8 d:/college/applications/atmel/7.0/toolchain/arm/arm-gnu-toolchain/bin/../lib/gcc/arm-none-eabi/6.3.1/thumb/v7e-m/crtn.o
                0x0040282c                . = ALIGN (0x4)
                0x0040282c                __preinit_array_start = .
 *(.preinit_array)
                0x0040282c                __preinit_array_end = .
                0x0040282c                . = ALIGN (0x4)
                0x0040282c                __init_array_start = .
 *(SORT(.init_array.*))
 .init_array.00000
                0x0040282c        0x4 d:/college/applications/atmel/7.0/toolchain/arm/arm-gnu-toolchain/bin/../lib/gcc/arm-none-eabi/6.3.1/../../../../arm-none-eabi/lib/thumb/v7e-m\libc.a(lib_a-__call_atexit.o)
 *(.init_array)
 .init_array    0x00402830        0x4 d:/college/applications/atmel/7.0/toolchain/arm/arm-gnu-toolchain/bin/../lib/gcc/arm-none-eabi/6.3.1/thumb/v7e-m/crtbegin.o
                0x00402834                __init_array_end = .
                0x00402834                . = ALIGN (0x4)
 *crtbegin.o(.ctors)
 *(EXCLUDE_FILE(*crtend.o) .ctors)
 *(SORT(.ctors.*))
 *crtend.o(.ctors)
                0x00402834                . = ALIGN (0x4)
 *(.fini)
 .fini          0x00402834        0x4 d:/college/applications/atmel/7.0/toolchain/arm/arm-gnu-toolchain/bin/../lib/gcc/arm-none-eabi/6.3.1/thumb/v7e-m/crti.o
                0x00402834                _fini
 .fini          0x00402838        0x8 d:/college/applications/atmel/7.0/toolchain/arm/arm-gnu-toolchain/bin/../lib/gcc/arm-none-eabi/6.3.1/thumb/v7e-m/crtn.o
                0x00402840                . = ALIGN (0x4)
                0x00402840                __fini_array_start = .
 *(.fini_array)
 .fini_array    0x00402840        0x4 d:/college/applications/atmel/7.0/toolchain/arm/arm-gnu-toolchain/bin/../lib/gcc/arm-none-eabi/6.3.1/thumb/v7e-m/crtbegin.o
 *(SORT(.fini_array.*))
                0x00402844                __fini_array_end = .
 *crtbegin.o(.dtors)
 *(EXCLUDE_FILE(*crtend.o) .dtors)
 *(SORT(.dtors.*))
 *crtend.o(.dtors)
                0x00402844                . = ALIGN (0x4)
                0x00402844                _efixed = .
                [!provide]                PROVIDE (__exidx_start, .)

.vfp11_veneer   0x00402844        0x0
 .vfp11_veneer  0x00402844        0x0 linker stubs

.v4_bx          0x00402844        0x0
 .v4_bx         0x00402844        0x0 linker stubs

.iplt           0x00402844        0x0
 .iplt          0x00402844        0x0 d:/college/applications/atmel/7.0/toolchain/arm/arm-gnu-toolchain/bin/../lib/gcc/arm-none-eabi/6.3.1/thumb/v7e-m/crtbegin.o

.eh_frame       0x00402844        0x0
 .eh_frame      0x00402844        0x0 d:/college/applications/atmel/7.0/toolchain/arm/arm-gnu-toolchain/bin/../lib/gcc/arm-none-eabi/6.3.1/thumb/v7e-m/crtbegin.o

.rel.dyn        0x00402844        0x0
 .rel.iplt      0x00402844        0x0 d:/college/applications/atmel/7.0/toolchain/arm/arm-gnu-toolchain/bin/../lib/gcc/arm-none-eabi/6.3.1/thumb/v7e-m/crtbegin.o

.jcr            0x00402844        0x0
 .jcr           0x00402844        0x0 d:/college/applications/atmel/7.0/toolchain/arm/arm-gnu-toolchain/bin/../lib/gcc/arm-none-eabi/6.3.1/thumb/v7e-m/crtbegin.o

.igot.plt       0x00402844        0x0
 .igot.plt      0x00402844        0x0 d:/college/applications/atmel/7.0/toolchain/arm/arm-gnu-toolchain/bin/../lib/gcc/arm-none-eabi/6.3.1/thumb/v7e-m/crtbegin.o

.ARM.exidx
 *(.ARM.exidx* .gnu.linkonce.armexidx.*)
                [!provide]                PROVIDE (__exidx_end, .)
                0x00402844                . = ALIGN (0x4)
                0x00402844                _etext = .

.relocate       0x20000000      0x43c load address 0x00402844
                0x20000000                . = ALIGN (0x4)
                0x20000000                _srelocate = .
 *(.ramfunc .ramfunc.*)
 *(.data .data.*)
 .data.uxCriticalNesting
                0x20000000        0x4 src/FreeRTOS/portable/GCC/ARM_CM4F/port.o
 .data.uxTopUsedPriority
                0x20000004        0x4 src/FreeRTOS/tasks.o
                0x20000004                uxTopUsedPriority
 .data.g_interrupt_enabled
                0x20000008        0x1 src/ASF/common/utils/interrupt/interrupt_sam_nvic.o
                0x20000008                g_interrupt_enabled
 *fill*         0x20000009        0x3 
 .data.SystemCoreClock
                0x2000000c        0x4 src/ASF/sam/utils/cmsis/sam4e/source/templates/system_sam4e.o
                0x2000000c                SystemCoreClock
 .data.impure_data
                0x20000010      0x428 d:/college/applications/atmel/7.0/toolchain/arm/arm-gnu-toolchain/bin/../lib/gcc/arm-none-eabi/6.3.1/../../../../arm-none-eabi/lib/thumb/v7e-m\libc.a(lib_a-impure.o)
 .data.__atexit_recursive_mutex
                0x20000438        0x4 d:/college/applications/atmel/7.0/toolchain/arm/arm-gnu-toolchain/bin/../lib/gcc/arm-none-eabi/6.3.1/../../../../arm-none-eabi/lib/thumb/v7e-m\libc.a(lib_a-__call_atexit.o)
                0x20000438                __atexit_recursive_mutex
                0x2000043c                . = ALIGN (0x4)
                0x2000043c                _erelocate = .

.bss            0x2000043c      0x1f8 load address 0x00402c80
                0x2000043c                . = ALIGN (0x4)
                0x2000043c                _sbss = .
                0x2000043c                _szero = .
 *(.bss .bss.*)
 .bss           0x2000043c       0x1c d:/college/applications/atmel/7.0/toolchain/arm/arm-gnu-toolchain/bin/../lib/gcc/arm-none-eabi/6.3.1/thumb/v7e-m/crtbegin.o
 .bss.ucMaxSysCallPriority
                0x20000458        0x1 src/FreeRTOS/portable/GCC/ARM_CM4F/port.o
 *fill*         0x20000459        0x3 
 .bss.ulMaxPRIGROUPValue
                0x2000045c        0x4 src/FreeRTOS/portable/GCC/ARM_CM4F/port.o
 .bss.pxEnd     0x20000460        0x4 src/FreeRTOS/portable/MemMang/heap_5.o
 .bss.xBlockAllocatedBit
                0x20000464        0x4 src/FreeRTOS/portable/MemMang/heap_5.o
 .bss.xFreeBytesRemaining
                0x20000468        0x4 src/FreeRTOS/portable/MemMang/heap_5.o
 .bss.xMinimumEverFreeBytesRemaining
                0x2000046c        0x4 src/FreeRTOS/portable/MemMang/heap_5.o
 .bss.xNumberOfSuccessfulAllocations
                0x20000470        0x4 src/FreeRTOS/portable/MemMang/heap_5.o
 .bss.xNumberOfSuccessfulFrees
                0x20000474        0x4 src/FreeRTOS/portable/MemMang/heap_5.o
 .bss.xStart    0x20000478        0x8 src/FreeRTOS/portable/MemMang/heap_5.o
 .bss.pxCurrentTCB
                0x20000480        0x4 src/FreeRTOS/tasks.o
                0x20000480                pxCurrentTCB
 .bss.pxDelayedTaskList
                0x20000484        0x4 src/FreeRTOS/tasks.o
 .bss.pxOverflowDelayedTaskList
                0x20000488        0x4 src/FreeRTOS/tasks.o
 .bss.pxReadyTasksLists
                0x2000048c       0xa0 src/FreeRTOS/tasks.o
 .bss.uxCurrentNumberOfTasks
                0x2000052c        0x4 src/FreeRTOS/tasks.o
 .bss.uxSchedulerSuspended
                0x20000530        0x4 src/FreeRTOS/tasks.o
 .bss.uxTaskNumber
                0x20000534        0x4 src/FreeRTOS/tasks.o
 .bss.uxTopReadyPriority
                0x20000538        0x4 src/FreeRTOS/tasks.o
 .bss.xDelayedTaskList1
                0x2000053c       0x14 src/FreeRTOS/tasks.o
 .bss.xDelayedTaskList2
                0x20000550       0x14 src/FreeRTOS/tasks.o
 .bss.xIdleTaskHandle
                0x20000564        0x4 src/FreeRTOS/tasks.o
 .bss.xNextTaskUnblockTime
                0x20000568        0x4 src/FreeRTOS/tasks.o
 .bss.xNumOfOverflows
                0x2000056c        0x4 src/FreeRTOS/tasks.o
 .bss.xPendedTicks
                0x20000570        0x4 src/FreeRTOS/tasks.o
 .bss.xPendingReadyList
                0x20000574       0x14 src/FreeRTOS/tasks.o
 .bss.xSchedulerRunning
                0x20000588        0x4 src/FreeRTOS/tasks.o
 .bss.xTickCount
                0x2000058c        0x4 src/FreeRTOS/tasks.o
 .bss.xYieldPending
                0x20000590        0x4 src/FreeRTOS/tasks.o
 .bss.pxCurrentTimerList
                0x20000594        0x4 src/FreeRTOS/timers.o
 .bss.pxOverflowTimerList
                0x20000598        0x4 src/FreeRTOS/timers.o
 .bss.xActiveTimerList1
                0x2000059c       0x14 src/FreeRTOS/timers.o
 .bss.xActiveTimerList2
                0x200005b0       0x14 src/FreeRTOS/timers.o
 .bss.xLastTime.6595
                0x200005c4        0x4 src/FreeRTOS/timers.o
 .bss.xTimerQueue
                0x200005c8        0x4 src/FreeRTOS/timers.o
 .bss.xTimerTaskHandle
                0x200005cc        0x4 src/FreeRTOS/timers.o
 *(COMMON)
 COMMON         0x200005d0       0x40 src/FreeRTOS/queue.o
                0x200005d0                xQueueRegistry
 COMMON         0x20000610       0x21 d:/college/applications/atmel/7.0/toolchain/arm/arm-gnu-toolchain/bin/../lib/gcc/arm-none-eabi/6.3.1/../../../../arm-none-eabi/lib/thumb/v7e-m\libc.a(lib_a-lock.o)
                0x20000610                __lock___atexit_recursive_mutex
                0x20000614                __lock___arc4random_mutex
                0x20000618                __lock___env_recursive_mutex
                0x2000061c                __lock___sinit_recursive_mutex
                0x20000620                __lock___malloc_recursive_mutex
                0x20000624                __lock___at_quick_exit_mutex
                0x20000628                __lock___dd_hash_mutex
                0x2000062c                __lock___tz_mutex
                0x20000630                __lock___sfp_recursive_mutex
                0x20000634                . = ALIGN (0x4)
 *fill*         0x20000631        0x3 
                0x20000634                _ebss = .
                0x20000634                _ezero = .

.stack          0x20000634     0x3004 load address 0x00402e78
                0x20000638                . = ALIGN (0x8)
 *fill*         0x20000634        0x4 
                0x20000638                _sstack = .
                0x20003638                . = (. + __stack_size__)
 *fill*         0x20000638     0x3000 
                0x20003638                . = ALIGN (0x8)
                0x20003638                _estack = .
                0x20003638                . = ALIGN (0x4)
                0x20003638                _end = .
OUTPUT(Lab01.elf elf32-littlearm)

.ARM.attributes
                0x00000000       0x2e
 .ARM.attributes
                0x00000000       0x1e d:/college/applications/atmel/7.0/toolchain/arm/arm-gnu-toolchain/bin/../lib/gcc/arm-none-eabi/6.3.1/thumb/v7e-m/crti.o
 .ARM.attributes
                0x0000001e       0x2e d:/college/applications/atmel/7.0/toolchain/arm/arm-gnu-toolchain/bin/../lib/gcc/arm-none-eabi/6.3.1/thumb/v7e-m/crtbegin.o
 .ARM.attributes
                0x0000004c       0x37 src/FreeRTOS/list.o
 .ARM.attributes
                0x00000083       0x37 src/FreeRTOS/portable/GCC/ARM_CM4F/port.o
 .ARM.attributes
                0x000000ba       0x37 src/FreeRTOS/portable/MemMang/heap_5.o
 .ARM.attributes
                0x000000f1       0x37 src/FreeRTOS/queue.o
 .ARM.attributes
                0x00000128       0x37 src/FreeRTOS/tasks.o
 .ARM.attributes
                0x0000015f       0x37 src/FreeRTOS/timers.o
 .ARM.attributes
                0x00000196       0x37 src/mytasks.o
 .ARM.attributes
                0x000001cd       0x37 src/ASF/common/services/clock/sam4e/sysclk.o
 .ARM.attributes
                0x00000204       0x37 src/ASF/common/utils/interrupt/interrupt_sam_nvic.o
 .ARM.attributes
                0x0000023b       0x37 src/ASF/sam/boards/sam4e_xplained_pro/init.o
 .ARM.attributes
                0x00000272       0x37 src/ASF/sam/drivers/pmc/pmc.o
 .ARM.attributes
                0x000002a9       0x37 src/ASF/sam/utils/cmsis/sam4e/source/templates/exceptions.o
 .ARM.attributes
                0x000002e0       0x37 src/ASF/sam/utils/cmsis/sam4e/source/templates/gcc/startup_sam4e.o
 .ARM.attributes
                0x00000317       0x37 src/ASF/sam/utils/cmsis/sam4e/source/templates/system_sam4e.o
 .ARM.attributes
                0x0000034e       0x37 src/main.o
 .ARM.attributes
                0x00000385       0x2e d:/college/applications/atmel/7.0/toolchain/arm/arm-gnu-toolchain/bin/../lib/gcc/arm-none-eabi/6.3.1/../../../../arm-none-eabi/lib/thumb/v7e-m\libc.a(lib_a-impure.o)
 .ARM.attributes
                0x000003b3       0x2e d:/college/applications/atmel/7.0/toolchain/arm/arm-gnu-toolchain/bin/../lib/gcc/arm-none-eabi/6.3.1/../../../../arm-none-eabi/lib/thumb/v7e-m\libc.a(lib_a-init.o)
 .ARM.attributes
                0x000003e1       0x1c d:/college/applications/atmel/7.0/toolchain/arm/arm-gnu-toolchain/bin/../lib/gcc/arm-none-eabi/6.3.1/../../../../arm-none-eabi/lib/thumb/v7e-m\libc.a(lib_a-memcpy.o)
 .ARM.attributes
                0x000003fd       0x2e d:/college/applications/atmel/7.0/toolchain/arm/arm-gnu-toolchain/bin/../lib/gcc/arm-none-eabi/6.3.1/../../../../arm-none-eabi/lib/thumb/v7e-m\libc.a(lib_a-memset.o)
 .ARM.attributes
                0x0000042b       0x2e d:/college/applications/atmel/7.0/toolchain/arm/arm-gnu-toolchain/bin/../lib/gcc/arm-none-eabi/6.3.1/../../../../arm-none-eabi/lib/thumb/v7e-m\libc.a(lib_a-__call_atexit.o)
 .ARM.attributes
                0x00000459       0x2e d:/college/applications/atmel/7.0/toolchain/arm/arm-gnu-toolchain/bin/../lib/gcc/arm-none-eabi/6.3.1/../../../../arm-none-eabi/lib/thumb/v7e-m\libc.a(lib_a-atexit.o)
 .ARM.attributes
                0x00000487       0x2e d:/college/applications/atmel/7.0/toolchain/arm/arm-gnu-toolchain/bin/../lib/gcc/arm-none-eabi/6.3.1/../../../../arm-none-eabi/lib/thumb/v7e-m\libc.a(lib_a-fini.o)
 .ARM.attributes
                0x000004b5       0x2e d:/college/applications/atmel/7.0/toolchain/arm/arm-gnu-toolchain/bin/../lib/gcc/arm-none-eabi/6.3.1/../../../../arm-none-eabi/lib/thumb/v7e-m\libc.a(lib_a-lock.o)
 .ARM.attributes
                0x000004e3       0x2e d:/college/applications/atmel/7.0/toolchain/arm/arm-gnu-toolchain/bin/../lib/gcc/arm-none-eabi/6.3.1/../../../../arm-none-eabi/lib/thumb/v7e-m\libc.a(lib_a-__atexit.o)
 .ARM.attributes
                0x00000511       0x1e d:/college/applications/atmel/7.0/toolchain/arm/arm-gnu-toolchain/bin/../lib/gcc/arm-none-eabi/6.3.1/thumb/v7e-m/crtn.o

.comment        0x00000000       0x59
 .comment       0x00000000       0x59 src/FreeRTOS/list.o
                                 0x5a (size before relaxing)
 .comment       0x00000059       0x5a src/FreeRTOS/portable/GCC/ARM_CM4F/port.o
 .comment       0x00000059       0x5a src/FreeRTOS/portable/MemMang/heap_5.o
 .comment       0x00000059       0x5a src/FreeRTOS/queue.o
 .comment       0x00000059       0x5a src/FreeRTOS/tasks.o
 .comment       0x00000059       0x5a src/FreeRTOS/timers.o
 .comment       0x00000059       0x5a src/mytasks.o
 .comment       0x00000059       0x5a src/ASF/common/services/clock/sam4e/sysclk.o
 .comment       0x00000059       0x5a src/ASF/common/utils/interrupt/interrupt_sam_nvic.o
 .comment       0x00000059       0x5a src/ASF/sam/boards/sam4e_xplained_pro/init.o
 .comment       0x00000059       0x5a src/ASF/sam/drivers/pmc/pmc.o
 .comment       0x00000059       0x5a src/ASF/sam/utils/cmsis/sam4e/source/templates/exceptions.o
 .comment       0x00000059       0x5a src/ASF/sam/utils/cmsis/sam4e/source/templates/gcc/startup_sam4e.o
 .comment       0x00000059       0x5a src/ASF/sam/utils/cmsis/sam4e/source/templates/system_sam4e.o
 .comment       0x00000059       0x5a src/main.o

.debug_info     0x00000000    0x117aa
 .debug_info    0x00000000      0xbeb src/FreeRTOS/list.o
 .debug_info    0x00000beb      0x57b src/FreeRTOS/portable/GCC/ARM_CM4F/port.o
 .debug_info    0x00001166      0xf73 src/FreeRTOS/portable/MemMang/heap_5.o
 .debug_info    0x000020d9     0x2cc6 src/FreeRTOS/queue.o
 .debug_info    0x00004d9f     0x2917 src/FreeRTOS/tasks.o
 .debug_info    0x000076b6     0x1d00 src/FreeRTOS/timers.o
 .debug_info    0x000093b6     0x12a5 src/mytasks.o
 .debug_info    0x0000a65b     0x12b0 src/ASF/common/services/clock/sam4e/sysclk.o
 .debug_info    0x0000b90b      0xaff src/ASF/common/utils/interrupt/interrupt_sam_nvic.o
 .debug_info    0x0000c40a     0x15d3 src/ASF/sam/boards/sam4e_xplained_pro/init.o
 .debug_info    0x0000d9dd     0x18b1 src/ASF/sam/drivers/pmc/pmc.o
 .debug_info    0x0000f28e       0xdc src/ASF/sam/utils/cmsis/sam4e/source/templates/exceptions.o
 .debug_info    0x0000f36a     0x1240 src/ASF/sam/utils/cmsis/sam4e/source/templates/gcc/startup_sam4e.o
 .debug_info    0x000105aa      0x495 src/ASF/sam/utils/cmsis/sam4e/source/templates/system_sam4e.o
 .debug_info    0x00010a3f      0xd6b src/main.o

.debug_abbrev   0x00000000     0x2820
 .debug_abbrev  0x00000000      0x221 src/FreeRTOS/list.o
 .debug_abbrev  0x00000221      0x247 src/FreeRTOS/portable/GCC/ARM_CM4F/port.o
 .debug_abbrev  0x00000468      0x2c5 src/FreeRTOS/portable/MemMang/heap_5.o
 .debug_abbrev  0x0000072d      0x3c7 src/FreeRTOS/queue.o
 .debug_abbrev  0x00000af4      0x437 src/FreeRTOS/tasks.o
 .debug_abbrev  0x00000f2b      0x38d src/FreeRTOS/timers.o
 .debug_abbrev  0x000012b8      0x31a src/mytasks.o
 .debug_abbrev  0x000015d2      0x32c src/ASF/common/services/clock/sam4e/sysclk.o
 .debug_abbrev  0x000018fe      0x221 src/ASF/common/utils/interrupt/interrupt_sam_nvic.o
 .debug_abbrev  0x00001b1f      0x2e4 src/ASF/sam/boards/sam4e_xplained_pro/init.o
 .debug_abbrev  0x00001e03      0x315 src/ASF/sam/drivers/pmc/pmc.o
 .debug_abbrev  0x00002118       0x7d src/ASF/sam/utils/cmsis/sam4e/source/templates/exceptions.o
 .debug_abbrev  0x00002195      0x2bd src/ASF/sam/utils/cmsis/sam4e/source/templates/gcc/startup_sam4e.o
 .debug_abbrev  0x00002452      0x102 src/ASF/sam/utils/cmsis/sam4e/source/templates/system_sam4e.o
 .debug_abbrev  0x00002554      0x2cc src/main.o

.debug_loc      0x00000000     0x62b2
 .debug_loc     0x00000000       0x91 src/FreeRTOS/list.o
 .debug_loc     0x00000091      0x21f src/FreeRTOS/portable/GCC/ARM_CM4F/port.o
 .debug_loc     0x000002b0      0x622 src/FreeRTOS/portable/MemMang/heap_5.o
 .debug_loc     0x000008d2     0x1dd6 src/FreeRTOS/queue.o
 .debug_loc     0x000026a8     0x1c74 src/FreeRTOS/tasks.o
 .debug_loc     0x0000431c     0x10be src/FreeRTOS/timers.o
 .debug_loc     0x000053da       0xdc src/mytasks.o
 .debug_loc     0x000054b6      0x1c0 src/ASF/common/services/clock/sam4e/sysclk.o
 .debug_loc     0x00005676      0x13b src/ASF/sam/boards/sam4e_xplained_pro/init.o
 .debug_loc     0x000057b1      0x9c6 src/ASF/sam/drivers/pmc/pmc.o
 .debug_loc     0x00006177       0x77 src/ASF/sam/utils/cmsis/sam4e/source/templates/gcc/startup_sam4e.o
 .debug_loc     0x000061ee       0xc4 src/main.o

.debug_aranges  0x00000000      0x770
 .debug_aranges
                0x00000000       0x40 src/FreeRTOS/list.o
 .debug_aranges
                0x00000040       0x80 src/FreeRTOS/portable/GCC/ARM_CM4F/port.o
 .debug_aranges
                0x000000c0       0x50 src/FreeRTOS/portable/MemMang/heap_5.o
 .debug_aranges
                0x00000110      0x128 src/FreeRTOS/queue.o
 .debug_aranges
                0x00000238      0x160 src/FreeRTOS/tasks.o
 .debug_aranges
                0x00000398       0xa8 src/FreeRTOS/timers.o
 .debug_aranges
                0x00000440       0x28 src/mytasks.o
 .debug_aranges
                0x00000468       0x40 src/ASF/common/services/clock/sam4e/sysclk.o
 .debug_aranges
                0x000004a8       0x28 src/ASF/common/utils/interrupt/interrupt_sam_nvic.o
 .debug_aranges
                0x000004d0       0x20 src/ASF/sam/boards/sam4e_xplained_pro/init.o
 .debug_aranges
                0x000004f0      0x1d8 src/ASF/sam/drivers/pmc/pmc.o
 .debug_aranges
                0x000006c8       0x20 src/ASF/sam/utils/cmsis/sam4e/source/templates/exceptions.o
 .debug_aranges
                0x000006e8       0x20 src/ASF/sam/utils/cmsis/sam4e/source/templates/gcc/startup_sam4e.o
 .debug_aranges
                0x00000708       0x30 src/ASF/sam/utils/cmsis/sam4e/source/templates/system_sam4e.o
 .debug_aranges
                0x00000738       0x38 src/main.o

.debug_ranges   0x00000000      0x998
 .debug_ranges  0x00000000       0x30 src/FreeRTOS/list.o
 .debug_ranges  0x00000030       0x88 src/FreeRTOS/portable/GCC/ARM_CM4F/port.o
 .debug_ranges  0x000000b8       0x40 src/FreeRTOS/portable/MemMang/heap_5.o
 .debug_ranges  0x000000f8      0x250 src/FreeRTOS/queue.o
 .debug_ranges  0x00000348      0x230 src/FreeRTOS/tasks.o
 .debug_ranges  0x00000578      0x130 src/FreeRTOS/timers.o
 .debug_ranges  0x000006a8       0x68 src/mytasks.o
 .debug_ranges  0x00000710       0x30 src/ASF/common/services/clock/sam4e/sysclk.o
 .debug_ranges  0x00000740       0x18 src/ASF/common/utils/interrupt/interrupt_sam_nvic.o
 .debug_ranges  0x00000758       0x10 src/ASF/sam/boards/sam4e_xplained_pro/init.o
 .debug_ranges  0x00000768      0x1c8 src/ASF/sam/drivers/pmc/pmc.o
 .debug_ranges  0x00000930       0x10 src/ASF/sam/utils/cmsis/sam4e/source/templates/exceptions.o
 .debug_ranges  0x00000940       0x10 src/ASF/sam/utils/cmsis/sam4e/source/templates/gcc/startup_sam4e.o
 .debug_ranges  0x00000950       0x20 src/ASF/sam/utils/cmsis/sam4e/source/templates/system_sam4e.o
 .debug_ranges  0x00000970       0x28 src/main.o

.debug_macro    0x00000000    0x172bd
 .debug_macro   0x00000000      0x197 src/FreeRTOS/list.o
 .debug_macro   0x00000197      0x8ce src/FreeRTOS/list.o
 .debug_macro   0x00000a65       0x22 src/FreeRTOS/list.o
 .debug_macro   0x00000a87       0x52 src/FreeRTOS/list.o
 .debug_macro   0x00000ad9       0x8d src/FreeRTOS/list.o
 .debug_macro   0x00000b66       0x35 src/FreeRTOS/list.o
 .debug_macro   0x00000b9b       0x9c src/FreeRTOS/list.o
 .debug_macro   0x00000c37       0x16 src/FreeRTOS/list.o
 .debug_macro   0x00000c4d      0x10e src/FreeRTOS/list.o
 .debug_macro   0x00000d5b       0x86 src/FreeRTOS/list.o
 .debug_macro   0x00000de1       0x57 src/FreeRTOS/list.o
 .debug_macro   0x00000e38       0x58 src/FreeRTOS/list.o
 .debug_macro   0x00000e90       0x1f src/FreeRTOS/list.o
 .debug_macro   0x00000eaf       0x43 src/FreeRTOS/list.o
 .debug_macro   0x00000ef2       0x20 src/FreeRTOS/list.o
 .debug_macro   0x00000f12      0x187 src/FreeRTOS/list.o
 .debug_macro   0x00001099      0x353 src/FreeRTOS/list.o
 .debug_macro   0x000013ec       0x16 src/FreeRTOS/list.o
 .debug_macro   0x00001402       0x29 src/FreeRTOS/list.o
 .debug_macro   0x0000142b       0xef src/FreeRTOS/list.o
 .debug_macro   0x0000151a       0x6a src/FreeRTOS/list.o
 .debug_macro   0x00001584      0x1df src/FreeRTOS/list.o
 .debug_macro   0x00001763      0x136 src/FreeRTOS/list.o
 .debug_macro   0x00001899      0x15a src/FreeRTOS/list.o
 .debug_macro   0x000019f3       0xe4 src/FreeRTOS/list.o
 .debug_macro   0x00001ad7       0x1c src/FreeRTOS/list.o
 .debug_macro   0x00001af3       0x26 src/FreeRTOS/list.o
 .debug_macro   0x00001b19      0x4cc src/FreeRTOS/list.o
 .debug_macro   0x00001fe5       0xb5 src/FreeRTOS/list.o
 .debug_macro   0x0000209a      0x1a6 src/FreeRTOS/portable/GCC/ARM_CM4F/port.o
 .debug_macro   0x00002240      0x16d src/FreeRTOS/portable/GCC/ARM_CM4F/port.o
 .debug_macro   0x000023ad       0x87 src/FreeRTOS/portable/GCC/ARM_CM4F/port.o
 .debug_macro   0x00002434       0x51 src/FreeRTOS/portable/GCC/ARM_CM4F/port.o
 .debug_macro   0x00002485      0x120 src/FreeRTOS/portable/GCC/ARM_CM4F/port.o
 .debug_macro   0x000025a5      0x1b2 src/FreeRTOS/portable/MemMang/heap_5.o
 .debug_macro   0x00002757      0x211 src/FreeRTOS/queue.o
 .debug_macro   0x00002968       0x16 src/FreeRTOS/queue.o
 .debug_macro   0x0000297e       0x35 src/FreeRTOS/queue.o
 .debug_macro   0x000029b3       0x80 src/FreeRTOS/queue.o
 .debug_macro   0x00002a33      0x325 src/FreeRTOS/tasks.o
 .debug_macro   0x00002d58       0x91 src/FreeRTOS/tasks.o
 .debug_macro   0x00002de9       0x10 src/FreeRTOS/tasks.o
 .debug_macro   0x00002df9       0x1c src/FreeRTOS/tasks.o
 .debug_macro   0x00002e15       0x10 src/FreeRTOS/tasks.o
 .debug_macro   0x00002e25       0x10 src/FreeRTOS/tasks.o
 .debug_macro   0x00002e35       0x1c src/FreeRTOS/tasks.o
 .debug_macro   0x00002e51       0x52 src/FreeRTOS/tasks.o
 .debug_macro   0x00002ea3       0x40 src/FreeRTOS/tasks.o
 .debug_macro   0x00002ee3       0x10 src/FreeRTOS/tasks.o
 .debug_macro   0x00002ef3       0x40 src/FreeRTOS/tasks.o
 .debug_macro   0x00002f33       0xd7 src/FreeRTOS/tasks.o
 .debug_macro   0x0000300a       0x16 src/FreeRTOS/tasks.o
 .debug_macro   0x00003020      0x18b src/FreeRTOS/tasks.o
 .debug_macro   0x000031ab      0x1e0 src/FreeRTOS/timers.o
 .debug_macro   0x0000338b       0x97 src/FreeRTOS/timers.o
 .debug_macro   0x00003422      0x6ab src/mytasks.o
 .debug_macro   0x00003acd      0x71d src/mytasks.o
 .debug_macro   0x000041ea       0x76 src/mytasks.o
 .debug_macro   0x00004260       0x16 src/mytasks.o
 .debug_macro   0x00004276      0x6da src/mytasks.o
 .debug_macro   0x00004950       0x27 src/mytasks.o
 .debug_macro   0x00004977       0x1c src/mytasks.o
 .debug_macro   0x00004993       0x22 src/mytasks.o
 .debug_macro   0x000049b5       0xdf src/mytasks.o
 .debug_macro   0x00004a94     0x102d src/mytasks.o
 .debug_macro   0x00005ac1      0x11f src/mytasks.o
 .debug_macro   0x00005be0      0x154 src/mytasks.o
 .debug_macro   0x00005d34      0x18f src/mytasks.o
 .debug_macro   0x00005ec3      0xbec src/mytasks.o
 .debug_macro   0x00006aaf      0x535 src/mytasks.o
 .debug_macro   0x00006fe4      0x196 src/mytasks.o
 .debug_macro   0x0000717a      0x11e src/mytasks.o
 .debug_macro   0x00007298      0x428 src/mytasks.o
 .debug_macro   0x000076c0      0x541 src/mytasks.o
 .debug_macro   0x00007c01      0x106 src/mytasks.o
 .debug_macro   0x00007d07      0xa74 src/mytasks.o
 .debug_macro   0x0000877b       0x1c src/mytasks.o
 .debug_macro   0x00008797      0x735 src/mytasks.o
 .debug_macro   0x00008ecc      0x44d src/mytasks.o
 .debug_macro   0x00009319       0xbe src/mytasks.o
 .debug_macro   0x000093d7     0x28b1 src/mytasks.o
 .debug_macro   0x0000bc88      0x834 src/mytasks.o
 .debug_macro   0x0000c4bc      0xb28 src/mytasks.o
 .debug_macro   0x0000cfe4       0x9a src/mytasks.o
 .debug_macro   0x0000d07e       0x76 src/mytasks.o
 .debug_macro   0x0000d0f4      0x3cf src/mytasks.o
 .debug_macro   0x0000d4c3       0x64 src/mytasks.o
 .debug_macro   0x0000d527      0x1a6 src/mytasks.o
 .debug_macro   0x0000d6cd      0x37c src/mytasks.o
 .debug_macro   0x0000da49      0x6fd src/mytasks.o
 .debug_macro   0x0000e146      0x6f4 src/mytasks.o
 .debug_macro   0x0000e83a      0x377 src/mytasks.o
 .debug_macro   0x0000ebb1      0x2a1 src/mytasks.o
 .debug_macro   0x0000ee52      0x2cd src/mytasks.o
 .debug_macro   0x0000f11f      0x6b2 src/mytasks.o
 .debug_macro   0x0000f7d1       0x76 src/mytasks.o
 .debug_macro   0x0000f847      0x2e9 src/mytasks.o
 .debug_macro   0x0000fb30       0x46 src/mytasks.o
 .debug_macro   0x0000fb76      0x21b src/mytasks.o
 .debug_macro   0x0000fd91      0x21b src/mytasks.o
 .debug_macro   0x0000ffac      0x287 src/mytasks.o
 .debug_macro   0x00010233       0x88 src/mytasks.o
 .debug_macro   0x000102bb       0x82 src/mytasks.o
 .debug_macro   0x0001033d       0xb8 src/mytasks.o
 .debug_macro   0x000103f5       0x52 src/mytasks.o
 .debug_macro   0x00010447       0x88 src/mytasks.o
 .debug_macro   0x000104cf      0x1bb src/mytasks.o
 .debug_macro   0x0001068a      0x1bb src/mytasks.o
 .debug_macro   0x00010845      0x12b src/mytasks.o
 .debug_macro   0x00010970       0xac src/mytasks.o
 .debug_macro   0x00010a1c       0xac src/mytasks.o
 .debug_macro   0x00010ac8       0x94 src/mytasks.o
 .debug_macro   0x00010b5c       0x94 src/mytasks.o
 .debug_macro   0x00010bf0       0xdc src/mytasks.o
 .debug_macro   0x00010ccc       0xdc src/mytasks.o
 .debug_macro   0x00010da8       0x7c src/mytasks.o
 .debug_macro   0x00010e24       0x40 src/mytasks.o
 .debug_macro   0x00010e64       0xee src/mytasks.o
 .debug_macro   0x00010f52       0x46 src/mytasks.o
 .debug_macro   0x00010f98       0x58 src/mytasks.o
 .debug_macro   0x00010ff0       0xa6 src/mytasks.o
 .debug_macro   0x00011096       0x82 src/mytasks.o
 .debug_macro   0x00011118       0x16 src/mytasks.o
 .debug_macro   0x0001112e       0x22 src/mytasks.o
 .debug_macro   0x00011150      0x193 src/mytasks.o
 .debug_macro   0x000112e3      0x163 src/mytasks.o
 .debug_macro   0x00011446      0x163 src/mytasks.o
 .debug_macro   0x000115a9      0x163 src/mytasks.o
 .debug_macro   0x0001170c      0x163 src/mytasks.o
 .debug_macro   0x0001186f       0x1c src/mytasks.o
 .debug_macro   0x0001188b       0x2e src/mytasks.o
 .debug_macro   0x000118b9       0x22 src/mytasks.o
 .debug_macro   0x000118db       0x1c src/mytasks.o
 .debug_macro   0x000118f7       0x52 src/mytasks.o
 .debug_macro   0x00011949       0x10 src/mytasks.o
 .debug_macro   0x00011959       0x1c src/mytasks.o
 .debug_macro   0x00011975      0x2b2 src/mytasks.o
 .debug_macro   0x00011c27      0xc83 src/mytasks.o
 .debug_macro   0x000128aa      0x10e src/mytasks.o
 .debug_macro   0x000129b8       0x58 src/mytasks.o
 .debug_macro   0x00012a10       0x16 src/mytasks.o
 .debug_macro   0x00012a26      0x34d src/mytasks.o
 .debug_macro   0x00012d73       0x22 src/mytasks.o
 .debug_macro   0x00012d95       0x73 src/mytasks.o
 .debug_macro   0x00012e08       0x3e src/mytasks.o
 .debug_macro   0x00012e46      0x3ca src/mytasks.o
 .debug_macro   0x00013210      0x2df src/mytasks.o
 .debug_macro   0x000134ef      0x943 src/mytasks.o
 .debug_macro   0x00013e32       0x34 src/mytasks.o
 .debug_macro   0x00013e66       0x58 src/mytasks.o
 .debug_macro   0x00013ebe       0x64 src/mytasks.o
 .debug_macro   0x00013f22       0x40 src/mytasks.o
 .debug_macro   0x00013f62       0x82 src/mytasks.o
 .debug_macro   0x00013fe4       0x82 src/mytasks.o
 .debug_macro   0x00014066       0x34 src/mytasks.o
 .debug_macro   0x0001409a       0x16 src/mytasks.o
 .debug_macro   0x000140b0       0x1c src/mytasks.o
 .debug_macro   0x000140cc       0x16 src/mytasks.o
 .debug_macro   0x000140e2       0x10 src/mytasks.o
 .debug_macro   0x000140f2       0x10 src/mytasks.o
 .debug_macro   0x00014102       0x35 src/mytasks.o
 .debug_macro   0x00014137      0x624 src/ASF/common/services/clock/sam4e/sysclk.o
 .debug_macro   0x0001475b      0x2d9 src/ASF/common/services/clock/sam4e/sysclk.o
 .debug_macro   0x00014a34      0x59d src/ASF/common/utils/interrupt/interrupt_sam_nvic.o
 .debug_macro   0x00014fd1      0x657 src/ASF/sam/boards/sam4e_xplained_pro/init.o
 .debug_macro   0x00015628      0x5b2 src/ASF/sam/drivers/pmc/pmc.o
 .debug_macro   0x00015bda       0x52 src/ASF/sam/drivers/pmc/pmc.o
 .debug_macro   0x00015c2c      0x3a4 src/ASF/sam/utils/cmsis/sam4e/source/templates/exceptions.o
 .debug_macro   0x00015fd0      0x5b6 src/ASF/sam/utils/cmsis/sam4e/source/templates/gcc/startup_sam4e.o
 .debug_macro   0x00016586       0x10 src/ASF/sam/utils/cmsis/sam4e/source/templates/gcc/startup_sam4e.o
 .debug_macro   0x00016596      0x3b2 src/ASF/sam/utils/cmsis/sam4e/source/templates/system_sam4e.o
 .debug_macro   0x00016948      0x735 src/main.o
 .debug_macro   0x0001707d      0x13c src/main.o
 .debug_macro   0x000171b9       0x86 src/main.o
 .debug_macro   0x0001723f       0x7e src/main.o

.debug_line     0x00000000     0x86bb
 .debug_line    0x00000000      0x441 src/FreeRTOS/list.o
 .debug_line    0x00000441      0x4ca src/FreeRTOS/portable/GCC/ARM_CM4F/port.o
 .debug_line    0x0000090b      0x548 src/FreeRTOS/portable/MemMang/heap_5.o
 .debug_line    0x00000e53      0xb52 src/FreeRTOS/queue.o
 .debug_line    0x000019a5      0xbc7 src/FreeRTOS/tasks.o
 .debug_line    0x0000256c      0x67d src/FreeRTOS/timers.o
 .debug_line    0x00002be9      0xb44 src/mytasks.o
 .debug_line    0x0000372d      0xa9b src/ASF/common/services/clock/sam4e/sysclk.o
 .debug_line    0x000041c8      0x918 src/ASF/common/utils/interrupt/interrupt_sam_nvic.o
 .debug_line    0x00004ae0      0xaa2 src/ASF/sam/boards/sam4e_xplained_pro/init.o
 .debug_line    0x00005582      0xe11 src/ASF/sam/drivers/pmc/pmc.o
 .debug_line    0x00006393      0x67f src/ASF/sam/utils/cmsis/sam4e/source/templates/exceptions.o
 .debug_line    0x00006a12      0x986 src/ASF/sam/utils/cmsis/sam4e/source/templates/gcc/startup_sam4e.o
 .debug_line    0x00007398      0x702 src/ASF/sam/utils/cmsis/sam4e/source/templates/system_sam4e.o
 .debug_line    0x00007a9a      0xc21 src/main.o

.debug_str      0x00000000    0x6a9f6
 .debug_str     0x00000000     0x9d97 src/FreeRTOS/list.o
                               0xa00f (size before relaxing)
 .debug_str     0x00009d97     0x1ad0 src/FreeRTOS/portable/GCC/ARM_CM4F/port.o
                               0x8c1c (size before relaxing)
 .debug_str     0x0000b867      0x3d2 src/FreeRTOS/portable/MemMang/heap_5.o
                               0xb55c (size before relaxing)
 .debug_str     0x0000bc39     0x1183 src/FreeRTOS/queue.o
                               0xc4e3 (size before relaxing)
 .debug_str     0x0000cdbc     0x2aa2 src/FreeRTOS/tasks.o
                               0xe09d (size before relaxing)
 .debug_str     0x0000f85e      0x578 src/FreeRTOS/timers.o
                               0xc874 (size before relaxing)
 .debug_str     0x0000fdd6    0x58f51 src/mytasks.o
                              0x60956 (size before relaxing)
 .debug_str     0x00068d27      0x3e3 src/ASF/common/services/clock/sam4e/sysclk.o
                              0x603e9 (size before relaxing)
 .debug_str     0x0006910a       0x94 src/ASF/common/utils/interrupt/interrupt_sam_nvic.o
                              0x5baa4 (size before relaxing)
 .debug_str     0x0006919e      0x391 src/ASF/sam/boards/sam4e_xplained_pro/init.o
                              0x609d9 (size before relaxing)
 .debug_str     0x0006952f      0x5c0 src/ASF/sam/drivers/pmc/pmc.o
                              0x5c42c (size before relaxing)
 .debug_str     0x00069aef       0x4d src/ASF/sam/utils/cmsis/sam4e/source/templates/exceptions.o
                              0x4b21a (size before relaxing)
 .debug_str     0x00069b3c      0x50e src/ASF/sam/utils/cmsis/sam4e/source/templates/gcc/startup_sam4e.o
                              0x5c05b (size before relaxing)
 .debug_str     0x0006a04a      0x17b src/ASF/sam/utils/cmsis/sam4e/source/templates/system_sam4e.o
                              0x4b4e4 (size before relaxing)
 .debug_str     0x0006a1c5      0x831 src/main.o
                              0x66789 (size before relaxing)

.debug_frame    0x00000000     0x1478
 .debug_frame   0x00000000       0x6c src/FreeRTOS/list.o
 .debug_frame   0x0000006c      0x124 src/FreeRTOS/portable/GCC/ARM_CM4F/port.o
 .debug_frame   0x00000190       0xd4 src/FreeRTOS/portable/MemMang/heap_5.o
 .debug_frame   0x00000264      0x3fc src/FreeRTOS/queue.o
 .debug_frame   0x00000660      0x450 src/FreeRTOS/tasks.o
 .debug_frame   0x00000ab0      0x228 src/FreeRTOS/timers.o
 .debug_frame   0x00000cd8       0x40 src/mytasks.o
 .debug_frame   0x00000d18       0x88 src/ASF/common/services/clock/sam4e/sysclk.o
 .debug_frame   0x00000da0       0x30 src/ASF/common/utils/interrupt/interrupt_sam_nvic.o
 .debug_frame   0x00000dd0       0x28 src/ASF/sam/boards/sam4e_xplained_pro/init.o
 .debug_frame   0x00000df8      0x39c src/ASF/sam/drivers/pmc/pmc.o
 .debug_frame   0x00001194       0x20 src/ASF/sam/utils/cmsis/sam4e/source/templates/exceptions.o
 .debug_frame   0x000011b4       0x28 src/ASF/sam/utils/cmsis/sam4e/source/templates/gcc/startup_sam4e.o
 .debug_frame   0x000011dc       0x40 src/ASF/sam/utils/cmsis/sam4e/source/templates/system_sam4e.o
 .debug_frame   0x0000121c       0x68 src/main.o
 .debug_frame   0x00001284       0x2c d:/college/applications/atmel/7.0/toolchain/arm/arm-gnu-toolchain/bin/../lib/gcc/arm-none-eabi/6.3.1/../../../../arm-none-eabi/lib/thumb/v7e-m\libc.a(lib_a-init.o)
 .debug_frame   0x000012b0       0x34 d:/college/applications/atmel/7.0/toolchain/arm/arm-gnu-toolchain/bin/../lib/gcc/arm-none-eabi/6.3.1/../../../../arm-none-eabi/lib/thumb/v7e-m\libc.a(lib_a-memset.o)
 .debug_frame   0x000012e4       0x5c d:/college/applications/atmel/7.0/toolchain/arm/arm-gnu-toolchain/bin/../lib/gcc/arm-none-eabi/6.3.1/../../../../arm-none-eabi/lib/thumb/v7e-m\libc.a(lib_a-__call_atexit.o)
 .debug_frame   0x00001340       0x20 d:/college/applications/atmel/7.0/toolchain/arm/arm-gnu-toolchain/bin/../lib/gcc/arm-none-eabi/6.3.1/../../../../arm-none-eabi/lib/thumb/v7e-m\libc.a(lib_a-atexit.o)
 .debug_frame   0x00001360       0x34 d:/college/applications/atmel/7.0/toolchain/arm/arm-gnu-toolchain/bin/../lib/gcc/arm-none-eabi/6.3.1/../../../../arm-none-eabi/lib/thumb/v7e-m\libc.a(lib_a-fini.o)
 .debug_frame   0x00001394       0xb0 d:/college/applications/atmel/7.0/toolchain/arm/arm-gnu-toolchain/bin/../lib/gcc/arm-none-eabi/6.3.1/../../../../arm-none-eabi/lib/thumb/v7e-m\libc.a(lib_a-lock.o)
 .debug_frame   0x00001444       0x34 d:/college/applications/atmel/7.0/toolchain/arm/arm-gnu-toolchain/bin/../lib/gcc/arm-none-eabi/6.3.1/../../../../arm-none-eabi/lib/thumb/v7e-m\libc.a(lib_a-__atexit.o)

Cross Reference Table

Symbol                                            File
ACC_Handler                                       src/ASF/sam/utils/cmsis/sam4e/source/templates/exceptions.o
                                                  src/ASF/sam/utils/cmsis/sam4e/source/templates/gcc/startup_sam4e.o
AES_Handler                                       src/ASF/sam/utils/cmsis/sam4e/source/templates/exceptions.o
                                                  src/ASF/sam/utils/cmsis/sam4e/source/templates/gcc/startup_sam4e.o
AFEC0_Handler                                     src/ASF/sam/utils/cmsis/sam4e/source/templates/exceptions.o
                                                  src/ASF/sam/utils/cmsis/sam4e/source/templates/gcc/startup_sam4e.o
AFEC1_Handler                                     src/ASF/sam/utils/cmsis/sam4e/source/templates/exceptions.o
                                                  src/ASF/sam/utils/cmsis/sam4e/source/templates/gcc/startup_sam4e.o
ARM_Handler                                       src/ASF/sam/utils/cmsis/sam4e/source/templates/exceptions.o
                                                  src/ASF/sam/utils/cmsis/sam4e/source/templates/gcc/startup_sam4e.o
BusFault_Handler                                  src/ASF/sam/utils/cmsis/sam4e/source/templates/exceptions.o
                                                  src/ASF/sam/utils/cmsis/sam4e/source/templates/gcc/startup_sam4e.o
CAN0_Handler                                      src/ASF/sam/utils/cmsis/sam4e/source/templates/exceptions.o
                                                  src/ASF/sam/utils/cmsis/sam4e/source/templates/gcc/startup_sam4e.o
CAN1_Handler                                      src/ASF/sam/utils/cmsis/sam4e/source/templates/exceptions.o
                                                  src/ASF/sam/utils/cmsis/sam4e/source/templates/gcc/startup_sam4e.o
DACC_Handler                                      src/ASF/sam/utils/cmsis/sam4e/source/templates/exceptions.o
                                                  src/ASF/sam/utils/cmsis/sam4e/source/templates/gcc/startup_sam4e.o
DMAC_Handler                                      src/ASF/sam/utils/cmsis/sam4e/source/templates/exceptions.o
                                                  src/ASF/sam/utils/cmsis/sam4e/source/templates/gcc/startup_sam4e.o
DebugMon_Handler                                  src/ASF/sam/utils/cmsis/sam4e/source/templates/exceptions.o
                                                  src/ASF/sam/utils/cmsis/sam4e/source/templates/gcc/startup_sam4e.o
Dummy_Handler                                     src/ASF/sam/utils/cmsis/sam4e/source/templates/exceptions.o
                                                  src/ASF/sam/utils/cmsis/sam4e/source/templates/gcc/startup_sam4e.o
EFC_Handler                                       src/ASF/sam/utils/cmsis/sam4e/source/templates/exceptions.o
                                                  src/ASF/sam/utils/cmsis/sam4e/source/templates/gcc/startup_sam4e.o
GMAC_Handler                                      src/ASF/sam/utils/cmsis/sam4e/source/templates/exceptions.o
                                                  src/ASF/sam/utils/cmsis/sam4e/source/templates/gcc/startup_sam4e.o
HSMCI_Handler                                     src/ASF/sam/utils/cmsis/sam4e/source/templates/exceptions.o
                                                  src/ASF/sam/utils/cmsis/sam4e/source/templates/gcc/startup_sam4e.o
HardFault_Handler                                 src/ASF/sam/utils/cmsis/sam4e/source/templates/exceptions.o
                                                  src/ASF/sam/utils/cmsis/sam4e/source/templates/gcc/startup_sam4e.o
MemManage_Handler                                 src/ASF/sam/utils/cmsis/sam4e/source/templates/exceptions.o
                                                  src/ASF/sam/utils/cmsis/sam4e/source/templates/gcc/startup_sam4e.o
NMI_Handler                                       src/ASF/sam/utils/cmsis/sam4e/source/templates/exceptions.o
                                                  src/ASF/sam/utils/cmsis/sam4e/source/templates/gcc/startup_sam4e.o
PIOA_Handler                                      src/ASF/sam/utils/cmsis/sam4e/source/templates/exceptions.o
                                                  src/ASF/sam/utils/cmsis/sam4e/source/templates/gcc/startup_sam4e.o
PIOB_Handler                                      src/ASF/sam/utils/cmsis/sam4e/source/templates/exceptions.o
                                                  src/ASF/sam/utils/cmsis/sam4e/source/templates/gcc/startup_sam4e.o
PIOC_Handler                                      src/ASF/sam/utils/cmsis/sam4e/source/templates/exceptions.o
                                                  src/ASF/sam/utils/cmsis/sam4e/source/templates/gcc/startup_sam4e.o
PIOD_Handler                                      src/ASF/sam/utils/cmsis/sam4e/source/templates/exceptions.o
                                                  src/ASF/sam/utils/cmsis/sam4e/source/templates/gcc/startup_sam4e.o
PIOE_Handler                                      src/ASF/sam/utils/cmsis/sam4e/source/templates/exceptions.o
                                                  src/ASF/sam/utils/cmsis/sam4e/source/templates/gcc/startup_sam4e.o
PMC_Handler                                       src/ASF/sam/utils/cmsis/sam4e/source/templates/exceptions.o
                                                  src/ASF/sam/utils/cmsis/sam4e/source/templates/gcc/startup_sam4e.o
PWM_Handler                                       src/ASF/sam/utils/cmsis/sam4e/source/templates/exceptions.o
                                                  src/ASF/sam/utils/cmsis/sam4e/source/templates/gcc/startup_sam4e.o
PendSV_Handler                                    src/FreeRTOS/portable/GCC/ARM_CM4F/port.o
                                                  src/ASF/sam/utils/cmsis/sam4e/source/templates/gcc/startup_sam4e.o
RSTC_Handler                                      src/ASF/sam/utils/cmsis/sam4e/source/templates/exceptions.o
                                                  src/ASF/sam/utils/cmsis/sam4e/source/templates/gcc/startup_sam4e.o
RTC_Handler                                       src/ASF/sam/utils/cmsis/sam4e/source/templates/exceptions.o
                                                  src/ASF/sam/utils/cmsis/sam4e/source/templates/gcc/startup_sam4e.o
RTT_Handler                                       src/ASF/sam/utils/cmsis/sam4e/source/templates/exceptions.o
                                                  src/ASF/sam/utils/cmsis/sam4e/source/templates/gcc/startup_sam4e.o
Reset_Handler                                     src/ASF/sam/utils/cmsis/sam4e/source/templates/gcc/startup_sam4e.o
                                                  src/ASF/sam/utils/cmsis/sam4e/source/templates/exceptions.o
SMC_Handler                                       src/ASF/sam/utils/cmsis/sam4e/source/templates/exceptions.o
SPI_Handler                                       src/ASF/sam/utils/cmsis/sam4e/source/templates/exceptions.o
                                                  src/ASF/sam/utils/cmsis/sam4e/source/templates/gcc/startup_sam4e.o
SUPC_Handler                                      src/ASF/sam/utils/cmsis/sam4e/source/templates/exceptions.o
                                                  src/ASF/sam/utils/cmsis/sam4e/source/templates/gcc/startup_sam4e.o
SVC_Handler                                       src/FreeRTOS/portable/GCC/ARM_CM4F/port.o
                                                  src/ASF/sam/utils/cmsis/sam4e/source/templates/gcc/startup_sam4e.o
SysTick_Handler                                   src/FreeRTOS/portable/GCC/ARM_CM4F/port.o
                                                  src/ASF/sam/utils/cmsis/sam4e/source/templates/gcc/startup_sam4e.o
SystemCoreClock                                   src/ASF/sam/utils/cmsis/sam4e/source/templates/system_sam4e.o
                                                  src/FreeRTOS/portable/GCC/ARM_CM4F/port.o
SystemCoreClockUpdate                             src/ASF/sam/utils/cmsis/sam4e/source/templates/system_sam4e.o
                                                  src/ASF/common/services/clock/sam4e/sysclk.o
SystemInit                                        src/ASF/sam/utils/cmsis/sam4e/source/templates/system_sam4e.o
TC0_Handler                                       src/ASF/sam/utils/cmsis/sam4e/source/templates/exceptions.o
                                                  src/ASF/sam/utils/cmsis/sam4e/source/templates/gcc/startup_sam4e.o
TC1_Handler                                       src/ASF/sam/utils/cmsis/sam4e/source/templates/exceptions.o
                                                  src/ASF/sam/utils/cmsis/sam4e/source/templates/gcc/startup_sam4e.o
TC2_Handler                                       src/ASF/sam/utils/cmsis/sam4e/source/templates/exceptions.o
                                                  src/ASF/sam/utils/cmsis/sam4e/source/templates/gcc/startup_sam4e.o
TC3_Handler                                       src/ASF/sam/utils/cmsis/sam4e/source/templates/exceptions.o
                                                  src/ASF/sam/utils/cmsis/sam4e/source/templates/gcc/startup_sam4e.o
TC4_Handler                                       src/ASF/sam/utils/cmsis/sam4e/source/templates/exceptions.o
                                                  src/ASF/sam/utils/cmsis/sam4e/source/templates/gcc/startup_sam4e.o
TC5_Handler                                       src/ASF/sam/utils/cmsis/sam4e/source/templates/exceptions.o
                                                  src/ASF/sam/utils/cmsis/sam4e/source/templates/gcc/startup_sam4e.o
TC6_Handler                                       src/ASF/sam/utils/cmsis/sam4e/source/templates/exceptions.o
                                                  src/ASF/sam/utils/cmsis/sam4e/source/templates/gcc/startup_sam4e.o
TC7_Handler                                       src/ASF/sam/utils/cmsis/sam4e/source/templates/exceptions.o
                                                  src/ASF/sam/utils/cmsis/sam4e/source/templates/gcc/startup_sam4e.o
TC8_Handler                                       src/ASF/sam/utils/cmsis/sam4e/source/templates/exceptions.o
                                                  src/ASF/sam/utils/cmsis/sam4e/source/templates/gcc/startup_sam4e.o
TWI0_Handler                                      src/ASF/sam/utils/cmsis/sam4e/source/templates/exceptions.o
                                                  src/ASF/sam/utils/cmsis/sam4e/source/templates/gcc/startup_sam4e.o
TWI1_Handler                                      src/ASF/sam/utils/cmsis/sam4e/source/templates/exceptions.o
                                                  src/ASF/sam/utils/cmsis/sam4e/source/templates/gcc/startup_sam4e.o
UART0_Handler                                     src/ASF/sam/utils/cmsis/sam4e/source/templates/exceptions.o
                                                  src/ASF/sam/utils/cmsis/sam4e/source/templates/gcc/startup_sam4e.o
UART1_Handler                                     src/ASF/sam/utils/cmsis/sam4e/source/templates/exceptions.o
                                                  src/ASF/sam/utils/cmsis/sam4e/source/templates/gcc/startup_sam4e.o
UDP_Handler                                       src/ASF/sam/utils/cmsis/sam4e/source/templates/exceptions.o
                                                  src/ASF/sam/utils/cmsis/sam4e/source/templates/gcc/startup_sam4e.o
USART0_Handler                                    src/ASF/sam/utils/cmsis/sam4e/source/templates/exceptions.o
                                                  src/ASF/sam/utils/cmsis/sam4e/source/templates/gcc/startup_sam4e.o
USART1_Handler                                    src/ASF/sam/utils/cmsis/sam4e/source/templates/exceptions.o
                                                  src/ASF/sam/utils/cmsis/sam4e/source/templates/gcc/startup_sam4e.o
UsageFault_Handler                                src/ASF/sam/utils/cmsis/sam4e/source/templates/exceptions.o
                                                  src/ASF/sam/utils/cmsis/sam4e/source/templates/gcc/startup_sam4e.o
WDT_Handler                                       src/ASF/sam/utils/cmsis/sam4e/source/templates/exceptions.o
                                                  src/ASF/sam/utils/cmsis/sam4e/source/templates/gcc/startup_sam4e.o
_Jv_RegisterClasses                               d:/college/applications/atmel/7.0/toolchain/arm/arm-gnu-toolchain/bin/../lib/gcc/arm-none-eabi/6.3.1/thumb/v7e-m/crtbegin.o
__atexit_recursive_mutex                          d:/college/applications/atmel/7.0/toolchain/arm/arm-gnu-toolchain/bin/../lib/gcc/arm-none-eabi/6.3.1/../../../../arm-none-eabi/lib/thumb/v7e-m\libc.a(lib_a-__call_atexit.o)
                                                  d:/college/applications/atmel/7.0/toolchain/arm/arm-gnu-toolchain/bin/../lib/gcc/arm-none-eabi/6.3.1/../../../../arm-none-eabi/lib/thumb/v7e-m\libc.a(lib_a-__atexit.o)
__bss_end__                                       d:/college/applications/atmel/7.0/toolchain/arm/arm-gnu-toolchain/bin/../lib/gcc/arm-none-eabi/6.3.1/../../../../arm-none-eabi/lib/thumb/v7e-m/crt0.o
__bss_start__                                     d:/college/applications/atmel/7.0/toolchain/arm/arm-gnu-toolchain/bin/../lib/gcc/arm-none-eabi/6.3.1/../../../../arm-none-eabi/lib/thumb/v7e-m/crt0.o
__call_exitprocs                                  d:/college/applications/atmel/7.0/toolchain/arm/arm-gnu-toolchain/bin/../lib/gcc/arm-none-eabi/6.3.1/../../../../arm-none-eabi/lib/thumb/v7e-m\libc.a(lib_a-__call_atexit.o)
                                                  d:/college/applications/atmel/7.0/toolchain/arm/arm-gnu-toolchain/bin/../lib/gcc/arm-none-eabi/6.3.1/../../../../arm-none-eabi/lib/thumb/v7e-m\libc.a(lib_a-exit.o)
__deregister_frame_info                           d:/college/applications/atmel/7.0/toolchain/arm/arm-gnu-toolchain/bin/../lib/gcc/arm-none-eabi/6.3.1/thumb/v7e-m/crtbegin.o
__dso_handle                                      d:/college/applications/atmel/7.0/toolchain/arm/arm-gnu-toolchain/bin/../lib/gcc/arm-none-eabi/6.3.1/thumb/v7e-m/crtbegin.o
__fini_array_end                                  d:/college/applications/atmel/7.0/toolchain/arm/arm-gnu-toolchain/bin/../lib/gcc/arm-none-eabi/6.3.1/../../../../arm-none-eabi/lib/thumb/v7e-m\libc.a(lib_a-fini.o)
__fini_array_start                                d:/college/applications/atmel/7.0/toolchain/arm/arm-gnu-toolchain/bin/../lib/gcc/arm-none-eabi/6.3.1/../../../../arm-none-eabi/lib/thumb/v7e-m\libc.a(lib_a-fini.o)
__init_array_end                                  d:/college/applications/atmel/7.0/toolchain/arm/arm-gnu-toolchain/bin/../lib/gcc/arm-none-eabi/6.3.1/../../../../arm-none-eabi/lib/thumb/v7e-m\libc.a(lib_a-init.o)
__init_array_start                                d:/college/applications/atmel/7.0/toolchain/arm/arm-gnu-toolchain/bin/../lib/gcc/arm-none-eabi/6.3.1/../../../../arm-none-eabi/lib/thumb/v7e-m\libc.a(lib_a-init.o)
__libc_fini                                       d:/college/applications/atmel/7.0/toolchain/arm/arm-gnu-toolchain/bin/../lib/gcc/arm-none-eabi/6.3.1/../../../../arm-none-eabi/lib/thumb/v7e-m\libc.a(lib_a-__call_atexit.o)
__libc_fini_array                                 d:/college/applications/atmel/7.0/toolchain/arm/arm-gnu-toolchain/bin/../lib/gcc/arm-none-eabi/6.3.1/../../../../arm-none-eabi/lib/thumb/v7e-m\libc.a(lib_a-fini.o)
                                                  d:/college/applications/atmel/7.0/toolchain/arm/arm-gnu-toolchain/bin/../lib/gcc/arm-none-eabi/6.3.1/../../../../arm-none-eabi/lib/thumb/v7e-m\libc.a(lib_a-__call_atexit.o)
                                                  d:/college/applications/atmel/7.0/toolchain/arm/arm-gnu-toolchain/bin/../lib/gcc/arm-none-eabi/6.3.1/../../../../arm-none-eabi/lib/thumb/v7e-m/crt0.o
__libc_init_array                                 d:/college/applications/atmel/7.0/toolchain/arm/arm-gnu-toolchain/bin/../lib/gcc/arm-none-eabi/6.3.1/../../../../arm-none-eabi/lib/thumb/v7e-m\libc.a(lib_a-init.o)
                                                  src/ASF/sam/utils/cmsis/sam4e/source/templates/gcc/startup_sam4e.o
                                                  d:/college/applications/atmel/7.0/toolchain/arm/arm-gnu-toolchain/bin/../lib/gcc/arm-none-eabi/6.3.1/../../../../arm-none-eabi/lib/thumb/v7e-m/crt0.o
__lock___arc4random_mutex                         d:/college/applications/atmel/7.0/toolchain/arm/arm-gnu-toolchain/bin/../lib/gcc/arm-none-eabi/6.3.1/../../../../arm-none-eabi/lib/thumb/v7e-m\libc.a(lib_a-lock.o)
__lock___at_quick_exit_mutex                      d:/college/applications/atmel/7.0/toolchain/arm/arm-gnu-toolchain/bin/../lib/gcc/arm-none-eabi/6.3.1/../../../../arm-none-eabi/lib/thumb/v7e-m\libc.a(lib_a-lock.o)
__lock___atexit_recursive_mutex                   d:/college/applications/atmel/7.0/toolchain/arm/arm-gnu-toolchain/bin/../lib/gcc/arm-none-eabi/6.3.1/../../../../arm-none-eabi/lib/thumb/v7e-m\libc.a(lib_a-lock.o)
                                                  d:/college/applications/atmel/7.0/toolchain/arm/arm-gnu-toolchain/bin/../lib/gcc/arm-none-eabi/6.3.1/../../../../arm-none-eabi/lib/thumb/v7e-m\libc.a(lib_a-__call_atexit.o)
__lock___dd_hash_mutex                            d:/college/applications/atmel/7.0/toolchain/arm/arm-gnu-toolchain/bin/../lib/gcc/arm-none-eabi/6.3.1/../../../../arm-none-eabi/lib/thumb/v7e-m\libc.a(lib_a-lock.o)
__lock___env_recursive_mutex                      d:/college/applications/atmel/7.0/toolchain/arm/arm-gnu-toolchain/bin/../lib/gcc/arm-none-eabi/6.3.1/../../../../arm-none-eabi/lib/thumb/v7e-m\libc.a(lib_a-lock.o)
__lock___malloc_recursive_mutex                   d:/college/applications/atmel/7.0/toolchain/arm/arm-gnu-toolchain/bin/../lib/gcc/arm-none-eabi/6.3.1/../../../../arm-none-eabi/lib/thumb/v7e-m\libc.a(lib_a-lock.o)
__lock___sfp_recursive_mutex                      d:/college/applications/atmel/7.0/toolchain/arm/arm-gnu-toolchain/bin/../lib/gcc/arm-none-eabi/6.3.1/../../../../arm-none-eabi/lib/thumb/v7e-m\libc.a(lib_a-lock.o)
__lock___sinit_recursive_mutex                    d:/college/applications/atmel/7.0/toolchain/arm/arm-gnu-toolchain/bin/../lib/gcc/arm-none-eabi/6.3.1/../../../../arm-none-eabi/lib/thumb/v7e-m\libc.a(lib_a-lock.o)
__lock___tz_mutex                                 d:/college/applications/atmel/7.0/toolchain/arm/arm-gnu-toolchain/bin/../lib/gcc/arm-none-eabi/6.3.1/../../../../arm-none-eabi/lib/thumb/v7e-m\libc.a(lib_a-lock.o)
__preinit_array_end                               d:/college/applications/atmel/7.0/toolchain/arm/arm-gnu-toolchain/bin/../lib/gcc/arm-none-eabi/6.3.1/../../../../arm-none-eabi/lib/thumb/v7e-m\libc.a(lib_a-init.o)
__preinit_array_start                             d:/college/applications/atmel/7.0/toolchain/arm/arm-gnu-toolchain/bin/../lib/gcc/arm-none-eabi/6.3.1/../../../../arm-none-eabi/lib/thumb/v7e-m\libc.a(lib_a-init.o)
__ram_end__                                       src/ASF/sam/utils/syscalls/gcc/syscalls.o
__register_exitproc                               d:/college/applications/atmel/7.0/toolchain/arm/arm-gnu-toolchain/bin/../lib/gcc/arm-none-eabi/6.3.1/../../../../arm-none-eabi/lib/thumb/v7e-m\libc.a(lib_a-__atexit.o)
                                                  d:/college/applications/atmel/7.0/toolchain/arm/arm-gnu-toolchain/bin/../lib/gcc/arm-none-eabi/6.3.1/../../../../arm-none-eabi/lib/thumb/v7e-m\libc.a(lib_a-atexit.o)
__register_frame_info                             d:/college/applications/atmel/7.0/toolchain/arm/arm-gnu-toolchain/bin/../lib/gcc/arm-none-eabi/6.3.1/thumb/v7e-m/crtbegin.o
__retarget_lock_acquire                           d:/college/applications/atmel/7.0/toolchain/arm/arm-gnu-toolchain/bin/../lib/gcc/arm-none-eabi/6.3.1/../../../../arm-none-eabi/lib/thumb/v7e-m\libc.a(lib_a-lock.o)
__retarget_lock_acquire_recursive                 d:/college/applications/atmel/7.0/toolchain/arm/arm-gnu-toolchain/bin/../lib/gcc/arm-none-eabi/6.3.1/../../../../arm-none-eabi/lib/thumb/v7e-m\libc.a(lib_a-lock.o)
                                                  d:/college/applications/atmel/7.0/toolchain/arm/arm-gnu-toolchain/bin/../lib/gcc/arm-none-eabi/6.3.1/../../../../arm-none-eabi/lib/thumb/v7e-m\libc.a(lib_a-__atexit.o)
                                                  d:/college/applications/atmel/7.0/toolchain/arm/arm-gnu-toolchain/bin/../lib/gcc/arm-none-eabi/6.3.1/../../../../arm-none-eabi/lib/thumb/v7e-m\libc.a(lib_a-__call_atexit.o)
__retarget_lock_close                             d:/college/applications/atmel/7.0/toolchain/arm/arm-gnu-toolchain/bin/../lib/gcc/arm-none-eabi/6.3.1/../../../../arm-none-eabi/lib/thumb/v7e-m\libc.a(lib_a-lock.o)
__retarget_lock_close_recursive                   d:/college/applications/atmel/7.0/toolchain/arm/arm-gnu-toolchain/bin/../lib/gcc/arm-none-eabi/6.3.1/../../../../arm-none-eabi/lib/thumb/v7e-m\libc.a(lib_a-lock.o)
__retarget_lock_init                              d:/college/applications/atmel/7.0/toolchain/arm/arm-gnu-toolchain/bin/../lib/gcc/arm-none-eabi/6.3.1/../../../../arm-none-eabi/lib/thumb/v7e-m\libc.a(lib_a-lock.o)
__retarget_lock_init_recursive                    d:/college/applications/atmel/7.0/toolchain/arm/arm-gnu-toolchain/bin/../lib/gcc/arm-none-eabi/6.3.1/../../../../arm-none-eabi/lib/thumb/v7e-m\libc.a(lib_a-lock.o)
__retarget_lock_release                           d:/college/applications/atmel/7.0/toolchain/arm/arm-gnu-toolchain/bin/../lib/gcc/arm-none-eabi/6.3.1/../../../../arm-none-eabi/lib/thumb/v7e-m\libc.a(lib_a-lock.o)
__retarget_lock_release_recursive                 d:/college/applications/atmel/7.0/toolchain/arm/arm-gnu-toolchain/bin/../lib/gcc/arm-none-eabi/6.3.1/../../../../arm-none-eabi/lib/thumb/v7e-m\libc.a(lib_a-lock.o)
                                                  d:/college/applications/atmel/7.0/toolchain/arm/arm-gnu-toolchain/bin/../lib/gcc/arm-none-eabi/6.3.1/../../../../arm-none-eabi/lib/thumb/v7e-m\libc.a(lib_a-__atexit.o)
                                                  d:/college/applications/atmel/7.0/toolchain/arm/arm-gnu-toolchain/bin/../lib/gcc/arm-none-eabi/6.3.1/../../../../arm-none-eabi/lib/thumb/v7e-m\libc.a(lib_a-__call_atexit.o)
__retarget_lock_try_acquire                       d:/college/applications/atmel/7.0/toolchain/arm/arm-gnu-toolchain/bin/../lib/gcc/arm-none-eabi/6.3.1/../../../../arm-none-eabi/lib/thumb/v7e-m\libc.a(lib_a-lock.o)
__retarget_lock_try_acquire_recursive             d:/college/applications/atmel/7.0/toolchain/arm/arm-gnu-toolchain/bin/../lib/gcc/arm-none-eabi/6.3.1/../../../../arm-none-eabi/lib/thumb/v7e-m\libc.a(lib_a-lock.o)
__stack                                           d:/college/applications/atmel/7.0/toolchain/arm/arm-gnu-toolchain/bin/../lib/gcc/arm-none-eabi/6.3.1/../../../../arm-none-eabi/lib/thumb/v7e-m/crt0.o
_close                                            src/ASF/sam/utils/syscalls/gcc/syscalls.o
_end                                              src/ASF/sam/utils/syscalls/gcc/syscalls.o
_erelocate                                        src/ASF/sam/utils/cmsis/sam4e/source/templates/gcc/startup_sam4e.o
_estack                                           src/main.o
                                                  src/ASF/sam/utils/cmsis/sam4e/source/templates/gcc/startup_sam4e.o
_etext                                            src/ASF/sam/utils/cmsis/sam4e/source/templates/gcc/startup_sam4e.o
_exit                                             src/ASF/sam/utils/syscalls/gcc/syscalls.o
                                                  d:/college/applications/atmel/7.0/toolchain/arm/arm-gnu-toolchain/bin/../lib/gcc/arm-none-eabi/6.3.1/../../../../arm-none-eabi/lib/thumb/v7e-m\libc.a(lib_a-exit.o)
_ezero                                            src/ASF/sam/utils/cmsis/sam4e/source/templates/gcc/startup_sam4e.o
_fini                                             d:/college/applications/atmel/7.0/toolchain/arm/arm-gnu-toolchain/bin/../lib/gcc/arm-none-eabi/6.3.1/thumb/v7e-m/crti.o
                                                  d:/college/applications/atmel/7.0/toolchain/arm/arm-gnu-toolchain/bin/../lib/gcc/arm-none-eabi/6.3.1/../../../../arm-none-eabi/lib/thumb/v7e-m\libc.a(lib_a-fini.o)
_fstat                                            src/ASF/sam/utils/syscalls/gcc/syscalls.o
_getpid                                           src/ASF/sam/utils/syscalls/gcc/syscalls.o
_global_impure_ptr                                d:/college/applications/atmel/7.0/toolchain/arm/arm-gnu-toolchain/bin/../lib/gcc/arm-none-eabi/6.3.1/../../../../arm-none-eabi/lib/thumb/v7e-m\libc.a(lib_a-impure.o)
                                                  d:/college/applications/atmel/7.0/toolchain/arm/arm-gnu-toolchain/bin/../lib/gcc/arm-none-eabi/6.3.1/../../../../arm-none-eabi/lib/thumb/v7e-m\libc.a(lib_a-__atexit.o)
                                                  d:/college/applications/atmel/7.0/toolchain/arm/arm-gnu-toolchain/bin/../lib/gcc/arm-none-eabi/6.3.1/../../../../arm-none-eabi/lib/thumb/v7e-m\libc.a(lib_a-__call_atexit.o)
                                                  d:/college/applications/atmel/7.0/toolchain/arm/arm-gnu-toolchain/bin/../lib/gcc/arm-none-eabi/6.3.1/../../../../arm-none-eabi/lib/thumb/v7e-m\libc.a(lib_a-exit.o)
_impure_ptr                                       d:/college/applications/atmel/7.0/toolchain/arm/arm-gnu-toolchain/bin/../lib/gcc/arm-none-eabi/6.3.1/../../../../arm-none-eabi/lib/thumb/v7e-m\libc.a(lib_a-impure.o)
_init                                             d:/college/applications/atmel/7.0/toolchain/arm/arm-gnu-toolchain/bin/../lib/gcc/arm-none-eabi/6.3.1/thumb/v7e-m/crti.o
                                                  d:/college/applications/atmel/7.0/toolchain/arm/arm-gnu-toolchain/bin/../lib/gcc/arm-none-eabi/6.3.1/../../../../arm-none-eabi/lib/thumb/v7e-m\libc.a(lib_a-init.o)
_isatty                                           src/ASF/sam/utils/syscalls/gcc/syscalls.o
_kill                                             src/ASF/sam/utils/syscalls/gcc/syscalls.o
_lseek                                            src/ASF/sam/utils/syscalls/gcc/syscalls.o
_mainCRTStartup                                   d:/college/applications/atmel/7.0/toolchain/arm/arm-gnu-toolchain/bin/../lib/gcc/arm-none-eabi/6.3.1/../../../../arm-none-eabi/lib/thumb/v7e-m/crt0.o
_sbrk                                             src/ASF/sam/utils/syscalls/gcc/syscalls.o
_sfixed                                           src/ASF/sam/utils/cmsis/sam4e/source/templates/gcc/startup_sam4e.o
_srelocate                                        src/ASF/sam/utils/cmsis/sam4e/source/templates/gcc/startup_sam4e.o
_start                                            d:/college/applications/atmel/7.0/toolchain/arm/arm-gnu-toolchain/bin/../lib/gcc/arm-none-eabi/6.3.1/../../../../arm-none-eabi/lib/thumb/v7e-m/crt0.o
_szero                                            src/ASF/sam/utils/cmsis/sam4e/source/templates/gcc/startup_sam4e.o
atexit                                            d:/college/applications/atmel/7.0/toolchain/arm/arm-gnu-toolchain/bin/../lib/gcc/arm-none-eabi/6.3.1/../../../../arm-none-eabi/lib/thumb/v7e-m\libc.a(lib_a-atexit.o)
                                                  d:/college/applications/atmel/7.0/toolchain/arm/arm-gnu-toolchain/bin/../lib/gcc/arm-none-eabi/6.3.1/../../../../arm-none-eabi/lib/thumb/v7e-m\libc.a(lib_a-__call_atexit.o)
                                                  d:/college/applications/atmel/7.0/toolchain/arm/arm-gnu-toolchain/bin/../lib/gcc/arm-none-eabi/6.3.1/../../../../arm-none-eabi/lib/thumb/v7e-m/crt0.o
board_init                                        src/ASF/sam/boards/sam4e_xplained_pro/init.o
                                                  src/main.o
cpu_irq_enter_critical                            src/ASF/common/utils/interrupt/interrupt_sam_nvic.o
cpu_irq_leave_critical                            src/ASF/common/utils/interrupt/interrupt_sam_nvic.o
exception_table                                   src/ASF/sam/utils/cmsis/sam4e/source/templates/gcc/startup_sam4e.o
exit                                              d:/college/applications/atmel/7.0/toolchain/arm/arm-gnu-toolchain/bin/../lib/gcc/arm-none-eabi/6.3.1/../../../../arm-none-eabi/lib/thumb/v7e-m\libc.a(lib_a-exit.o)
                                                  d:/college/applications/atmel/7.0/toolchain/arm/arm-gnu-toolchain/bin/../lib/gcc/arm-none-eabi/6.3.1/../../../../arm-none-eabi/lib/thumb/v7e-m/crt0.o
free                                              d:/college/applications/atmel/7.0/toolchain/arm/arm-gnu-toolchain/bin/../lib/gcc/arm-none-eabi/6.3.1/../../../../arm-none-eabi/lib/thumb/v7e-m\libc.a(lib_a-__call_atexit.o)
g_interrupt_enabled                               src/ASF/common/utils/interrupt/interrupt_sam_nvic.o
                                                  src/ASF/sam/utils/cmsis/sam4e/source/templates/gcc/startup_sam4e.o
                                                  src/ASF/sam/drivers/pmc/sleep.o
hardware_init_hook                                d:/college/applications/atmel/7.0/toolchain/arm/arm-gnu-toolchain/bin/../lib/gcc/arm-none-eabi/6.3.1/../../../../arm-none-eabi/lib/thumb/v7e-m/crt0.o
link                                              src/ASF/sam/utils/syscalls/gcc/syscalls.o
main                                              src/main.o
                                                  src/ASF/sam/utils/cmsis/sam4e/source/templates/gcc/startup_sam4e.o
                                                  d:/college/applications/atmel/7.0/toolchain/arm/arm-gnu-toolchain/bin/../lib/gcc/arm-none-eabi/6.3.1/../../../../arm-none-eabi/lib/thumb/v7e-m/crt0.o
malloc                                            d:/college/applications/atmel/7.0/toolchain/arm/arm-gnu-toolchain/bin/../lib/gcc/arm-none-eabi/6.3.1/../../../../arm-none-eabi/lib/thumb/v7e-m\libc.a(lib_a-__atexit.o)
memcpy                                            d:/college/applications/atmel/7.0/toolchain/arm/arm-gnu-toolchain/bin/../lib/gcc/arm-none-eabi/6.3.1/../../../../arm-none-eabi/lib/thumb/v7e-m\libc.a(lib_a-memcpy.o)
                                                  src/FreeRTOS/queue.o
memset                                            d:/college/applications/atmel/7.0/toolchain/arm/arm-gnu-toolchain/bin/../lib/gcc/arm-none-eabi/6.3.1/../../../../arm-none-eabi/lib/thumb/v7e-m\libc.a(lib_a-memset.o)
                                                  src/FreeRTOS/tasks.o
                                                  d:/college/applications/atmel/7.0/toolchain/arm/arm-gnu-toolchain/bin/../lib/gcc/arm-none-eabi/6.3.1/../../../../arm-none-eabi/lib/thumb/v7e-m/crt0.o
myButtonTask                                      src/mytasks.o
myLEDTask                                         src/mytasks.o
                                                  src/main.o
pcQueueGetName                                    src/FreeRTOS/queue.o
pcTaskGetName                                     src/FreeRTOS/tasks.o
pcTimerGetName                                    src/FreeRTOS/timers.o
pmc_clr_fast_startup_input                        src/ASF/sam/drivers/pmc/pmc.o
pmc_disable_all_pck                               src/ASF/sam/drivers/pmc/pmc.o
pmc_disable_all_periph_clk                        src/ASF/sam/drivers/pmc/pmc.o
pmc_disable_clock_failure_detector                src/ASF/sam/drivers/pmc/pmc.o
pmc_disable_interrupt                             src/ASF/sam/drivers/pmc/pmc.o
pmc_disable_pck                                   src/ASF/sam/drivers/pmc/pmc.o
pmc_disable_periph_clk                            src/ASF/sam/drivers/pmc/pmc.o
pmc_disable_pllack                                src/ASF/sam/drivers/pmc/pmc.o
                                                  src/ASF/sam/drivers/pmc/sleep.o
                                                  src/ASF/common/services/clock/sam4e/sysclk.o
pmc_disable_udpck                                 src/ASF/sam/drivers/pmc/pmc.o
                                                  src/ASF/common/services/clock/sam4e/sysclk.o
pmc_enable_all_pck                                src/ASF/sam/drivers/pmc/pmc.o
pmc_enable_all_periph_clk                         src/ASF/sam/drivers/pmc/pmc.o
pmc_enable_backupmode                             src/ASF/sam/drivers/pmc/pmc.o
pmc_enable_clock_failure_detector                 src/ASF/sam/drivers/pmc/pmc.o
pmc_enable_interrupt                              src/ASF/sam/drivers/pmc/pmc.o
pmc_enable_pck                                    src/ASF/sam/drivers/pmc/pmc.o
pmc_enable_periph_clk                             src/ASF/sam/drivers/pmc/pmc.o
                                                  src/main.o
                                                  src/ASF/sam/boards/sam4e_xplained_pro/init.o
pmc_enable_pllack                                 src/ASF/sam/drivers/pmc/pmc.o
pmc_enable_sleepmode                              src/ASF/sam/drivers/pmc/pmc.o
pmc_enable_udpck                                  src/ASF/sam/drivers/pmc/pmc.o
                                                  src/ASF/common/services/clock/sam4e/sysclk.o
pmc_enable_waitmode                               src/ASF/sam/drivers/pmc/pmc.o
                                                  src/ASF/sam/drivers/pmc/sleep.o
pmc_get_interrupt_mask                            src/ASF/sam/drivers/pmc/pmc.o
pmc_get_status                                    src/ASF/sam/drivers/pmc/pmc.o
pmc_get_writeprotect_status                       src/ASF/sam/drivers/pmc/pmc.o
pmc_is_locked_pllack                              src/ASF/sam/drivers/pmc/pmc.o
                                                  src/ASF/common/services/clock/sam4e/sysclk.o
pmc_is_pck_enabled                                src/ASF/sam/drivers/pmc/pmc.o
pmc_is_periph_clk_enabled                         src/ASF/sam/drivers/pmc/pmc.o
pmc_is_wakeup_clocks_restored                     src/ASF/sam/drivers/pmc/sleep.o
pmc_mainck_osc_select                             src/ASF/sam/drivers/pmc/pmc.o
pmc_mck_set_prescaler                             src/ASF/sam/drivers/pmc/pmc.o
                                                  src/ASF/common/services/clock/sam4e/sysclk.o
pmc_mck_set_source                                src/ASF/sam/drivers/pmc/pmc.o
                                                  src/ASF/common/services/clock/sam4e/sysclk.o
pmc_osc_bypass_main_xtal                          src/ASF/sam/drivers/pmc/pmc.o
pmc_osc_disable_fastrc                            src/ASF/sam/drivers/pmc/pmc.o
pmc_osc_disable_main_xtal                         src/ASF/sam/drivers/pmc/pmc.o
pmc_osc_disable_xtal                              src/ASF/sam/drivers/pmc/pmc.o
pmc_osc_enable_fastrc                             src/ASF/sam/drivers/pmc/pmc.o
pmc_osc_enable_main_xtal                          src/ASF/sam/drivers/pmc/pmc.o
pmc_osc_is_bypassed_main_xtal                     src/ASF/sam/drivers/pmc/pmc.o
pmc_osc_is_ready_32kxtal                          src/ASF/sam/drivers/pmc/pmc.o
pmc_osc_is_ready_fastrc                           src/ASF/sam/drivers/pmc/pmc.o
pmc_osc_is_ready_main_xtal                        src/ASF/sam/drivers/pmc/pmc.o
pmc_osc_is_ready_mainck                           src/ASF/sam/drivers/pmc/pmc.o
                                                  src/ASF/common/services/clock/sam4e/sysclk.o
pmc_pck_set_prescaler                             src/ASF/sam/drivers/pmc/pmc.o
pmc_pck_set_source                                src/ASF/sam/drivers/pmc/pmc.o
pmc_set_fast_startup_input                        src/ASF/sam/drivers/pmc/pmc.o
pmc_set_flash_in_wait_mode                        src/ASF/sam/drivers/pmc/pmc.o
                                                  src/ASF/sam/drivers/pmc/sleep.o
pmc_set_writeprotect                              src/ASF/sam/drivers/pmc/pmc.o
pmc_sleep                                         src/ASF/sam/drivers/pmc/sleep.o
pmc_switch_mainck_to_fastrc                       src/ASF/sam/drivers/pmc/pmc.o
pmc_switch_mainck_to_xtal                         src/ASF/sam/drivers/pmc/pmc.o
                                                  src/ASF/common/services/clock/sam4e/sysclk.o
pmc_switch_mck_to_mainck                          src/ASF/sam/drivers/pmc/pmc.o
pmc_switch_mck_to_pllack                          src/ASF/sam/drivers/pmc/pmc.o
                                                  src/ASF/common/services/clock/sam4e/sysclk.o
pmc_switch_mck_to_sclk                            src/ASF/sam/drivers/pmc/pmc.o
pmc_switch_pck_to_mainck                          src/ASF/sam/drivers/pmc/pmc.o
pmc_switch_pck_to_mck                             src/ASF/sam/drivers/pmc/pmc.o
pmc_switch_pck_to_pllack                          src/ASF/sam/drivers/pmc/pmc.o
pmc_switch_pck_to_sclk                            src/ASF/sam/drivers/pmc/pmc.o
pmc_switch_sclk_to_32kxtal                        src/ASF/sam/drivers/pmc/pmc.o
pmc_switch_udpck_to_pllack                        src/ASF/sam/drivers/pmc/pmc.o
                                                  src/ASF/common/services/clock/sam4e/sysclk.o