Archive member included to satisfy reference by file (symbol)

d:/college/quartus/lite/nios2eds/bin/gnu/h-x86_64-mingw32/bin/../lib/gcc/nios2-elf/9.2.1/../../../../../H-x86_64-mingw32/nios2-elf/lib\libc.a(lib_a-memcpy.o)
                              obj/default/FreeRTOS/source/queue.o (memcpy)
d:/college/quartus/lite/nios2eds/bin/gnu/h-x86_64-mingw32/bin/../lib/gcc/nios2-elf/9.2.1/../../../../../H-x86_64-mingw32/nios2-elf/lib\libc.a(lib_a-memset.o)
                              obj/default/FreeRTOS/source/stream_buffer.o (memset)
D:/College/CST455/ProjectV2/software/TermProject_SW_bsp\libhal_bsp.a(alt_irq_handler.o)
                              obj/default/FreeRTOS/portable/GCC/NiosII/port.o (alt_irq)
D:/College/CST455/ProjectV2/software/TermProject_SW_bsp\libhal_bsp.a(alt_irq_vars.o)
                              obj/default/FreeRTOS/portable/GCC/NiosII/port.o (alt_irq_active)
D:/College/CST455/ProjectV2/software/TermProject_SW_bsp\libhal_bsp.a(alt_load.o)
                              D:/College/CST455/ProjectV2/software/TermProject_SW_bsp/obj/HAL/src/crt0.o (alt_load)
D:/College/CST455/ProjectV2/software/TermProject_SW_bsp\libhal_bsp.a(alt_main.o)
                              D:/College/CST455/ProjectV2/software/TermProject_SW_bsp/obj/HAL/src/crt0.o (alt_main)
D:/College/CST455/ProjectV2/software/TermProject_SW_bsp\libhal_bsp.a(alt_sys_init.o)
                              D:/College/CST455/ProjectV2/software/TermProject_SW_bsp\libhal_bsp.a(alt_main.o) (alt_irq_init)
D:/College/CST455/ProjectV2/software/TermProject_SW_bsp\libhal_bsp.a(altera_avalon_jtag_uart_fd.o)
                              D:/College/CST455/ProjectV2/software/TermProject_SW_bsp\libhal_bsp.a(alt_sys_init.o) (altera_avalon_jtag_uart_read_fd)
D:/College/CST455/ProjectV2/software/TermProject_SW_bsp\libhal_bsp.a(altera_avalon_jtag_uart_init.o)
                              D:/College/CST455/ProjectV2/software/TermProject_SW_bsp\libhal_bsp.a(alt_sys_init.o) (altera_avalon_jtag_uart_init)
D:/College/CST455/ProjectV2/software/TermProject_SW_bsp\libhal_bsp.a(altera_avalon_jtag_uart_ioctl.o)
                              D:/College/CST455/ProjectV2/software/TermProject_SW_bsp\libhal_bsp.a(altera_avalon_jtag_uart_fd.o) (altera_avalon_jtag_uart_ioctl)
D:/College/CST455/ProjectV2/software/TermProject_SW_bsp\libhal_bsp.a(altera_avalon_jtag_uart_read.o)
                              D:/College/CST455/ProjectV2/software/TermProject_SW_bsp\libhal_bsp.a(altera_avalon_jtag_uart_fd.o) (altera_avalon_jtag_uart_read)
D:/College/CST455/ProjectV2/software/TermProject_SW_bsp\libhal_bsp.a(altera_avalon_jtag_uart_write.o)
                              D:/College/CST455/ProjectV2/software/TermProject_SW_bsp\libhal_bsp.a(altera_avalon_jtag_uart_fd.o) (altera_avalon_jtag_uart_write)
D:/College/CST455/ProjectV2/software/TermProject_SW_bsp\libhal_bsp.a(altera_avalon_timer_sc.o)
                              D:/College/CST455/ProjectV2/software/TermProject_SW_bsp\libhal_bsp.a(alt_sys_init.o) (alt_avalon_timer_sc_init)
D:/College/CST455/ProjectV2/software/TermProject_SW_bsp\libhal_bsp.a(alt_alarm_start.o)
                              D:/College/CST455/ProjectV2/software/TermProject_SW_bsp\libhal_bsp.a(altera_avalon_jtag_uart_init.o) (alt_alarm_start)
D:/College/CST455/ProjectV2/software/TermProject_SW_bsp\libhal_bsp.a(alt_close.o)
                              D:/College/CST455/ProjectV2/software/TermProject_SW_bsp\libhal_bsp.a(alt_main.o) (close)
D:/College/CST455/ProjectV2/software/TermProject_SW_bsp\libhal_bsp.a(alt_dcache_flush_all.o)
                              D:/College/CST455/ProjectV2/software/TermProject_SW_bsp\libhal_bsp.a(alt_load.o) (alt_dcache_flush_all)
D:/College/CST455/ProjectV2/software/TermProject_SW_bsp\libhal_bsp.a(alt_dev.o)
                              D:/College/CST455/ProjectV2/software/TermProject_SW_bsp\libhal_bsp.a(alt_sys_init.o) (alt_dev_list)
D:/College/CST455/ProjectV2/software/TermProject_SW_bsp\libhal_bsp.a(alt_dev_llist_insert.o)
                              D:/College/CST455/ProjectV2/software/TermProject_SW_bsp\libhal_bsp.a(alt_sys_init.o) (alt_dev_llist_insert)
D:/College/CST455/ProjectV2/software/TermProject_SW_bsp\libhal_bsp.a(alt_do_ctors.o)
                              D:/College/CST455/ProjectV2/software/TermProject_SW_bsp\libhal_bsp.a(alt_main.o) (_do_ctors)
D:/College/CST455/ProjectV2/software/TermProject_SW_bsp\libhal_bsp.a(alt_do_dtors.o)
                              D:/College/CST455/ProjectV2/software/TermProject_SW_bsp\libhal_bsp.a(alt_main.o) (_do_dtors)
D:/College/CST455/ProjectV2/software/TermProject_SW_bsp\libhal_bsp.a(alt_errno.o)
                              D:/College/CST455/ProjectV2/software/TermProject_SW_bsp\libhal_bsp.a(alt_close.o) (alt_errno)
D:/College/CST455/ProjectV2/software/TermProject_SW_bsp\libhal_bsp.a(alt_icache_flush_all.o)
                              D:/College/CST455/ProjectV2/software/TermProject_SW_bsp\libhal_bsp.a(alt_load.o) (alt_icache_flush_all)
[...]
Memory Configuration

Name             Origin             Length             Attributes
reset            0x0000000004000000 0x0000000000000020
sdram            0x0000000004000020 0x0000000003ffffe0
*default*        0x0000000000000000 0xffffffffffffffff

Linker script and memory map

LOAD D:/College/CST455/ProjectV2/software/TermProject_SW_bsp/obj/HAL/src/crt0.o
LOAD obj/default/FreeRTOS/portable/GCC/NiosII/port.o
LOAD obj/default/FreeRTOS/portable/MemMang/heap_1.o
LOAD obj/default/FreeRTOS/source/croutine.o
LOAD obj/default/FreeRTOS/source/event_groups.o
LOAD obj/default/FreeRTOS/source/list.o
LOAD obj/default/FreeRTOS/source/queue.o
LOAD obj/default/FreeRTOS/source/stream_buffer.o
LOAD obj/default/FreeRTOS/source/tasks.o
LOAD obj/default/FreeRTOS/source/timers.o
LOAD obj/default/hello_world.o
LOAD obj/default/FreeRTOS/portable/GCC/NiosII/port_asm.o
LOAD d:/college/quartus/lite/nios2eds/bin/gnu/h-x86_64-mingw32/bin/../lib/gcc/nios2-elf/9.2.1/../../../../../H-x86_64-mingw32/nios2-elf/lib\libstdc++.a
LOAD d:/college/quartus/lite/nios2eds/bin/gnu/h-x86_64-mingw32/bin/../lib/gcc/nios2-elf/9.2.1/../../../../../H-x86_64-mingw32/nios2-elf/lib\libm.a
LOAD d:/college/quartus/lite/nios2eds/bin/gnu/h-x86_64-mingw32/bin/../lib/gcc/nios2-elf/9.2.1\libgcc.a
START GROUP
LOAD d:/college/quartus/lite/nios2eds/bin/gnu/h-x86_64-mingw32/bin/../lib/gcc/nios2-elf/9.2.1/../../../../../H-x86_64-mingw32/nios2-elf/lib\libc.a
LOAD d:/college/quartus/lite/nios2eds/bin/gnu/h-x86_64-mingw32/bin/../lib/gcc/nios2-elf/9.2.1\libgcc.a
LOAD D:/College/CST455/ProjectV2/software/TermProject_SW_bsp\libhal_bsp.a
LOAD d:/college/quartus/lite/nios2eds/bin/gnu/h-x86_64-mingw32/bin/../lib/gcc/nios2-elf/9.2.1/../../../../../H-x86_64-mingw32/nios2-elf/lib\libm.a
END GROUP
LOAD d:/college/quartus/lite/nios2eds/bin/gnu/h-x86_64-mingw32/bin/../lib/gcc/nios2-elf/9.2.1\libgcc.a
                0x0000000004000000                __alt_mem_sdram = 0x4000000

.entry          0x0000000004000000       0x20
 *(.entry)
 .entry         0x0000000004000000       0x20 D:/College/CST455/ProjectV2/software/TermProject_SW_bsp/obj/HAL/src/crt0.o
                0x0000000004000000                __reset

.exceptions     0x0000000004000020      0x228
                0x0000000004000020                PROVIDE (__ram_exceptions_start = ABSOLUTE (.))
                0x0000000004000020                . = ALIGN (0x20)
 *(.irq)
 *(.exceptions.entry.label)
 *(.exceptions.entry.user)
 *(.exceptions.entry.ecc_fatal)
 *(.exceptions.entry)
 .exceptions.entry
                0x0000000004000020       0x8c obj/default/FreeRTOS/portable/GCC/NiosII/port_asm.o
 *(.exceptions.irqtest.user)
 *(.exceptions.irqtest)
 .exceptions.irqtest
                0x00000000040000ac       0x14 obj/default/FreeRTOS/portable/GCC/NiosII/port_asm.o
 *(.exceptions.irqhandler.user)
 *(.exceptions.irqhandler)
 .exceptions.irqhandler
                0x00000000040000c0        0x4 obj/default/FreeRTOS/portable/GCC/NiosII/port_asm.o
 *(.exceptions.irqreturn.user)
 *(.exceptions.irqreturn)
 .exceptions.irqreturn
                0x00000000040000c4       0x8c obj/default/FreeRTOS/portable/GCC/NiosII/port_asm.o
                0x00000000040000c4                restore_sp_from_pxCurrentTCB
 *(.exceptions.notirq.label)
 *(.exceptions.notirq.user)
 *(.exceptions.notirq)
 *(.exceptions.soft.user)
 *(.exceptions.soft)
 .exceptions.soft
                0x0000000004000150       0x2c obj/default/FreeRTOS/portable/GCC/NiosII/port_asm.o
 *(.exceptions.unknown.user)
 *(.exceptions.unknown)
 *(.exceptions.exit.label)
 *(.exceptions.exit.user)
 *(.exceptions.exit)
 *(.exceptions)
 .exceptions    0x000000000400017c       0xcc D:/College/CST455/ProjectV2/software/TermProject_SW_bsp\libhal_bsp.a(alt_irq_handler.o)
                0x000000000400017c                alt_irq_handler
                0x0000000004000248                PROVIDE (__ram_exceptions_end = ABSOLUTE (.))
                0x0000000004000020                PROVIDE (__flash_exceptions_start = LOADADDR (.exceptions))

.text           0x0000000004000248     0x7fb8
                [!provide]                        PROVIDE (stext = ABSOLUTE (.))
 *(.interp)
 *(.hash)
 *(.dynsym)
 *(.dynstr)
 *(.gnu.version)
 *(.gnu.version_d)
 *(.gnu.version_r)
 *(.rel.init)
 *(.rela.init)
 *(.rel.text .rel.text.* .rel.gnu.linkonce.t.*)
 *(.rela.text .rela.text.* .rela.gnu.linkonce.t.*)
 *(.rel.fini)
 *(.rela.fini)
 *(.rel.rodata .rel.rodata.* .rel.gnu.linkonce.r.*)
 *(.rela.rodata .rela.rodata.* .rela.gnu.linkonce.r.*)
 *(.rel.data .rel.data.* .rel.gnu.linkonce.d.*)
 *(.rela.data .rela.data.* .rela.gnu.linkonce.d.*)
 *(.rel.tdata .rel.tdata.* .rel.gnu.linkonce.td.*)
 *(.rela.tdata .rela.tdata.* .rela.gnu.linkonce.td.*)
 *(.rel.tbss .rel.tbss.* .rel.gnu.linkonce.tb.*)
 *(.rela.tbss .rela.tbss.* .rela.gnu.linkonce.tb.*)
 *(.rel.ctors)
 *(.rela.ctors)
 *(.rel.dtors)
 *(.rela.dtors)
 *(.rel.got)
 *(.rela.got)
 *(.rel.sdata .rel.sdata.* .rel.gnu.linkonce.s.*)
 *(.rela.sdata .rela.sdata.* .rela.gnu.linkonce.s.*)
 *(.rel.sbss .rel.sbss.* .rel.gnu.linkonce.sb.*)
 *(.rela.sbss .rela.sbss.* .rela.gnu.linkonce.sb.*)
 *(.rel.sdata2 .rel.sdata2.* .rel.gnu.linkonce.s2.*)
 *(.rela.sdata2 .rela.sdata2.* .rela.gnu.linkonce.s2.*)
 *(.rel.sbss2 .rel.sbss2.* .rel.gnu.linkonce.sb2.*)
 *(.rela.sbss2 .rela.sbss2.* .rela.gnu.linkonce.sb2.*)
 *(.rel.bss .rel.bss.* .rel.gnu.linkonce.b.*)
 *(.rela.bss .rela.bss.* .rela.gnu.linkonce.b.*)
 *(.rel.plt)
 *(.rela.plt)
 *(.rel.dyn)
 *(.init)
 *(.plt)
 *(.text .stub .text.* .gnu.linkonce.t.*)
 .text          0x0000000004000248       0x4c D:/College/CST455/ProjectV2/software/TermProject_SW_bsp/obj/HAL/src/crt0.o
                0x0000000004000248                _start
 .text          0x0000000004000294      0x3a0 obj/default/FreeRTOS/portable/GCC/NiosII/port.o
                0x00000000040002c0                pxPortInitialiseStack
                0x00000000040003a0                xPortStartScheduler
                0x00000000040003d8                vPortEndScheduler
                0x0000000004000480                vPortSysTickHandler
                0x00000000040004c8                alt_irq_register
 .text          0x0000000004000634      0x134 obj/default/FreeRTOS/portable/MemMang/heap_1.o
                0x0000000004000634                pvPortMalloc
                0x00000000040006f4                vPortFree
                0x0000000004000718                vPortInitialiseBlocks
                0x000000000400073c                xPortGetFreeHeapSize
 .text          0x0000000004000768        0x0 obj/default/FreeRTOS/source/croutine.o
 .text          0x0000000004000768      0x700 obj/default/FreeRTOS/source/event_groups.o
                0x0000000004000768                xEventGroupCreate
                0x00000000040007bc                xEventGroupSync
                0x0000000004000940                xEventGroupWaitBits
                0x0000000004000ae8                xEventGroupClearBits
                0x0000000004000b50                xEventGroupGetBitsFromISR
                0x0000000004000b8c                xEventGroupSetBits
                0x0000000004000d0c                vEventGroupDelete
                0x0000000004000d80                vEventGroupSetBitsCallback
                0x0000000004000dbc                vEventGroupClearBitsCallback
 .text          0x0000000004000e68      0x290 obj/default/FreeRTOS/source/list.o
                0x0000000004000e68                vListInitialise
                0x0000000004000ed0                vListInitialiseItem
                0x0000000004000efc                vListInsertEnd
                0x0000000004000f88                vListInsert
                0x0000000004001060                uxListRemove
 .text          0x00000000040010f8     0x1470 obj/default/FreeRTOS/source/queue.o
                0x00000000040010f8                xQueueGenericReset
                0x000000000400120c                xQueueGenericCreate
                0x0000000004001388                xQueueCreateMutex
                0x00000000040013e4                xQueueGiveMutexRecursive
                0x0000000004001474                xQueueTakeMutexRecursive
                0x0000000004001510                xQueueCreateCountingSemaphore
                0x0000000004001568                xQueueGenericSend
                0x000000000400171c                xQueueGenericSendFromISR
                0x0000000004001810                xQueueGiveFromISR
                0x00000000040018ec                xQueueReceive
                0x0000000004001a94                xQueueSemaphoreTake
                0x0000000004001ca4                xQueuePeek
                0x0000000004001e54                xQueueReceiveFromISR
                0x0000000004001f38                xQueuePeekFromISR
                0x0000000004001fb4                uxQueueMessagesWaiting
                0x0000000004001ff4                uxQueueSpacesAvailable
                0x0000000004002048                uxQueueMessagesWaitingFromISR
                0x0000000004002080                vQueueDelete
                0x0000000004002478                xQueueIsQueueEmptyFromISR
                0x0000000004002518                xQueueIsQueueFullFromISR
 .text          0x0000000004002568      0xf30 obj/default/FreeRTOS/source/stream_buffer.o
                0x0000000004002568                xStreamBufferGenericCreate
                0x0000000004002614                vStreamBufferDelete
                0x0000000004002678                xStreamBufferReset
                0x0000000004002714                xStreamBufferSetTriggerLevel
                0x0000000004002780                xStreamBufferSpacesAvailable
                0x0000000004002808                xStreamBufferBytesAvailable
                0x0000000004002848                xStreamBufferSend
                0x0000000004002a3c                xStreamBufferSendFromISR
                0x0000000004002c04                xStreamBufferReceive
                0x0000000004002d6c                xStreamBufferNextMessageLengthBytes
                0x0000000004002e14                xStreamBufferReceiveFromISR
                0x0000000004002fb8                xStreamBufferIsEmpty
                0x0000000004003010                xStreamBufferIsFull
                0x000000000400308c                xStreamBufferSendCompletedFromISR
                0x0000000004003114                xStreamBufferReceiveCompletedFromISR
 .text          0x0000000004003498     0x2748 obj/default/FreeRTOS/source/tasks.o
                0x0000000004003498                xTaskCreate
                0x0000000004003870                vTaskDelete
                0x0000000004003958                vTaskDelayUntil
                0x0000000004003a48                vTaskDelay
                0x0000000004003aa4                uxTaskPriorityGet
                0x0000000004003afc                uxTaskPriorityGetFromISR
                0x0000000004003b48                vTaskPrioritySet
                0x0000000004003cec                vTaskSuspend
                0x0000000004003e7c                vTaskResume
                0x0000000004003f48                xTaskResumeFromISR
                0x0000000004004028                vTaskStartScheduler
                0x00000000040040b8                vTaskEndScheduler
                0x0000000004004100                vTaskSuspendAll
                0x000000000400412c                xTaskResumeAll
                0x000000000400427c                xTaskGetTickCount
                0x00000000040042a4                xTaskGetTickCountFromISR
                0x00000000040042d0                uxTaskGetNumberOfTasks
                0x00000000040042f0                pcTaskGetName
                0x0000000004004330                xTaskCatchUpTicks
                0x0000000004004378                xTaskIncrementTick
                0x0000000004004524                vTaskSwitchContext
                0x00000000040045f8                vTaskPlaceOnEventList
                0x0000000004004648                vTaskPlaceOnUnorderedEventList
                0x00000000040046ac                xTaskRemoveFromEventList
                0x00000000040047a0                vTaskRemoveFromUnorderedEventList
                0x0000000004004868                vTaskSetTimeOutState
                0x00000000040048b4                vTaskInternalSetTimeOutState
                0x00000000040048f0                xTaskCheckForTimeOut
                0x00000000040049d8                vTaskMissedYield
                0x0000000004004bb8                uxTaskGetStackHighWaterMark
                0x0000000004004ca4                xTaskGetCurrentTaskHandle
                0x0000000004004ccc                xTaskPriorityInherit
                0x0000000004004e0c                xTaskPriorityDisinherit
                0x0000000004004f08                vTaskPriorityDisinheritAfterTimeout
                0x0000000004005048                vTaskEnterCritical
                0x000000000400509c                vTaskExitCritical
                0x0000000004005100                uxTaskResetEventItemValue
                0x0000000004005144                pvTaskIncrementMutexHeldCount
                0x000000000400517c                ulTaskGenericNotifyTake
                0x0000000004005280                xTaskGenericNotifyWait
                0x00000000040053e4                xTaskGenericNotify
                0x000000000400560c                xTaskGenericNotifyFromISR
                0x000000000400586c                vTaskGenericNotifyGiveFromISR
                0x00000000040059c0                xTaskGenericNotifyStateClear
                0x0000000004005a4c                ulTaskGenericNotifyValueClear
 .text          0x0000000004005be0        0x0 obj/default/FreeRTOS/source/timers.o
 .text          0x0000000004005be0      0x654 obj/default/hello_world.o
                0x0000000004005be0                timer_0_ISR
                0x0000000004005c60                timer_1_ISR
                0x0000000004005ce0                timer_2_ISR
                0x0000000004005d54                main
                0x0000000004005e8c                task1
                0x0000000004005ec4                Switch
                0x0000000004005fc0                HexDecode
                0x0000000004006078                TranslateDecode
                0x000000000400612c                ServoControl
                0x0000000004006208                task2
 .text          0x0000000004006234        0x0 obj/default/FreeRTOS/portable/GCC/NiosII/port_asm.o
 .text          0x0000000004006234        0x0 d:/college/quartus/lite/nios2eds/bin/gnu/h-x86_64-mingw32/bin/../lib/gcc/nios2-elf/9.2.1/../../../../../H-x86_64-mingw32/nios2-elf/lib\libc.a(lib_a-memcpy.o)
 .text.memcpy   0x0000000004006234      0x100 d:/college/quartus/lite/nios2eds/bin/gnu/h-x86_64-mingw32/bin/../lib/gcc/nios2-elf/9.2.1/../../../../../H-x86_64-mingw32/nios2-elf/lib\libc.a(lib_a-memcpy.o)
                0x0000000004006234                memcpy
 .text          0x0000000004006334        0x0 d:/college/quartus/lite/nios2eds/bin/gnu/h-x86_64-mingw32/bin/../lib/gcc/nios2-elf/9.2.1/../../../../../H-x86_64-mingw32/nios2-elf/lib\libc.a(lib_a-memset.o)
 .text.memset   0x0000000004006334       0xf0 d:/college/quartus/lite/nios2eds/bin/gnu/h-x86_64-mingw32/bin/../lib/gcc/nios2-elf/9.2.1/../../../../../H-x86_64-mingw32/nios2-elf/lib\libc.a(lib_a-memset.o)
                0x0000000004006334                memset
 .text          0x0000000004006424        0x0 D:/College/CST455/ProjectV2/software/TermProject_SW_bsp\libhal_bsp.a(alt_irq_handler.o)
 .text          0x0000000004006424        0x0 D:/College/CST455/ProjectV2/software/TermProject_SW_bsp\libhal_bsp.a(alt_irq_vars.o)
 .text          0x0000000004006424       0xec D:/College/CST455/ProjectV2/software/TermProject_SW_bsp\libhal_bsp.a(alt_load.o)
                0x000000000400648c                alt_load
 .text          0x0000000004006510       0x7c D:/College/CST455/ProjectV2/software/TermProject_SW_bsp\libhal_bsp.a(alt_main.o)
                0x0000000004006510                alt_main
 .text          0x000000000400658c       0xd0 D:/College/CST455/ProjectV2/software/TermProject_SW_bsp\libhal_bsp.a(alt_sys_init.o)
                0x00000000040065c0                alt_irq_init
                0x00000000040065fc                alt_sys_init
 .text          0x000000000400665c      0x164 D:/College/CST455/ProjectV2/software/TermProject_SW_bsp\libhal_bsp.a(altera_avalon_jtag_uart_fd.o)
                0x000000000400665c                altera_avalon_jtag_uart_read_fd
                0x00000000040066bc                altera_avalon_jtag_uart_write_fd
                0x000000000400671c                altera_avalon_jtag_uart_close_fd
                0x000000000400676c                altera_avalon_jtag_uart_ioctl_fd
 .text          0x00000000040067c0      0x3cc D:/College/CST455/ProjectV2/software/TermProject_SW_bsp\libhal_bsp.a(altera_avalon_jtag_uart_init.o)
                0x00000000040067c0                altera_avalon_jtag_uart_init
                0x0000000004006b24                altera_avalon_jtag_uart_close
 .text          0x0000000004006b8c       0xf4 D:/College/CST455/ProjectV2/software/TermProject_SW_bsp\libhal_bsp.a(altera_avalon_jtag_uart_ioctl.o)
                0x0000000004006b8c                altera_avalon_jtag_uart_ioctl
 .text          0x0000000004006c80      0x220 D:/College/CST455/ProjectV2/software/TermProject_SW_bsp\libhal_bsp.a(altera_avalon_jtag_uart_read.o)
                0x0000000004006c80                altera_avalon_jtag_uart_read
 .text          0x0000000004006ea0      0x228 D:/College/CST455/ProjectV2/software/TermProject_SW_bsp\libhal_bsp.a(altera_avalon_jtag_uart_write.o)
                0x0000000004006ea0                altera_avalon_jtag_uart_write
 .text          0x00000000040070c8       0xfc D:/College/CST455/ProjectV2/software/TermProject_SW_bsp\libhal_bsp.a(altera_avalon_timer_sc.o)
                0x0000000004007148                alt_avalon_timer_sc_init
 .text          0x00000000040071c4      0x134 D:/College/CST455/ProjectV2/software/TermProject_SW_bsp\libhal_bsp.a(alt_alarm_start.o)
                0x00000000040071c4                alt_alarm_start
 .text          0x00000000040072f8      0x10c D:/College/CST455/ProjectV2/software/TermProject_SW_bsp\libhal_bsp.a(alt_close.o)
                0x0000000004007334                close
 .text          0x0000000004007404       0x4c D:/College/CST455/ProjectV2/software/TermProject_SW_bsp\libhal_bsp.a(alt_dcache_flush_all.o)
                0x0000000004007404                alt_dcache_flush_all
 .text          0x0000000004007450       0x2c D:/College/CST455/ProjectV2/software/TermProject_SW_bsp\libhal_bsp.a(alt_dev.o)
 .text          0x000000000400747c       0xe4 D:/College/CST455/ProjectV2/software/TermProject_SW_bsp\libhal_bsp.a(alt_dev_llist_insert.o)
                0x00000000040074b8                alt_dev_llist_insert
 .text          0x0000000004007560       0x64 D:/College/CST455/ProjectV2/software/TermProject_SW_bsp\libhal_bsp.a(alt_do_ctors.o)
                0x0000000004007560                _do_ctors
 .text          0x00000000040075c4       0x64 D:/College/CST455/ProjectV2/software/TermProject_SW_bsp\libhal_bsp.a(alt_do_dtors.o)
                0x00000000040075c4                _do_dtors
 .text          0x0000000004007628        0x0 D:/College/CST455/ProjectV2/software/TermProject_SW_bsp\libhal_bsp.a(alt_errno.o)
 .text          0x0000000004007628       0x34 D:/College/CST455/ProjectV2/software/TermProject_SW_bsp\libhal_bsp.a(alt_icache_flush_all.o)
                0x0000000004007628                alt_icache_flush_all
 .text          0x000000000400765c      0x12c D:/College/CST455/ProjectV2/software/TermProject_SW_bsp\libhal_bsp.a(alt_io_redirect.o)
                0x000000000400770c                alt_io_redirect
 .text          0x0000000004007788      0x248 D:/College/CST455/ProjectV2/software/TermProject_SW_bsp\libhal_bsp.a(alt_open.o)
                0x000000000400787c                open
 .text          0x00000000040079d0       0x58 D:/College/CST455/ProjectV2/software/TermProject_SW_bsp\libhal_bsp.a(alt_release_fd.o)
                0x00000000040079d0                alt_release_fd
 .text          0x0000000004007a28      0x1ac D:/College/CST455/ProjectV2/software/TermProject_SW_bsp\libhal_bsp.a(alt_tick.o)
                0x0000000004007a28                alt_alarm_stop
                0x0000000004007acc                alt_tick
 .text          0x0000000004007bd4       0x24 D:/College/CST455/ProjectV2/software/TermProject_SW_bsp\libhal_bsp.a(altera_nios2_gen2_irq.o)
                0x0000000004007bd4                altera_nios2_gen2_irq_init
 .text          0x0000000004007bf8       0x90 D:/College/CST455/ProjectV2/software/TermProject_SW_bsp\libhal_bsp.a(alt_find_dev.o)
                0x0000000004007bf8                alt_find_dev
 .text          0x0000000004007c88      0x108 D:/College/CST455/ProjectV2/software/TermProject_SW_bsp\libhal_bsp.a(alt_find_file.o)
                0x0000000004007c88                alt_find_file
 .text          0x0000000004007d90       0xa0 D:/College/CST455/ProjectV2/software/TermProject_SW_bsp\libhal_bsp.a(alt_get_fd.o)
                0x0000000004007d90                alt_get_fd
 .text          0x0000000004007e30       0x90 D:/College/CST455/ProjectV2/software/TermProject_SW_bsp\libhal_bsp.a(alt_icache_flush.o)
                0x0000000004007e30                alt_icache_flush
 .text          0x0000000004007ec0        0x0 d:/college/quartus/lite/nios2eds/bin/gnu/h-x86_64-mingw32/bin/../lib/gcc/nios2-elf/9.2.1/../../../../../H-x86_64-mingw32/nios2-elf/lib\libc.a(lib_a-atexit.o)
 .text.atexit   0x0000000004007ec0       0x14 d:/college/quartus/lite/nios2eds/bin/gnu/h-x86_64-mingw32/bin/../lib/gcc/nios2-elf/9.2.1/../../../../../H-x86_64-mingw32/nios2-elf/lib\libc.a(lib_a-atexit.o)
                0x0000000004007ec0                atexit
 .text          0x0000000004007ed4        0x0 d:/college/quartus/lite/nios2eds/bin/gnu/h-x86_64-mingw32/bin/../lib/gcc/nios2-elf/9.2.1/../../../../../H-x86_64-mingw32/nios2-elf/lib\libc.a(lib_a-exit.o)
 .text.exit     0x0000000004007ed4       0x34 d:/college/quartus/lite/nios2eds/bin/gnu/h-x86_64-mingw32/bin/../lib/gcc/nios2-elf/9.2.1/../../../../../H-x86_64-mingw32/nios2-elf/lib\libc.a(lib_a-exit.o)
                0x0000000004007ed4                exit
 .text          0x0000000004007f08        0x0 d:/college/quartus/lite/nios2eds/bin/gnu/h-x86_64-mingw32/bin/../lib/gcc/nios2-elf/9.2.1/../../../../../H-x86_64-mingw32/nios2-elf/lib\libc.a(lib_a-impure.o)
 .text          0x0000000004007f08        0x0 d:/college/quartus/lite/nios2eds/bin/gnu/h-x86_64-mingw32/bin/../lib/gcc/nios2-elf/9.2.1/../../../../../H-x86_64-mingw32/nios2-elf/lib\libc.a(lib_a-int_errno.o)
 .text          0x0000000004007f08        0x0 d:/college/quartus/lite/nios2eds/bin/gnu/h-x86_64-mingw32/bin/../lib/gcc/nios2-elf/9.2.1/../../../../../H-x86_64-mingw32/nios2-elf/lib\libc.a(lib_a-memcmp.o)
 .text.memcmp   0x0000000004007f08       0x78 d:/college/quartus/lite/nios2eds/bin/gnu/h-x86_64-mingw32/bin/../lib/gcc/nios2-elf/9.2.1/../../../../../H-x86_64-mingw32/nios2-elf/lib\libc.a(lib_a-memcmp.o)
                0x0000000004007f08                memcmp
 .text          0x0000000004007f80        0x0 d:/college/quartus/lite/nios2eds/bin/gnu/h-x86_64-mingw32/bin/../lib/gcc/nios2-elf/9.2.1/../../../../../H-x86_64-mingw32/nios2-elf/lib\libc.a(lib_a-strlen.o)
 .text.strlen   0x0000000004007f80       0x98 d:/college/quartus/lite/nios2eds/bin/gnu/h-x86_64-mingw32/bin/../lib/gcc/nios2-elf/9.2.1/../../../../../H-x86_64-mingw32/nios2-elf/lib\libc.a(lib_a-strlen.o)
                0x0000000004007f80                strlen
 .text          0x0000000004008018        0x0 d:/college/quartus/lite/nios2eds/bin/gnu/h-x86_64-mingw32/bin/../lib/gcc/nios2-elf/9.2.1/../../../../../H-x86_64-mingw32/nios2-elf/lib\libc.a(lib_a-__atexit.o)
 .text.__register_exitproc
                0x0000000004008018       0x90 d:/college/quartus/lite/nios2eds/bin/gnu/h-x86_64-mingw32/bin/../lib/gcc/nios2-elf/9.2.1/../../../../../H-x86_64-mingw32/nios2-elf/lib\libc.a(lib_a-__atexit.o)
                0x0000000004008018                __register_exitproc
 .text          0x00000000040080a8        0x0 d:/college/quartus/lite/nios2eds/bin/gnu/h-x86_64-mingw32/bin/../lib/gcc/nios2-elf/9.2.1/../../../../../H-x86_64-mingw32/nios2-elf/lib\libc.a(lib_a-__call_atexit.o)
 .text.__call_exitprocs
                0x00000000040080a8      0x120 d:/college/quartus/lite/nios2eds/bin/gnu/h-x86_64-mingw32/bin/../lib/gcc/nios2-elf/9.2.1/../../../../../H-x86_64-mingw32/nios2-elf/lib\libc.a(lib_a-__call_atexit.o)
                0x00000000040080a8                __call_exitprocs
 .text          0x00000000040081c8       0x38 D:/College/CST455/ProjectV2/software/TermProject_SW_bsp\libhal_bsp.a(alt_exit.o)
                0x00000000040081c8                _exit
 *(.gnu.warning.*)
 *(.fini)
                [!provide]                        PROVIDE (__etext = ABSOLUTE (.))
                [!provide]                        PROVIDE (_etext = ABSOLUTE (.))
                [!provide]                        PROVIDE (etext = ABSOLUTE (.))
 *(.eh_frame_hdr)
                0x0000000004008200                . = ALIGN (0x4)
                [!provide]                        PROVIDE (__preinit_array_start = ABSOLUTE (.))
 *(.preinit_array)
                [!provide]                        PROVIDE (__preinit_array_end = ABSOLUTE (.))
                [!provide]                        PROVIDE (__init_array_start = ABSOLUTE (.))
 *(.init_array)
                [!provide]                        PROVIDE (__init_array_end = ABSOLUTE (.))
                [!provide]                        PROVIDE (__fini_array_start = ABSOLUTE (.))
 *(.fini_array)
                [!provide]                        PROVIDE (__fini_array_end = ABSOLUTE (.))
 *(.eh_frame)
 *(.gcc_except_table .gcc_except_table.*)
 *(.dynamic)
                0x0000000004008200                PROVIDE (__CTOR_LIST__ = ABSOLUTE (.))
 *(.ctors)
 *(SORT_BY_NAME(.ctors.*))
                0x0000000004008200                PROVIDE (__CTOR_END__ = ABSOLUTE (.))
                0x0000000004008200                PROVIDE (__DTOR_LIST__ = ABSOLUTE (.))
 *(.dtors)
 *(SORT_BY_NAME(.dtors.*))
                0x0000000004008200                PROVIDE (__DTOR_END__ = ABSOLUTE (.))
 *(.jcr)
                0x0000000004008200                . = ALIGN (0x4)

.rodata         0x0000000004008200       0x4c
                0x0000000004008200                PROVIDE (__ram_rodata_start = ABSOLUTE (.))
                0x0000000004008200                . = ALIGN (0x4)
 *(.rodata .rodata.* .gnu.linkonce.r.*)
 .rodata        0x0000000004008200        0x5 obj/default/FreeRTOS/source/tasks.o
 *fill*         0x0000000004008205        0x3 
 .rodata        0x0000000004008208        0xe obj/default/hello_world.o
 *fill*         0x0000000004008216        0x2 
 .rodata        0x0000000004008218       0x11 D:/College/CST455/ProjectV2/software/TermProject_SW_bsp\libhal_bsp.a(alt_main.o)
 *fill*         0x0000000004008229        0x3 
 .rodata        0x000000000400822c       0x11 D:/College/CST455/ProjectV2/software/TermProject_SW_bsp\libhal_bsp.a(alt_sys_init.o)
 *fill*         0x000000000400823d        0x3 
 .rodata        0x0000000004008240        0xa D:/College/CST455/ProjectV2/software/TermProject_SW_bsp\libhal_bsp.a(alt_dev.o)
 *(.rodata1)
                0x000000000400824c                . = ALIGN (0x4)
 *fill*         0x000000000400824a        0x2 
                0x000000000400824c                PROVIDE (__ram_rodata_end = ABSOLUTE (.))
                0x0000000004008200                PROVIDE (__flash_rodata_start = LOADADDR (.rodata))

.rwdata         0x000000000400824c     0x165c load address 0x00000000040098a8
                0x000000000400824c                PROVIDE (__ram_rwdata_start = ABSOLUTE (.))
                0x000000000400824c                . = ALIGN (0x4)
 *(.got.plt)
 *(.got)
 *(.data1)
 *(.data .data.* .gnu.linkonce.d.*)
 .data          0x000000000400824c        0x0 D:/College/CST455/ProjectV2/software/TermProject_SW_bsp/obj/HAL/src/crt0.o
 .data          0x000000000400824c        0x0 obj/default/FreeRTOS/portable/GCC/NiosII/port.o
 .data          0x000000000400824c        0x0 obj/default/FreeRTOS/portable/MemMang/heap_1.o
 .data          0x000000000400824c        0x0 obj/default/FreeRTOS/source/croutine.o
 .data          0x000000000400824c        0x0 obj/default/FreeRTOS/source/event_groups.o
 .data          0x000000000400824c        0x0 obj/default/FreeRTOS/source/list.o
 .data          0x000000000400824c        0x0 obj/default/FreeRTOS/source/queue.o
 .data          0x000000000400824c        0x0 obj/default/FreeRTOS/source/stream_buffer.o
 .data          0x000000000400824c        0x0 obj/default/FreeRTOS/source/tasks.o
 .data          0x000000000400824c        0x0 obj/default/FreeRTOS/source/timers.o
 .data          0x000000000400824c        0x0 obj/default/hello_world.o
 .data          0x000000000400824c        0x0 obj/default/FreeRTOS/portable/GCC/NiosII/port_asm.o
 .data          0x000000000400824c        0x0 d:/college/quartus/lite/nios2eds/bin/gnu/h-x86_64-mingw32/bin/../lib/gcc/nios2-elf/9.2.1/../../../../../H-x86_64-mingw32/nios2-elf/lib\libc.a(lib_a-memcpy.o)
 .data          0x000000000400824c        0x0 d:/college/quartus/lite/nios2eds/bin/gnu/h-x86_64-mingw32/bin/../lib/gcc/nios2-elf/9.2.1/../../../../../H-x86_64-mingw32/nios2-elf/lib\libc.a(lib_a-memset.o)
 .data          0x000000000400824c        0x0 D:/College/CST455/ProjectV2/software/TermProject_SW_bsp\libhal_bsp.a(alt_irq_handler.o)
 .data          0x000000000400824c        0x0 D:/College/CST455/ProjectV2/software/TermProject_SW_bsp\libhal_bsp.a(alt_irq_vars.o)
 .data          0x000000000400824c        0x0 D:/College/CST455/ProjectV2/software/TermProject_SW_bsp\libhal_bsp.a(alt_load.o)
 .data          0x000000000400824c        0x0 D:/College/CST455/ProjectV2/software/TermProject_SW_bsp\libhal_bsp.a(alt_main.o)
 .data          0x000000000400824c     0x1060 D:/College/CST455/ProjectV2/software/TermProject_SW_bsp\libhal_bsp.a(alt_sys_init.o)
 .data          0x00000000040092ac        0x0 D:/College/CST455/ProjectV2/software/TermProject_SW_bsp\libhal_bsp.a(altera_avalon_jtag_uart_fd.o)
 .data          0x00000000040092ac        0x0 D:/College/CST455/ProjectV2/software/TermProject_SW_bsp\libhal_bsp.a(altera_avalon_jtag_uart_init.o)
 .data          0x00000000040092ac        0x0 D:/College/CST455/ProjectV2/software/TermProject_SW_bsp\libhal_bsp.a(altera_avalon_jtag_uart_ioctl.o)
 .data          0x00000000040092ac        0x0 D:/College/CST455/ProjectV2/software/TermProject_SW_bsp\libhal_bsp.a(altera_avalon_jtag_uart_read.o)
 .data          0x00000000040092ac        0x0 D:/College/CST455/ProjectV2/software/TermProject_SW_bsp\libhal_bsp.a(altera_avalon_jtag_uart_write.o)
 .data          0x00000000040092ac        0x0 D:/College/CST455/ProjectV2/software/TermProject_SW_bsp\libhal_bsp.a(altera_avalon_timer_sc.o)
 .data          0x00000000040092ac        0x0 D:/College/CST455/ProjectV2/software/TermProject_SW_bsp\libhal_bsp.a(alt_alarm_start.o)
 .data          0x00000000040092ac        0x0 D:/College/CST455/ProjectV2/software/TermProject_SW_bsp\libhal_bsp.a(alt_close.o)
 .data          0x00000000040092ac        0x0 D:/College/CST455/ProjectV2/software/TermProject_SW_bsp\libhal_bsp.a(alt_dcache_flush_all.o)
 .data          0x00000000040092ac      0x1a8 D:/College/CST455/ProjectV2/software/TermProject_SW_bsp\libhal_bsp.a(alt_dev.o)
                0x00000000040092ac                alt_dev_null
                0x00000000040092d4                alt_fd_list
 .data          0x0000000004009454        0x0 D:/College/CST455/ProjectV2/software/TermProject_SW_bsp\libhal_bsp.a(alt_dev_llist_insert.o)
 .data          0x0000000004009454        0x0 D:/College/CST455/ProjectV2/software/TermProject_SW_bsp\libhal_bsp.a(alt_do_ctors.o)
 .data          0x0000000004009454        0x0 D:/College/CST455/ProjectV2/software/TermProject_SW_bsp\libhal_bsp.a(alt_do_dtors.o)
 .data          0x0000000004009454        0x0 D:/College/CST455/ProjectV2/software/TermProject_SW_bsp\libhal_bsp.a(alt_errno.o)
 .data          0x0000000004009454        0x0 D:/College/CST455/ProjectV2/software/TermProject_SW_bsp\libhal_bsp.a(alt_icache_flush_all.o)
 .data          0x0000000004009454        0x0 D:/College/CST455/ProjectV2/software/TermProject_SW_bsp\libhal_bsp.a(alt_io_redirect.o)
 .data          0x0000000004009454        0x0 D:/College/CST455/ProjectV2/software/TermProject_SW_bsp\libhal_bsp.a(alt_open.o)
 .data          0x0000000004009454        0x0 D:/College/CST455/ProjectV2/software/TermProject_SW_bsp\libhal_bsp.a(alt_release_fd.o)
 .data          0x0000000004009454        0x0 D:/College/CST455/ProjectV2/software/TermProject_SW_bsp\libhal_bsp.a(alt_tick.o)
 .data          0x0000000004009454        0x0 D:/College/CST455/ProjectV2/software/TermProject_SW_bsp\libhal_bsp.a(altera_nios2_gen2_irq.o)
 .data          0x0000000004009454        0x0 D:/College/CST455/ProjectV2/software/TermProject_SW_bsp\libhal_bsp.a(alt_find_dev.o)
 .data          0x0000000004009454        0x0 D:/College/CST455/ProjectV2/software/TermProject_SW_bsp\libhal_bsp.a(alt_find_file.o)
 .data          0x0000000004009454        0x0 D:/College/CST455/ProjectV2/software/TermProject_SW_bsp\libhal_bsp.a(alt_get_fd.o)
 .data          0x0000000004009454        0x0 D:/College/CST455/ProjectV2/software/TermProject_SW_bsp\libhal_bsp.a(alt_icache_flush.o)
 .data          0x0000000004009454        0x0 d:/college/quartus/lite/nios2eds/bin/gnu/h-x86_64-mingw32/bin/../lib/gcc/nios2-elf/9.2.1/../../../../../H-x86_64-mingw32/nios2-elf/lib\libc.a(lib_a-atexit.o)
 .data          0x0000000004009454        0x0 d:/college/quartus/lite/nios2eds/bin/gnu/h-x86_64-mingw32/bin/../lib/gcc/nios2-elf/9.2.1/../../../../../H-x86_64-mingw32/nios2-elf/lib\libc.a(lib_a-exit.o)
 .data          0x0000000004009454        0x0 d:/college/quartus/lite/nios2eds/bin/gnu/h-x86_64-mingw32/bin/../lib/gcc/nios2-elf/9.2.1/../../../../../H-x86_64-mingw32/nios2-elf/lib\libc.a(lib_a-impure.o)
 .data.impure_data
                0x0000000004009454      0x424 d:/college/quartus/lite/nios2eds/bin/gnu/h-x86_64-mingw32/bin/../lib/gcc/nios2-elf/9.2.1/../../../../../H-x86_64-mingw32/nios2-elf/lib\libc.a(lib_a-impure.o)
 .data          0x0000000004009878        0x0 d:/college/quartus/lite/nios2eds/bin/gnu/h-x86_64-mingw32/bin/../lib/gcc/nios2-elf/9.2.1/../../../../../H-x86_64-mingw32/nios2-elf/lib\libc.a(lib_a-int_errno.o)
 .data          0x0000000004009878        0x0 d:/college/quartus/lite/nios2eds/bin/gnu/h-x86_64-mingw32/bin/../lib/gcc/nios2-elf/9.2.1/../../../../../H-x86_64-mingw32/nios2-elf/lib\libc.a(lib_a-memcmp.o)
 .data          0x0000000004009878        0x0 d:/college/quartus/lite/nios2eds/bin/gnu/h-x86_64-mingw32/bin/../lib/gcc/nios2-elf/9.2.1/../../../../../H-x86_64-mingw32/nios2-elf/lib\libc.a(lib_a-strlen.o)
 .data          0x0000000004009878        0x0 d:/college/quartus/lite/nios2eds/bin/gnu/h-x86_64-mingw32/bin/../lib/gcc/nios2-elf/9.2.1/../../../../../H-x86_64-mingw32/nios2-elf/lib\libc.a(lib_a-__atexit.o)
 .data          0x0000000004009878        0x0 d:/college/quartus/lite/nios2eds/bin/gnu/h-x86_64-mingw32/bin/../lib/gcc/nios2-elf/9.2.1/../../../../../H-x86_64-mingw32/nios2-elf/lib\libc.a(lib_a-__call_atexit.o)
 .data          0x0000000004009878        0x0 D:/College/CST455/ProjectV2/software/TermProject_SW_bsp\libhal_bsp.a(alt_exit.o)
                0x0000000004011878                _gp = ABSOLUTE ((. + 0x8000))
                [!provide]                        PROVIDE (gp = _gp)
 *(.rwdata .rwdata.*)
 *(.sdata .sdata.* .gnu.linkonce.s.*)
 .sdata         0x0000000004009878        0x1 obj/default/hello_world.o
                0x0000000004009878                Display
 *fill*         0x0000000004009879        0x3 
 .sdata         0x000000000400987c        0x4 D:/College/CST455/ProjectV2/software/TermProject_SW_bsp\libhal_bsp.a(alt_irq_vars.o)
                0x000000000400987c                alt_priority_mask
 .sdata         0x0000000004009880       0x14 D:/College/CST455/ProjectV2/software/TermProject_SW_bsp\libhal_bsp.a(alt_dev.o)
                0x0000000004009880                alt_fs_list
                0x0000000004009888                alt_dev_list
                0x0000000004009890                alt_max_fd
 .sdata         0x0000000004009894        0x4 D:/College/CST455/ProjectV2/software/TermProject_SW_bsp\libhal_bsp.a(alt_errno.o)
                0x0000000004009894                alt_errno
 .sdata         0x0000000004009898        0x8 D:/College/CST455/ProjectV2/software/TermProject_SW_bsp\libhal_bsp.a(alt_tick.o)
                0x0000000004009898                alt_alarm_list
 .sdata._global_impure_ptr
                0x00000000040098a0        0x4 d:/college/quartus/lite/nios2eds/bin/gnu/h-x86_64-mingw32/bin/../lib/gcc/nios2-elf/9.2.1/../../../../../H-x86_64-mingw32/nios2-elf/lib\libc.a(lib_a-impure.o)
                0x00000000040098a0                _global_impure_ptr
 .sdata._impure_ptr
                0x00000000040098a4        0x4 d:/college/quartus/lite/nios2eds/bin/gnu/h-x86_64-mingw32/bin/../lib/gcc/nios2-elf/9.2.1/../../../../../H-x86_64-mingw32/nios2-elf/lib\libc.a(lib_a-impure.o)
                0x00000000040098a4                _impure_ptr
 *(.sdata2 .sdata2.* .gnu.linkonce.s2.*)
                0x00000000040098a8                . = ALIGN (0x4)
                0x00000000040098a8                _edata = ABSOLUTE (.)
                [!provide]                        PROVIDE (edata = ABSOLUTE (.))
                0x00000000040098a8                PROVIDE (__ram_rwdata_end = ABSOLUTE (.))
                0x00000000040098a8                PROVIDE (__flash_rwdata_start = LOADADDR (.rwdata))

.bss            0x000000000400af04   0x800234
                0x000000000400af04                __bss_start = ABSOLUTE (.)
                [!provide]                        PROVIDE (__sbss_start = ABSOLUTE (.))
                [!provide]                        PROVIDE (___sbss_start = ABSOLUTE (.))
 *(.dynsbss)
 *(.sbss .sbss.* .gnu.linkonce.sb.*)
 .sbss          0x000000000400af04        0x8 obj/default/FreeRTOS/portable/MemMang/heap_1.o
 .sbss          0x000000000400af0c       0x3c obj/default/FreeRTOS/source/tasks.o
                0x000000000400af0c                pxCurrentTCB
 .sbss          0x000000000400af48        0x8 obj/default/hello_world.o
                0x000000000400af48                Overflows
                0x000000000400af4c                Go
 .sbss          0x000000000400af50        0x4 obj/default/hello_world.o
                0x000000000400af50                Translate
 .sbss          0x000000000400af54        0x4 D:/College/CST455/ProjectV2/software/TermProject_SW_bsp\libhal_bsp.a(alt_irq_vars.o)
                0x000000000400af54                alt_irq_active
 .sbss          0x000000000400af58        0xc D:/College/CST455/ProjectV2/software/TermProject_SW_bsp\libhal_bsp.a(alt_main.o)
                0x000000000400af58                alt_argc
                0x000000000400af5c                alt_argv
                0x000000000400af60                alt_envp
 .sbss          0x000000000400af64        0x8 D:/College/CST455/ProjectV2/software/TermProject_SW_bsp\libhal_bsp.a(alt_tick.o)
                0x000000000400af64                _alt_tick_rate
                0x000000000400af68                _alt_nticks
 .sbss          0x000000000400af6c        0x4 d:/college/quartus/lite/nios2eds/bin/gnu/h-x86_64-mingw32/bin/../lib/gcc/nios2-elf/9.2.1/../../../../../H-x86_64-mingw32/nios2-elf/lib\libc.a(lib_a-int_errno.o)
                0x000000000400af6c                errno
 *(.sbss2 .sbss2.* .gnu.linkonce.sb2.*)
 *(.scommon)
                [!provide]                        PROVIDE (__sbss_end = ABSOLUTE (.))
                [!provide]                        PROVIDE (___sbss_end = ABSOLUTE (.))
 *(.dynbss)
 *(.bss .bss.* .gnu.linkonce.b.*)
 .bss           0x000000000400af70        0x0 D:/College/CST455/ProjectV2/software/TermProject_SW_bsp/obj/HAL/src/crt0.o
 .bss           0x000000000400af70        0x0 obj/default/FreeRTOS/portable/GCC/NiosII/port.o
 .bss           0x000000000400af70   0x800000 obj/default/FreeRTOS/portable/MemMang/heap_1.o
 .bss           0x000000000480af70        0x0 obj/default/FreeRTOS/source/croutine.o
 .bss           0x000000000480af70        0x0 obj/default/FreeRTOS/source/event_groups.o
 .bss           0x000000000480af70        0x0 obj/default/FreeRTOS/source/list.o
 .bss           0x000000000480af70        0x0 obj/default/FreeRTOS/source/queue.o
 .bss           0x000000000480af70        0x0 obj/default/FreeRTOS/source/stream_buffer.o
 .bss           0x000000000480af70       0xc8 obj/default/FreeRTOS/source/tasks.o
 .bss           0x000000000480b038        0x0 obj/default/FreeRTOS/source/timers.o
 .bss           0x000000000480b038        0x0 obj/default/hello_world.o
 .bss           0x000000000480b038        0x0 obj/default/FreeRTOS/portable/GCC/NiosII/port_asm.o
 .bss           0x000000000480b038        0x0 d:/college/quartus/lite/nios2eds/bin/gnu/h-x86_64-mingw32/bin/../lib/gcc/nios2-elf/9.2.1/../../../../../H-x86_64-mingw32/nios2-elf/lib\libc.a(lib_a-memcpy.o)
 .bss           0x000000000480b038        0x0 d:/college/quartus/lite/nios2eds/bin/gnu/h-x86_64-mingw32/bin/../lib/gcc/nios2-elf/9.2.1/../../../../../H-x86_64-mingw32/nios2-elf/lib\libc.a(lib_a-memset.o)
 .bss           0x000000000480b038        0x0 D:/College/CST455/ProjectV2/software/TermProject_SW_bsp\libhal_bsp.a(alt_irq_handler.o)
 .bss           0x000000000480b038        0x0 D:/College/CST455/ProjectV2/software/TermProject_SW_bsp\libhal_bsp.a(alt_irq_vars.o)
 .bss           0x000000000480b038        0x0 D:/College/CST455/ProjectV2/software/TermProject_SW_bsp\libhal_bsp.a(alt_load.o)
 .bss           0x000000000480b038        0x0 D:/College/CST455/ProjectV2/software/TermProject_SW_bsp\libhal_bsp.a(alt_main.o)
 .bss           0x000000000480b038        0x0 D:/College/CST455/ProjectV2/software/TermProject_SW_bsp\libhal_bsp.a(alt_sys_init.o)
 .bss           0x000000000480b038        0x0 D:/College/CST455/ProjectV2/software/TermProject_SW_bsp\libhal_bsp.a(altera_avalon_jtag_uart_fd.o)
 .bss           0x000000000480b038        0x0 D:/College/CST455/ProjectV2/software/TermProject_SW_bsp\libhal_bsp.a(altera_avalon_jtag_uart_init.o)
 .bss           0x000000000480b038        0x0 D:/College/CST455/ProjectV2/software/TermProject_SW_bsp\libhal_bsp.a(altera_avalon_jtag_uart_ioctl.o)
 .bss           0x000000000480b038        0x0 D:/College/CST455/ProjectV2/software/TermProject_SW_bsp\libhal_bsp.a(altera_avalon_jtag_uart_read.o)
 .bss           0x000000000480b038        0x0 D:/College/CST455/ProjectV2/software/TermProject_SW_bsp\libhal_bsp.a(altera_avalon_jtag_uart_write.o)
 .bss           0x000000000480b038        0x0 D:/College/CST455/ProjectV2/software/TermProject_SW_bsp\libhal_bsp.a(altera_avalon_timer_sc.o)
 .bss           0x000000000480b038        0x0 D:/College/CST455/ProjectV2/software/TermProject_SW_bsp\libhal_bsp.a(alt_alarm_start.o)
 .bss           0x000000000480b038        0x0 D:/College/CST455/ProjectV2/software/TermProject_SW_bsp\libhal_bsp.a(alt_close.o)
 .bss           0x000000000480b038        0x0 D:/College/CST455/ProjectV2/software/TermProject_SW_bsp\libhal_bsp.a(alt_dcache_flush_all.o)
 .bss           0x000000000480b038        0x0 D:/College/CST455/ProjectV2/software/TermProject_SW_bsp\libhal_bsp.a(alt_dev.o)
 .bss           0x000000000480b038        0x0 D:/College/CST455/ProjectV2/software/TermProject_SW_bsp\libhal_bsp.a(alt_dev_llist_insert.o)
 .bss           0x000000000480b038        0x0 D:/College/CST455/ProjectV2/software/TermProject_SW_bsp\libhal_bsp.a(alt_do_ctors.o)
 .bss           0x000000000480b038        0x0 D:/College/CST455/ProjectV2/software/TermProject_SW_bsp\libhal_bsp.a(alt_do_dtors.o)
 .bss           0x000000000480b038        0x0 D:/College/CST455/ProjectV2/software/TermProject_SW_bsp\libhal_bsp.a(alt_errno.o)
 .bss           0x000000000480b038        0x0 D:/College/CST455/ProjectV2/software/TermProject_SW_bsp\libhal_bsp.a(alt_icache_flush_all.o)
 .bss           0x000000000480b038        0x0 D:/College/CST455/ProjectV2/software/TermProject_SW_bsp\libhal_bsp.a(alt_io_redirect.o)
 .bss           0x000000000480b038        0x0 D:/College/CST455/ProjectV2/software/TermProject_SW_bsp\libhal_bsp.a(alt_open.o)
 .bss           0x000000000480b038        0x0 D:/College/CST455/ProjectV2/software/TermProject_SW_bsp\libhal_bsp.a(alt_release_fd.o)
 .bss           0x000000000480b038        0x0 D:/College/CST455/ProjectV2/software/TermProject_SW_bsp\libhal_bsp.a(alt_tick.o)
 .bss           0x000000000480b038        0x0 D:/College/CST455/ProjectV2/software/TermProject_SW_bsp\libhal_bsp.a(altera_nios2_gen2_irq.o)
 .bss           0x000000000480b038        0x0 D:/College/CST455/ProjectV2/software/TermProject_SW_bsp\libhal_bsp.a(alt_find_dev.o)
 .bss           0x000000000480b038        0x0 D:/College/CST455/ProjectV2/software/TermProject_SW_bsp\libhal_bsp.a(alt_find_file.o)
 .bss           0x000000000480b038        0x0 D:/College/CST455/ProjectV2/software/TermProject_SW_bsp\libhal_bsp.a(alt_get_fd.o)
 .bss           0x000000000480b038        0x0 D:/College/CST455/ProjectV2/software/TermProject_SW_bsp\libhal_bsp.a(alt_icache_flush.o)
 .bss           0x000000000480b038        0x0 d:/college/quartus/lite/nios2eds/bin/gnu/h-x86_64-mingw32/bin/../lib/gcc/nios2-elf/9.2.1/../../../../../H-x86_64-mingw32/nios2-elf/lib\libc.a(lib_a-atexit.o)
 .bss           0x000000000480b038        0x0 d:/college/quartus/lite/nios2eds/bin/gnu/h-x86_64-mingw32/bin/../lib/gcc/nios2-elf/9.2.1/../../../../../H-x86_64-mingw32/nios2-elf/lib\libc.a(lib_a-exit.o)
 .bss           0x000000000480b038        0x0 d:/college/quartus/lite/nios2eds/bin/gnu/h-x86_64-mingw32/bin/../lib/gcc/nios2-elf/9.2.1/../../../../../H-x86_64-mingw32/nios2-elf/lib\libc.a(lib_a-impure.o)
 .bss           0x000000000480b038        0x0 d:/college/quartus/lite/nios2eds/bin/gnu/h-x86_64-mingw32/bin/../lib/gcc/nios2-elf/9.2.1/../../../../../H-x86_64-mingw32/nios2-elf/lib\libc.a(lib_a-int_errno.o)
 .bss           0x000000000480b038        0x0 d:/college/quartus/lite/nios2eds/bin/gnu/h-x86_64-mingw32/bin/../lib/gcc/nios2-elf/9.2.1/../../../../../H-x86_64-mingw32/nios2-elf/lib\libc.a(lib_a-memcmp.o)
 .bss           0x000000000480b038        0x0 d:/college/quartus/lite/nios2eds/bin/gnu/h-x86_64-mingw32/bin/../lib/gcc/nios2-elf/9.2.1/../../../../../H-x86_64-mingw32/nios2-elf/lib\libc.a(lib_a-strlen.o)
 .bss           0x000000000480b038        0x0 d:/college/quartus/lite/nios2eds/bin/gnu/h-x86_64-mingw32/bin/../lib/gcc/nios2-elf/9.2.1/../../../../../H-x86_64-mingw32/nios2-elf/lib\libc.a(lib_a-__atexit.o)
 .bss           0x000000000480b038        0x0 d:/college/quartus/lite/nios2eds/bin/gnu/h-x86_64-mingw32/bin/../lib/gcc/nios2-elf/9.2.1/../../../../../H-x86_64-mingw32/nios2-elf/lib\libc.a(lib_a-__call_atexit.o)
 .bss           0x000000000480b038        0x0 D:/College/CST455/ProjectV2/software/TermProject_SW_bsp\libhal_bsp.a(alt_exit.o)
 *(COMMON)
 COMMON         0x000000000480b038      0x100 D:/College/CST455/ProjectV2/software/TermProject_SW_bsp\libhal_bsp.a(alt_irq_handler.o)
                0x000000000480b038                alt_irq
                0x000000000480b138                . = ALIGN (0x4)
                0x000000000480b138                __bss_end = ABSOLUTE (.)

.sdram          0x000000000480b138        0x0
                [!provide]                        PROVIDE (_alt_partition_sdram_start = ABSOLUTE (.))
 *(.sdram .sdram. sdram.*)
                0x000000000480b138                . = ALIGN (0x4)
                [!provide]                        PROVIDE (_alt_partition_sdram_end = ABSOLUTE (.))
                0x000000000480b138                _end = ABSOLUTE (.)
                0x000000000480b138                end = ABSOLUTE (.)
                0x000000000480b138                __alt_stack_base = ABSOLUTE (.)
                [!provide]                        PROVIDE (_alt_partition_sdram_load_addr = LOADADDR (.sdram))

.stab
 *(.stab)

.stabstr
 *(.stabstr)

.stab.excl
 *(.stab.excl)

.stab.exclstr
 *(.stab.exclstr)

.stab.index
 *(.stab.index)

.stab.indexstr
 *(.stab.indexstr)

.comment        0x0000000000000000       0x2c
 *(.comment)
 .comment       0x0000000000000000       0x2c obj/default/FreeRTOS/portable/GCC/NiosII/port.o
                                         0x2d (size before relaxing)
 .comment       0x000000000000002c       0x2d obj/default/FreeRTOS/portable/MemMang/heap_1.o
 .comment       0x000000000000002c       0x2d obj/default/FreeRTOS/source/croutine.o
 .comment       0x000000000000002c       0x2d obj/default/FreeRTOS/source/event_groups.o
 .comment       0x000000000000002c       0x2d obj/default/FreeRTOS/source/list.o
 .comment       0x000000000000002c       0x2d obj/default/FreeRTOS/source/queue.o
 .comment       0x000000000000002c       0x2d obj/default/FreeRTOS/source/stream_buffer.o
 .comment       0x000000000000002c       0x2d obj/default/FreeRTOS/source/tasks.o
 .comment       0x000000000000002c       0x2d obj/default/FreeRTOS/source/timers.o
 .comment       0x000000000000002c       0x2d obj/default/hello_world.o
 .comment       0x000000000000002c       0x2d d:/college/quartus/lite/nios2eds/bin/gnu/h-x86_64-mingw32/bin/../lib/gcc/nios2-elf/9.2.1/../../../../../H-x86_64-mingw32/nios2-elf/lib\libc.a(lib_a-memcpy.o)
 .comment       0x000000000000002c       0x2d d:/college/quartus/lite/nios2eds/bin/gnu/h-x86_64-mingw32/bin/../lib/gcc/nios2-elf/9.2.1/../../../../../H-x86_64-mingw32/nios2-elf/lib\libc.a(lib_a-memset.o)
 .comment       0x000000000000002c       0x2d D:/College/CST455/ProjectV2/software/TermProject_SW_bsp\libhal_bsp.a(alt_irq_handler.o)
 .comment       0x000000000000002c       0x2d D:/College/CST455/ProjectV2/software/TermProject_SW_bsp\libhal_bsp.a(alt_irq_vars.o)
 .comment       0x000000000000002c       0x2d D:/College/CST455/ProjectV2/software/TermProject_SW_bsp\libhal_bsp.a(alt_load.o)
 .comment       0x000000000000002c       0x2d D:/College/CST455/ProjectV2/software/TermProject_SW_bsp\libhal_bsp.a(alt_main.o)
 .comment       0x000000000000002c       0x2d D:/College/CST455/ProjectV2/software/TermProject_SW_bsp\libhal_bsp.a(alt_sys_init.o)
 .comment       0x000000000000002c       0x2d D:/College/CST455/ProjectV2/software/TermProject_SW_bsp\libhal_bsp.a(altera_avalon_jtag_uart_fd.o)
 .comment       0x000000000000002c       0x2d D:/College/CST455/ProjectV2/software/TermProject_SW_bsp\libhal_bsp.a(altera_avalon_jtag_uart_init.o)
 .comment       0x000000000000002c       0x2d D:/College/CST455/ProjectV2/software/TermProject_SW_bsp\libhal_bsp.a(altera_avalon_jtag_uart_ioctl.o)
 .comment       0x000000000000002c       0x2d D:/College/CST455/ProjectV2/software/TermProject_SW_bsp\libhal_bsp.a(altera_avalon_jtag_uart_read.o)
 .comment       0x000000000000002c       0x2d D:/College/CST455/ProjectV2/software/TermProject_SW_bsp\libhal_bsp.a(altera_avalon_jtag_uart_write.o)
 .comment       0x000000000000002c       0x2d D:/College/CST455/ProjectV2/software/TermProject_SW_bsp\libhal_bsp.a(altera_avalon_timer_sc.o)
 .comment       0x000000000000002c       0x2d D:/College/CST455/ProjectV2/software/TermProject_SW_bsp\libhal_bsp.a(alt_alarm_start.o)
 .comment       0x000000000000002c       0x2d D:/College/CST455/ProjectV2/software/TermProject_SW_bsp\libhal_bsp.a(alt_close.o)
 .comment       0x000000000000002c       0x2d D:/College/CST455/ProjectV2/software/TermProject_SW_bsp\libhal_bsp.a(alt_dcache_flush_all.o)
 .comment       0x000000000000002c       0x2d D:/College/CST455/ProjectV2/software/TermProject_SW_bsp\libhal_bsp.a(alt_dev.o)
 .comment       0x000000000000002c       0x2d D:/College/CST455/ProjectV2/software/TermProject_SW_bsp\libhal_bsp.a(alt_dev_llist_insert.o)
 .comment       0x000000000000002c       0x2d D:/College/CST455/ProjectV2/software/TermProject_SW_bsp\libhal_bsp.a(alt_do_ctors.o)
 .comment       0x000000000000002c       0x2d D:/College/CST455/ProjectV2/software/TermProject_SW_bsp\libhal_bsp.a(alt_do_dtors.o)
 .comment       0x000000000000002c       0x2d D:/College/CST455/ProjectV2/software/TermProject_SW_bsp\libhal_bsp.a(alt_errno.o)
 .comment       0x000000000000002c       0x2d D:/College/CST455/ProjectV2/software/TermProject_SW_bsp\libhal_bsp.a(alt_icache_flush_all.o)
 .comment       0x000000000000002c       0x2d D:/College/CST455/ProjectV2/software/TermProject_SW_bsp\libhal_bsp.a(alt_io_redirect.o)
 .comment       0x000000000000002c       0x2d D:/College/CST455/ProjectV2/software/TermProject_SW_bsp\libhal_bsp.a(alt_open.o)
 .comment       0x000000000000002c       0x2d D:/College/CST455/ProjectV2/software/TermProject_SW_bsp\libhal_bsp.a(alt_release_fd.o)
 .comment       0x000000000000002c       0x2d D:/College/CST455/ProjectV2/software/TermProject_SW_bsp\libhal_bsp.a(alt_tick.o)
 .comment       0x000000000000002c       0x2d D:/College/CST455/ProjectV2/software/TermProject_SW_bsp\libhal_bsp.a(altera_nios2_gen2_irq.o)
 .comment       0x000000000000002c       0x2d D:/College/CST455/ProjectV2/software/TermProject_SW_bsp\libhal_bsp.a(alt_find_dev.o)
 .comment       0x000000000000002c       0x2d D:/College/CST455/ProjectV2/software/TermProject_SW_bsp\libhal_bsp.a(alt_find_file.o)
 .comment       0x000000000000002c       0x2d D:/College/CST455/ProjectV2/software/TermProject_SW_bsp\libhal_bsp.a(alt_get_fd.o)
 .comment       0x000000000000002c       0x2d D:/College/CST455/ProjectV2/software/TermProject_SW_bsp\libhal_bsp.a(alt_icache_flush.o)
 .comment       0x000000000000002c       0x2d d:/college/quartus/lite/nios2eds/bin/gnu/h-x86_64-mingw32/bin/../lib/gcc/nios2-elf/9.2.1/../../../../../H-x86_64-mingw32/nios2-elf/lib\libc.a(lib_a-atexit.o)
 .comment       0x000000000000002c       0x2d d:/college/quartus/lite/nios2eds/bin/gnu/h-x86_64-mingw32/bin/../lib/gcc/nios2-elf/9.2.1/../../../../../H-x86_64-mingw32/nios2-elf/lib\libc.a(lib_a-exit.o)
 .comment       0x000000000000002c       0x2d d:/college/quartus/lite/nios2eds/bin/gnu/h-x86_64-mingw32/bin/../lib/gcc/nios2-elf/9.2.1/../../../../../H-x86_64-mingw32/nios2-elf/lib\libc.a(lib_a-impure.o)
 .comment       0x000000000000002c       0x2d d:/college/quartus/lite/nios2eds/bin/gnu/h-x86_64-mingw32/bin/../lib/gcc/nios2-elf/9.2.1/../../../../../H-x86_64-mingw32/nios2-elf/lib\libc.a(lib_a-int_errno.o)
 .comment       0x000000000000002c       0x2d d:/college/quartus/lite/nios2eds/bin/gnu/h-x86_64-mingw32/bin/../lib/gcc/nios2-elf/9.2.1/../../../../../H-x86_64-mingw32/nios2-elf/lib\libc.a(lib_a-memcmp.o)
 .comment       0x000000000000002c       0x2d d:/college/quartus/lite/nios2eds/bin/gnu/h-x86_64-mingw32/bin/../lib/gcc/nios2-elf/9.2.1/../../../../../H-x86_64-mingw32/nios2-elf/lib\libc.a(lib_a-strlen.o)
 .comment       0x000000000000002c       0x2d d:/college/quartus/lite/nios2eds/bin/gnu/h-x86_64-mingw32/bin/../lib/gcc/nios2-elf/9.2.1/../../../../../H-x86_64-mingw32/nios2-elf/lib\libc.a(lib_a-__atexit.o)
 .comment       0x000000000000002c       0x2d d:/college/quartus/lite/nios2eds/bin/gnu/h-x86_64-mingw32/bin/../lib/gcc/nios2-elf/9.2.1/../../../../../H-x86_64-mingw32/nios2-elf/lib\libc.a(lib_a-__call_atexit.o)
 .comment       0x000000000000002c       0x2d D:/College/CST455/ProjectV2/software/TermProject_SW_bsp\libhal_bsp.a(alt_exit.o)

.debug
 *(.debug)

.line
 *(.line)

.debug_srcinfo
 *(.debug_srcinfo)

.debug_sfnames
 *(.debug_sfnames)

.debug_aranges  0x0000000000000000      0x678
 *(.debug_aranges)
 .debug_aranges
                0x0000000000000000       0x28 D:/College/CST455/ProjectV2/software/TermProject_SW_bsp/obj/HAL/src/crt0.o
 .debug_aranges
                0x0000000000000028       0x20 obj/default/FreeRTOS/portable/GCC/NiosII/port.o
 .debug_aranges
                0x0000000000000048       0x20 obj/default/FreeRTOS/portable/MemMang/heap_1.o
 .debug_aranges
                0x0000000000000068       0x18 obj/default/FreeRTOS/source/croutine.o
 .debug_aranges
                0x0000000000000080       0x20 obj/default/FreeRTOS/source/event_groups.o
 .debug_aranges
                0x00000000000000a0       0x20 obj/default/FreeRTOS/source/list.o
 .debug_aranges
                0x00000000000000c0       0x20 obj/default/FreeRTOS/source/queue.o
 .debug_aranges
                0x00000000000000e0       0x20 obj/default/FreeRTOS/source/stream_buffer.o
 .debug_aranges
                0x0000000000000100       0x20 obj/default/FreeRTOS/source/tasks.o
 .debug_aranges
                0x0000000000000120       0x18 obj/default/FreeRTOS/source/timers.o
 .debug_aranges
                0x0000000000000138       0x20 obj/default/hello_world.o
 .debug_aranges
                0x0000000000000158       0x40 obj/default/FreeRTOS/portable/GCC/NiosII/port_asm.o
 .debug_aranges
                0x0000000000000198       0x20 d:/college/quartus/lite/nios2eds/bin/gnu/h-x86_64-mingw32/bin/../lib/gcc/nios2-elf/9.2.1/../../../../../H-x86_64-mingw32/nios2-elf/lib\libc.a(lib_a-memcpy.o)
 .debug_aranges
                0x00000000000001b8       0x20 d:/college/quartus/lite/nios2eds/bin/gnu/h-x86_64-mingw32/bin/../lib/gcc/nios2-elf/9.2.1/../../../../../H-x86_64-mingw32/nios2-elf/lib\libc.a(lib_a-memset.o)
 .debug_aranges
                0x00000000000001d8       0x20 D:/College/CST455/ProjectV2/software/TermProject_SW_bsp\libhal_bsp.a(alt_irq_handler.o)
 .debug_aranges
                0x00000000000001f8       0x18 D:/College/CST455/ProjectV2/software/TermProject_SW_bsp\libhal_bsp.a(alt_irq_vars.o)
 .debug_aranges
                0x0000000000000210       0x20 D:/College/CST455/ProjectV2/software/TermProject_SW_bsp\libhal_bsp.a(alt_load.o)
 .debug_aranges
                0x0000000000000230       0x20 D:/College/CST455/ProjectV2/software/TermProject_SW_bsp\libhal_bsp.a(alt_main.o)
 .debug_aranges
                0x0000000000000250       0x20 D:/College/CST455/ProjectV2/software/TermProject_SW_bsp\libhal_bsp.a(alt_sys_init.o)
 .debug_aranges
                0x0000000000000270       0x20 D:/College/CST455/ProjectV2/software/TermProject_SW_bsp\libhal_bsp.a(altera_avalon_jtag_uart_fd.o)
 .debug_aranges
                0x0000000000000290       0x20 D:/College/CST455/ProjectV2/software/TermProject_SW_bsp\libhal_bsp.a(altera_avalon_jtag_uart_init.o)
 .debug_aranges
                0x00000000000002b0       0x20 D:/College/CST455/ProjectV2/software/TermProject_SW_bsp\libhal_bsp.a(altera_avalon_jtag_uart_ioctl.o)
 .debug_aranges
                0x00000000000002d0       0x20 D:/College/CST455/ProjectV2/software/TermProject_SW_bsp\libhal_bsp.a(altera_avalon_jtag_uart_read.o)
 .debug_aranges
                0x00000000000002f0       0x20 D:/College/CST455/ProjectV2/software/TermProject_SW_bsp\libhal_bsp.a(altera_avalon_jtag_uart_write.o)
 .debug_aranges
                0x0000000000000310       0x20 D:/College/CST455/ProjectV2/software/TermProject_SW_bsp\libhal_bsp.a(altera_avalon_timer_sc.o)
 .debug_aranges
                0x0000000000000330       0x20 D:/College/CST455/ProjectV2/software/TermProject_SW_bsp\libhal_bsp.a(alt_alarm_start.o)
 .debug_aranges
                0x0000000000000350       0x20 D:/College/CST455/ProjectV2/software/TermProject_SW_bsp\libhal_bsp.a(alt_close.o)
 .debug_aranges
                0x0000000000000370       0x20 D:/College/CST455/ProjectV2/software/TermProject_SW_bsp\libhal_bsp.a(alt_dcache_flush_all.o)
 .debug_aranges
                0x0000000000000390       0x20 D:/College/CST455/ProjectV2/software/TermProject_SW_bsp\libhal_bsp.a(alt_dev.o)
 .debug_aranges
                0x00000000000003b0       0x20 D:/College/CST455/ProjectV2/software/TermProject_SW_bsp\libhal_bsp.a(alt_dev_llist_insert.o)
 .debug_aranges
                0x00000000000003d0       0x20 D:/College/CST455/ProjectV2/software/TermProject_SW_bsp\libhal_bsp.a(alt_do_ctors.o)
 .debug_aranges
                0x00000000000003f0       0x20 D:/College/CST455/ProjectV2/software/TermProject_SW_bsp\libhal_bsp.a(alt_do_dtors.o)
 .debug_aranges
                0x0000000000000410       0x18 D:/College/CST455/ProjectV2/software/TermProject_SW_bsp\libhal_bsp.a(alt_errno.o)
 .debug_aranges
                0x0000000000000428       0x20 D:/College/CST455/ProjectV2/software/TermProject_SW_bsp\libhal_bsp.a(alt_icache_flush_all.o)
 .debug_aranges
                0x0000000000000448       0x20 D:/College/CST455/ProjectV2/software/TermProject_SW_bsp\libhal_bsp.a(alt_io_redirect.o)
 .debug_aranges
                0x0000000000000468       0x20 D:/College/CST455/ProjectV2/software/TermProject_SW_bsp\libhal_bsp.a(alt_open.o)
 .debug_aranges
                0x0000000000000488       0x20 D:/College/CST455/ProjectV2/software/TermProject_SW_bsp\libhal_bsp.a(alt_release_fd.o)
 .debug_aranges
                0x00000000000004a8       0x20 D:/College/CST455/ProjectV2/software/TermProject_SW_bsp\libhal_bsp.a(alt_tick.o)
 .debug_aranges
                0x00000000000004c8       0x20 D:/College/CST455/ProjectV2/software/TermProject_SW_bsp\libhal_bsp.a(altera_nios2_gen2_irq.o)
 .debug_aranges
                0x00000000000004e8       0x20 D:/College/CST455/ProjectV2/software/TermProject_SW_bsp\libhal_bsp.a(alt_find_dev.o)
 .debug_aranges
                0x0000000000000508       0x20 D:/College/CST455/ProjectV2/software/TermProject_SW_bsp\libhal_bsp.a(alt_find_file.o)
 .debug_aranges
                0x0000000000000528       0x20 D:/College/CST455/ProjectV2/software/TermProject_SW_bsp\libhal_bsp.a(alt_get_fd.o)
 .debug_aranges
                0x0000000000000548       0x20 D:/College/CST455/ProjectV2/software/TermProject_SW_bsp\libhal_bsp.a(alt_icache_flush.o)
 .debug_aranges
                0x0000000000000568       0x20 d:/college/quartus/lite/nios2eds/bin/gnu/h-x86_64-mingw32/bin/../lib/gcc/nios2-elf/9.2.1/../../../../../H-x86_64-mingw32/nios2-elf/lib\libc.a(lib_a-atexit.o)
 .debug_aranges
                0x0000000000000588       0x20 d:/college/quartus/lite/nios2eds/bin/gnu/h-x86_64-mingw32/bin/../lib/gcc/nios2-elf/9.2.1/../../../../../H-x86_64-mingw32/nios2-elf/lib\libc.a(lib_a-exit.o)
 .debug_aranges
                0x00000000000005a8       0x18 d:/college/quartus/lite/nios2eds/bin/gnu/h-x86_64-mingw32/bin/../lib/gcc/nios2-elf/9.2.1/../../../../../H-x86_64-mingw32/nios2-elf/lib\libc.a(lib_a-impure.o)
 .debug_aranges
                0x00000000000005c0       0x18 d:/college/quartus/lite/nios2eds/bin/gnu/h-x86_64-mingw32/bin/../lib/gcc/nios2-elf/9.2.1/../../../../../H-x86_64-mingw32/nios2-elf/lib\libc.a(lib_a-int_errno.o)
 .debug_aranges
                0x00000000000005d8       0x20 d:/college/quartus/lite/nios2eds/bin/gnu/h-x86_64-mingw32/bin/../lib/gcc/nios2-elf/9.2.1/../../../../../H-x86_64-mingw32/nios2-elf/lib\libc.a(lib_a-memcmp.o)
 .debug_aranges
                0x00000000000005f8       0x20 d:/college/quartus/lite/nios2eds/bin/gnu/h-x86_64-mingw32/bin/../lib/gcc/nios2-elf/9.2.1/../../../../../H-x86_64-mingw32/nios2-elf/lib\libc.a(lib_a-strlen.o)
 .debug_aranges
                0x0000000000000618       0x20 d:/college/quartus/lite/nios2eds/bin/gnu/h-x86_64-mingw32/bin/../lib/gcc/nios2-elf/9.2.1/../../../../../H-x86_64-mingw32/nios2-elf/lib\libc.a(lib_a-__atexit.o)
 .debug_aranges
                0x0000000000000638       0x20 d:/college/quartus/lite/nios2eds/bin/gnu/h-x86_64-mingw32/bin/../lib/gcc/nios2-elf/9.2.1/../../../../../H-x86_64-mingw32/nios2-elf/lib\libc.a(lib_a-__call_atexit.o)
 .debug_aranges
                0x0000000000000658       0x20 D:/College/CST455/ProjectV2/software/TermProject_SW_bsp\libhal_bsp.a(alt_exit.o)

.debug_pubnames
 *(.debug_pubnames)

.debug_info     0x0000000000000000    0x23210
 *(.debug_info .gnu.linkonce.wi.*)
 .debug_info    0x0000000000000000       0x22 D:/College/CST455/ProjectV2/software/TermProject_SW_bsp/obj/HAL/src/crt0.o
 .debug_info    0x0000000000000022      0xd00 obj/default/FreeRTOS/portable/GCC/NiosII/port.o
 .debug_info    0x0000000000000d22      0xa5c obj/default/FreeRTOS/portable/MemMang/heap_1.o
 .debug_info    0x000000000000177e      0x93b obj/default/FreeRTOS/source/croutine.o
 .debug_info    0x00000000000020b9      0xf52 obj/default/FreeRTOS/source/event_groups.o
 .debug_info    0x000000000000300b      0xba0 obj/default/FreeRTOS/source/list.o
 .debug_info    0x0000000000003bab     0x17b7 obj/default/FreeRTOS/source/queue.o
 .debug_info    0x0000000000005362     0x147a obj/default/FreeRTOS/source/stream_buffer.o
 .debug_info    0x00000000000067dc     0x1fa7 obj/default/FreeRTOS/source/tasks.o
 .debug_info    0x0000000000008783      0x947 obj/default/FreeRTOS/source/timers.o
 .debug_info    0x00000000000090ca      0xba4 obj/default/hello_world.o
 .debug_info    0x0000000000009c6e       0x22 obj/default/FreeRTOS/portable/GCC/NiosII/port_asm.o
 .debug_info    0x0000000000009c90      0xf47 d:/college/quartus/lite/nios2eds/bin/gnu/h-x86_64-mingw32/bin/../lib/gcc/nios2-elf/9.2.1/../../../../../H-x86_64-mingw32/nios2-elf/lib\libc.a(lib_a-memcpy.o)
 .debug_info    0x000000000000abd7      0xf2d d:/college/quartus/lite/nios2eds/bin/gnu/h-x86_64-mingw32/bin/../lib/gcc/nios2-elf/9.2.1/../../../../../H-x86_64-mingw32/nios2-elf/lib\libc.a(lib_a-memset.o)
 .debug_info    0x000000000000bb04      0xa41 D:/College/CST455/ProjectV2/software/TermProject_SW_bsp\libhal_bsp.a(alt_irq_handler.o)
 .debug_info    0x000000000000c545       0x8b D:/College/CST455/ProjectV2/software/TermProject_SW_bsp\libhal_bsp.a(alt_irq_vars.o)
 .debug_info    0x000000000000c5d0      0x9f5 D:/College/CST455/ProjectV2/software/TermProject_SW_bsp\libhal_bsp.a(alt_load.o)
 .debug_info    0x000000000000cfc5      0xe76 D:/College/CST455/ProjectV2/software/TermProject_SW_bsp\libhal_bsp.a(alt_main.o)
 .debug_info    0x000000000000de3b      0xdd4 D:/College/CST455/ProjectV2/software/TermProject_SW_bsp\libhal_bsp.a(alt_sys_init.o)
 .debug_info    0x000000000000ec0f      0x566 D:/College/CST455/ProjectV2/software/TermProject_SW_bsp\libhal_bsp.a(altera_avalon_jtag_uart_fd.o)
 .debug_info    0x000000000000f175      0xcf6 D:/College/CST455/ProjectV2/software/TermProject_SW_bsp\libhal_bsp.a(altera_avalon_jtag_uart_init.o)
 .debug_info    0x000000000000fe6b      0xb97 D:/College/CST455/ProjectV2/software/TermProject_SW_bsp\libhal_bsp.a(altera_avalon_jtag_uart_ioctl.o)
 .debug_info    0x0000000000010a02      0xc54 D:/College/CST455/ProjectV2/software/TermProject_SW_bsp\libhal_bsp.a(altera_avalon_jtag_uart_read.o)
 .debug_info    0x0000000000011656      0xc4a D:/College/CST455/ProjectV2/software/TermProject_SW_bsp\libhal_bsp.a(altera_avalon_jtag_uart_write.o)
 .debug_info    0x00000000000122a0      0xb19 D:/College/CST455/ProjectV2/software/TermProject_SW_bsp\libhal_bsp.a(altera_avalon_timer_sc.o)
 .debug_info    0x0000000000012db9      0xba4 D:/College/CST455/ProjectV2/software/TermProject_SW_bsp\libhal_bsp.a(alt_alarm_start.o)
 .debug_info    0x000000000001395d      0xc60 D:/College/CST455/ProjectV2/software/TermProject_SW_bsp\libhal_bsp.a(alt_close.o)
 .debug_info    0x00000000000145bd      0x942 D:/College/CST455/ProjectV2/software/TermProject_SW_bsp\libhal_bsp.a(alt_dcache_flush_all.o)
 .debug_info    0x0000000000014eff      0xe95 D:/College/CST455/ProjectV2/software/TermProject_SW_bsp\libhal_bsp.a(alt_dev.o)
 .debug_info    0x0000000000015d94      0xa6e D:/College/CST455/ProjectV2/software/TermProject_SW_bsp\libhal_bsp.a(alt_dev_llist_insert.o)
 .debug_info    0x0000000000016802       0x88 D:/College/CST455/ProjectV2/software/TermProject_SW_bsp\libhal_bsp.a(alt_do_ctors.o)
 .debug_info    0x000000000001688a       0x88 D:/College/CST455/ProjectV2/software/TermProject_SW_bsp\libhal_bsp.a(alt_do_dtors.o)
 .debug_info    0x0000000000016912      0x972 D:/College/CST455/ProjectV2/software/TermProject_SW_bsp\libhal_bsp.a(alt_errno.o)
 .debug_info    0x0000000000017284      0x934 D:/College/CST455/ProjectV2/software/TermProject_SW_bsp\libhal_bsp.a(alt_icache_flush_all.o)
 .debug_info    0x0000000000017bb8      0xe75 D:/College/CST455/ProjectV2/software/TermProject_SW_bsp\libhal_bsp.a(alt_io_redirect.o)
 .debug_info    0x0000000000018a2d      0xc9f D:/College/CST455/ProjectV2/software/TermProject_SW_bsp\libhal_bsp.a(alt_open.o)
 .debug_info    0x00000000000196cc      0x2e9 D:/College/CST455/ProjectV2/software/TermProject_SW_bsp\libhal_bsp.a(alt_release_fd.o)
 .debug_info    0x00000000000199b5      0xb84 D:/College/CST455/ProjectV2/software/TermProject_SW_bsp\libhal_bsp.a(alt_tick.o)
 .debug_info    0x000000000001a539      0x955 D:/College/CST455/ProjectV2/software/TermProject_SW_bsp\libhal_bsp.a(altera_nios2_gen2_irq.o)
 .debug_info    0x000000000001ae8e      0xbb2 D:/College/CST455/ProjectV2/software/TermProject_SW_bsp\libhal_bsp.a(alt_find_dev.o)
 .debug_info    0x000000000001ba40      0xba3 D:/College/CST455/ProjectV2/software/TermProject_SW_bsp\libhal_bsp.a(alt_find_file.o)
 .debug_info    0x000000000001c5e3      0xbea D:/College/CST455/ProjectV2/software/TermProject_SW_bsp\libhal_bsp.a(alt_get_fd.o)
 .debug_info    0x000000000001d1cd      0x97b D:/College/CST455/ProjectV2/software/TermProject_SW_bsp\libhal_bsp.a(alt_icache_flush.o)
 .debug_info    0x000000000001db48      0x9a1 d:/college/quartus/lite/nios2eds/bin/gnu/h-x86_64-mingw32/bin/../lib/gcc/nios2-elf/9.2.1/../../../../../H-x86_64-mingw32/nios2-elf/lib\libc.a(lib_a-atexit.o)
 .debug_info    0x000000000001e4e9      0x9dc d:/college/quartus/lite/nios2eds/bin/gnu/h-x86_64-mingw32/bin/../lib/gcc/nios2-elf/9.2.1/../../../../../H-x86_64-mingw32/nios2-elf/lib\libc.a(lib_a-exit.o)
 .debug_info    0x000000000001eec5      0x936 d:/college/quartus/lite/nios2eds/bin/gnu/h-x86_64-mingw32/bin/../lib/gcc/nios2-elf/9.2.1/../../../../../H-x86_64-mingw32/nios2-elf/lib\libc.a(lib_a-impure.o)
 .debug_info    0x000000000001f7fb      0x92c d:/college/quartus/lite/nios2eds/bin/gnu/h-x86_64-mingw32/bin/../lib/gcc/nios2-elf/9.2.1/../../../../../H-x86_64-mingw32/nios2-elf/lib\libc.a(lib_a-int_errno.o)
 .debug_info    0x0000000000020127      0x9ce d:/college/quartus/lite/nios2eds/bin/gnu/h-x86_64-mingw32/bin/../lib/gcc/nios2-elf/9.2.1/../../../../../H-x86_64-mingw32/nios2-elf/lib\libc.a(lib_a-memcmp.o)
 .debug_info    0x0000000000020af5      0x97f d:/college/quartus/lite/nios2eds/bin/gnu/h-x86_64-mingw32/bin/../lib/gcc/nios2-elf/9.2.1/../../../../../H-x86_64-mingw32/nios2-elf/lib\libc.a(lib_a-strlen.o)
 .debug_info    0x0000000000021474      0x9db d:/college/quartus/lite/nios2eds/bin/gnu/h-x86_64-mingw32/bin/../lib/gcc/nios2-elf/9.2.1/../../../../../H-x86_64-mingw32/nios2-elf/lib\libc.a(lib_a-__atexit.o)
 .debug_info    0x0000000000021e4f      0xa17 d:/college/quartus/lite/nios2eds/bin/gnu/h-x86_64-mingw32/bin/../lib/gcc/nios2-elf/9.2.1/../../../../../H-x86_64-mingw32/nios2-elf/lib\libc.a(lib_a-__call_atexit.o)
 .debug_info    0x0000000000022866      0x9aa D:/College/CST455/ProjectV2/software/TermProject_SW_bsp\libhal_bsp.a(alt_exit.o)

.debug_abbrev   0x0000000000000000     0x6d89
 *(.debug_abbrev)
 .debug_abbrev  0x0000000000000000       0x12 D:/College/CST455/ProjectV2/software/TermProject_SW_bsp/obj/HAL/src/crt0.o
 .debug_abbrev  0x0000000000000012      0x37d obj/default/FreeRTOS/portable/GCC/NiosII/port.o
 .debug_abbrev  0x000000000000038f      0x275 obj/default/FreeRTOS/portable/MemMang/heap_1.o
 .debug_abbrev  0x0000000000000604      0x1c7 obj/default/FreeRTOS/source/croutine.o
 .debug_abbrev  0x00000000000007cb      0x2cd obj/default/FreeRTOS/source/event_groups.o
 .debug_abbrev  0x0000000000000a98      0x248 obj/default/FreeRTOS/source/list.o
 .debug_abbrev  0x0000000000000ce0      0x2d3 obj/default/FreeRTOS/source/queue.o
 .debug_abbrev  0x0000000000000fb3      0x306 obj/default/FreeRTOS/source/stream_buffer.o
 .debug_abbrev  0x00000000000012b9      0x39c obj/default/FreeRTOS/source/tasks.o
 .debug_abbrev  0x0000000000001655      0x1c7 obj/default/FreeRTOS/source/timers.o
 .debug_abbrev  0x000000000000181c      0x2f5 obj/default/hello_world.o
 .debug_abbrev  0x0000000000001b11       0x12 obj/default/FreeRTOS/portable/GCC/NiosII/port_asm.o
 .debug_abbrev  0x0000000000001b23      0x223 d:/college/quartus/lite/nios2eds/bin/gnu/h-x86_64-mingw32/bin/../lib/gcc/nios2-elf/9.2.1/../../../../../H-x86_64-mingw32/nios2-elf/lib\libc.a(lib_a-memcpy.o)
 .debug_abbrev  0x0000000000001d46      0x228 d:/college/quartus/lite/nios2eds/bin/gnu/h-x86_64-mingw32/bin/../lib/gcc/nios2-elf/9.2.1/../../../../../H-x86_64-mingw32/nios2-elf/lib\libc.a(lib_a-memset.o)
 .debug_abbrev  0x0000000000001f6e      0x26b D:/College/CST455/ProjectV2/software/TermProject_SW_bsp\libhal_bsp.a(alt_irq_handler.o)
 .debug_abbrev  0x00000000000021d9       0x44 D:/College/CST455/ProjectV2/software/TermProject_SW_bsp\libhal_bsp.a(alt_irq_vars.o)
 .debug_abbrev  0x000000000000221d      0x21c D:/College/CST455/ProjectV2/software/TermProject_SW_bsp\libhal_bsp.a(alt_load.o)
 .debug_abbrev  0x0000000000002439      0x21e D:/College/CST455/ProjectV2/software/TermProject_SW_bsp\libhal_bsp.a(alt_main.o)
 .debug_abbrev  0x0000000000002657      0x287 D:/College/CST455/ProjectV2/software/TermProject_SW_bsp\libhal_bsp.a(alt_sys_init.o)
 .debug_abbrev  0x00000000000028de      0x159 D:/College/CST455/ProjectV2/software/TermProject_SW_bsp\libhal_bsp.a(altera_avalon_jtag_uart_fd.o)
 .debug_abbrev  0x0000000000002a37      0x2ce D:/College/CST455/ProjectV2/software/TermProject_SW_bsp\libhal_bsp.a(altera_avalon_jtag_uart_init.o)
 .debug_abbrev  0x0000000000002d05      0x235 D:/College/CST455/ProjectV2/software/TermProject_SW_bsp\libhal_bsp.a(altera_avalon_jtag_uart_ioctl.o)
 .debug_abbrev  0x0000000000002f3a      0x2d3 D:/College/CST455/ProjectV2/software/TermProject_SW_bsp\libhal_bsp.a(altera_avalon_jtag_uart_read.o)
 .debug_abbrev  0x000000000000320d      0x2ca D:/College/CST455/ProjectV2/software/TermProject_SW_bsp\libhal_bsp.a(altera_avalon_jtag_uart_write.o)
 .debug_abbrev  0x00000000000034d7      0x2ca D:/College/CST455/ProjectV2/software/TermProject_SW_bsp\libhal_bsp.a(altera_avalon_timer_sc.o)
 .debug_abbrev  0x00000000000037a1      0x2c3 D:/College/CST455/ProjectV2/software/TermProject_SW_bsp\libhal_bsp.a(alt_alarm_start.o)
 .debug_abbrev  0x0000000000003a64      0x23f D:/College/CST455/ProjectV2/software/TermProject_SW_bsp\libhal_bsp.a(alt_close.o)
 .debug_abbrev  0x0000000000003ca3      0x1f1 D:/College/CST455/ProjectV2/software/TermProject_SW_bsp\libhal_bsp.a(alt_dcache_flush_all.o)
 .debug_abbrev  0x0000000000003e94      0x212 D:/College/CST455/ProjectV2/software/TermProject_SW_bsp\libhal_bsp.a(alt_dev.o)
 .debug_abbrev  0x00000000000040a6      0x268 D:/College/CST455/ProjectV2/software/TermProject_SW_bsp\libhal_bsp.a(alt_dev_llist_insert.o)
 .debug_abbrev  0x000000000000430e       0x81 D:/College/CST455/ProjectV2/software/TermProject_SW_bsp\libhal_bsp.a(alt_do_ctors.o)
 .debug_abbrev  0x000000000000438f       0x81 D:/College/CST455/ProjectV2/software/TermProject_SW_bsp\libhal_bsp.a(alt_do_dtors.o)
 .debug_abbrev  0x0000000000004410      0x1df D:/College/CST455/ProjectV2/software/TermProject_SW_bsp\libhal_bsp.a(alt_errno.o)
 .debug_abbrev  0x00000000000045ef      0x1e0 D:/College/CST455/ProjectV2/software/TermProject_SW_bsp\libhal_bsp.a(alt_icache_flush_all.o)
 .debug_abbrev  0x00000000000047cf      0x232 D:/College/CST455/ProjectV2/software/TermProject_SW_bsp\libhal_bsp.a(alt_io_redirect.o)
 .debug_abbrev  0x0000000000004a01      0x26c D:/College/CST455/ProjectV2/software/TermProject_SW_bsp\libhal_bsp.a(alt_open.o)
 .debug_abbrev  0x0000000000004c6d       0xea D:/College/CST455/ProjectV2/software/TermProject_SW_bsp\libhal_bsp.a(alt_release_fd.o)
 .debug_abbrev  0x0000000000004d57      0x2b5 D:/College/CST455/ProjectV2/software/TermProject_SW_bsp\libhal_bsp.a(alt_tick.o)
 .debug_abbrev  0x000000000000500c      0x1e5 D:/College/CST455/ProjectV2/software/TermProject_SW_bsp\libhal_bsp.a(altera_nios2_gen2_irq.o)
 .debug_abbrev  0x00000000000051f1      0x21a D:/College/CST455/ProjectV2/software/TermProject_SW_bsp\libhal_bsp.a(alt_find_dev.o)
 .debug_abbrev  0x000000000000540b      0x21a D:/College/CST455/ProjectV2/software/TermProject_SW_bsp\libhal_bsp.a(alt_find_file.o)
 .debug_abbrev  0x0000000000005625      0x22d D:/College/CST455/ProjectV2/software/TermProject_SW_bsp\libhal_bsp.a(alt_get_fd.o)
 .debug_abbrev  0x0000000000005852      0x213 D:/College/CST455/ProjectV2/software/TermProject_SW_bsp\libhal_bsp.a(alt_icache_flush.o)
 .debug_abbrev  0x0000000000005a65      0x243 d:/college/quartus/lite/nios2eds/bin/gnu/h-x86_64-mingw32/bin/../lib/gcc/nios2-elf/9.2.1/../../../../../H-x86_64-mingw32/nios2-elf/lib\libc.a(lib_a-atexit.o)
 .debug_abbrev  0x0000000000005ca8      0x230 d:/college/quartus/lite/nios2eds/bin/gnu/h-x86_64-mingw32/bin/../lib/gcc/nios2-elf/9.2.1/../../../../../H-x86_64-mingw32/nios2-elf/lib\libc.a(lib_a-exit.o)
 .debug_abbrev  0x0000000000005ed8      0x1c9 d:/college/quartus/lite/nios2eds/bin/gnu/h-x86_64-mingw32/bin/../lib/gcc/nios2-elf/9.2.1/../../../../../H-x86_64-mingw32/nios2-elf/lib\libc.a(lib_a-impure.o)
 .debug_abbrev  0x00000000000060a1      0x1d5 d:/college/quartus/lite/nios2eds/bin/gnu/h-x86_64-mingw32/bin/../lib/gcc/nios2-elf/9.2.1/../../../../../H-x86_64-mingw32/nios2-elf/lib\libc.a(lib_a-int_errno.o)
 .debug_abbrev  0x0000000000006276      0x1fe d:/college/quartus/lite/nios2eds/bin/gnu/h-x86_64-mingw32/bin/../lib/gcc/nios2-elf/9.2.1/../../../../../H-x86_64-mingw32/nios2-elf/lib\libc.a(lib_a-memcmp.o)
 .debug_abbrev  0x0000000000006474      0x1f9 d:/college/quartus/lite/nios2eds/bin/gnu/h-x86_64-mingw32/bin/../lib/gcc/nios2-elf/9.2.1/../../../../../H-x86_64-mingw32/nios2-elf/lib\libc.a(lib_a-strlen.o)
 .debug_abbrev  0x000000000000666d      0x263 d:/college/quartus/lite/nios2eds/bin/gnu/h-x86_64-mingw32/bin/../lib/gcc/nios2-elf/9.2.1/../../../../../H-x86_64-mingw32/nios2-elf/lib\libc.a(lib_a-__atexit.o)
 .debug_abbrev  0x00000000000068d0      0x26c d:/college/quartus/lite/nios2eds/bin/gnu/h-x86_64-mingw32/bin/../lib/gcc/nios2-elf/9.2.1/../../../../../H-x86_64-mingw32/nios2-elf/lib\libc.a(lib_a-__call_atexit.o)
 .debug_abbrev  0x0000000000006b3c      0x24d D:/College/CST455/ProjectV2/software/TermProject_SW_bsp\libhal_bsp.a(alt_exit.o)

.debug_line     0x0000000000000000     0x87ba
 *(.debug_line)
 .debug_line    0x0000000000000000       0x72 D:/College/CST455/ProjectV2/software/TermProject_SW_bsp/obj/HAL/src/crt0.o
 .debug_line    0x0000000000000072      0x4cd obj/default/FreeRTOS/portable/GCC/NiosII/port.o
 .debug_line    0x000000000000053f      0x266 obj/default/FreeRTOS/portable/MemMang/heap_1.o
 .debug_line    0x00000000000007a5       0xff obj/default/FreeRTOS/source/croutine.o
 .debug_line    0x00000000000008a4      0x4e7 obj/default/FreeRTOS/source/event_groups.o
 .debug_line    0x0000000000000d8b      0x372 obj/default/FreeRTOS/source/list.o
 .debug_line    0x00000000000010fd      0x9e7 obj/default/FreeRTOS/source/queue.o
 .debug_line    0x0000000000001ae4      0x672 obj/default/FreeRTOS/source/stream_buffer.o
 .debug_line    0x0000000000002156     0x1060 obj/default/FreeRTOS/source/tasks.o
 .debug_line    0x00000000000031b6      0x157 obj/default/FreeRTOS/source/timers.o
 .debug_line    0x000000000000330d      0x357 obj/default/hello_world.o
 .debug_line    0x0000000000003664       0xe7 obj/default/FreeRTOS/portable/GCC/NiosII/port_asm.o
 .debug_line    0x000000000000374b      0x322 d:/college/quartus/lite/nios2eds/bin/gnu/h-x86_64-mingw32/bin/../lib/gcc/nios2-elf/9.2.1/../../../../../H-x86_64-mingw32/nios2-elf/lib\libc.a(lib_a-memcpy.o)
 .debug_line    0x0000000000003a6d      0x34a d:/college/quartus/lite/nios2eds/bin/gnu/h-x86_64-mingw32/bin/../lib/gcc/nios2-elf/9.2.1/../../../../../H-x86_64-mingw32/nios2-elf/lib\libc.a(lib_a-memset.o)
 .debug_line    0x0000000000003db7      0x1b6 D:/College/CST455/ProjectV2/software/TermProject_SW_bsp\libhal_bsp.a(alt_irq_handler.o)
 .debug_line    0x0000000000003f6d       0x50 D:/College/CST455/ProjectV2/software/TermProject_SW_bsp\libhal_bsp.a(alt_irq_vars.o)
 .debug_line    0x0000000000003fbd      0x1d5 D:/College/CST455/ProjectV2/software/TermProject_SW_bsp\libhal_bsp.a(alt_load.o)
 .debug_line    0x0000000000004192      0x2c0 D:/College/CST455/ProjectV2/software/TermProject_SW_bsp\libhal_bsp.a(alt_main.o)
 .debug_line    0x0000000000004452      0x242 D:/College/CST455/ProjectV2/software/TermProject_SW_bsp\libhal_bsp.a(alt_sys_init.o)
 .debug_line    0x0000000000004694      0x149 D:/College/CST455/ProjectV2/software/TermProject_SW_bsp\libhal_bsp.a(altera_avalon_jtag_uart_fd.o)
 .debug_line    0x00000000000047dd      0x393 D:/College/CST455/ProjectV2/software/TermProject_SW_bsp\libhal_bsp.a(altera_avalon_jtag_uart_init.o)
 .debug_line    0x0000000000004b70      0x28c D:/College/CST455/ProjectV2/software/TermProject_SW_bsp\libhal_bsp.a(altera_avalon_jtag_uart_ioctl.o)
 .debug_line    0x0000000000004dfc      0x309 D:/College/CST455/ProjectV2/software/TermProject_SW_bsp\libhal_bsp.a(altera_avalon_jtag_uart_read.o)
 .debug_line    0x0000000000005105      0x30e D:/College/CST455/ProjectV2/software/TermProject_SW_bsp\libhal_bsp.a(altera_avalon_jtag_uart_write.o)
 .debug_line    0x0000000000005413      0x217 D:/College/CST455/ProjectV2/software/TermProject_SW_bsp\libhal_bsp.a(altera_avalon_timer_sc.o)
 .debug_line    0x000000000000562a      0x21a D:/College/CST455/ProjectV2/software/TermProject_SW_bsp\libhal_bsp.a(alt_alarm_start.o)
 .debug_line    0x0000000000005844      0x23f D:/College/CST455/ProjectV2/software/TermProject_SW_bsp\libhal_bsp.a(alt_close.o)
 .debug_line    0x0000000000005a83      0x19d D:/College/CST455/ProjectV2/software/TermProject_SW_bsp\libhal_bsp.a(alt_dcache_flush_all.o)
 .debug_line    0x0000000000005c20      0x289 D:/College/CST455/ProjectV2/software/TermProject_SW_bsp\libhal_bsp.a(alt_dev.o)
 .debug_line    0x0000000000005ea9      0x1e8 D:/College/CST455/ProjectV2/software/TermProject_SW_bsp\libhal_bsp.a(alt_dev_llist_insert.o)
 .debug_line    0x0000000000006091       0x66 D:/College/CST455/ProjectV2/software/TermProject_SW_bsp\libhal_bsp.a(alt_do_ctors.o)
 .debug_line    0x00000000000060f7       0x66 D:/College/CST455/ProjectV2/software/TermProject_SW_bsp\libhal_bsp.a(alt_do_dtors.o)
 .debug_line    0x000000000000615d      0x133 D:/College/CST455/ProjectV2/software/TermProject_SW_bsp\libhal_bsp.a(alt_errno.o)
 .debug_line    0x0000000000006290      0x185 D:/College/CST455/ProjectV2/software/TermProject_SW_bsp\libhal_bsp.a(alt_icache_flush_all.o)
 .debug_line    0x0000000000006415      0x2b1 D:/College/CST455/ProjectV2/software/TermProject_SW_bsp\libhal_bsp.a(alt_io_redirect.o)
 .debug_line    0x00000000000066c6      0x282 D:/College/CST455/ProjectV2/software/TermProject_SW_bsp\libhal_bsp.a(alt_open.o)
 .debug_line    0x0000000000006948       0xb6 D:/College/CST455/ProjectV2/software/TermProject_SW_bsp\libhal_bsp.a(alt_release_fd.o)
 .debug_line    0x00000000000069fe      0x242 D:/College/CST455/ProjectV2/software/TermProject_SW_bsp\libhal_bsp.a(alt_tick.o)
 .debug_line    0x0000000000006c40      0x139 D:/College/CST455/ProjectV2/software/TermProject_SW_bsp\libhal_bsp.a(altera_nios2_gen2_irq.o)
 .debug_line    0x0000000000006d79      0x1ac D:/College/CST455/ProjectV2/software/TermProject_SW_bsp\libhal_bsp.a(alt_find_dev.o)
 .debug_line    0x0000000000006f25      0x1da D:/College/CST455/ProjectV2/software/TermProject_SW_bsp\libhal_bsp.a(alt_find_file.o)
 .debug_line    0x00000000000070ff      0x1dc D:/College/CST455/ProjectV2/software/TermProject_SW_bsp\libhal_bsp.a(alt_get_fd.o)
 .debug_line    0x00000000000072db      0x1cf D:/College/CST455/ProjectV2/software/TermProject_SW_bsp\libhal_bsp.a(alt_icache_flush.o)
 .debug_line    0x00000000000074aa      0x1fe d:/college/quartus/lite/nios2eds/bin/gnu/h-x86_64-mingw32/bin/../lib/gcc/nios2-elf/9.2.1/../../../../../H-x86_64-mingw32/nios2-elf/lib\libc.a(lib_a-atexit.o)
 .debug_line    0x00000000000076a8      0x226 d:/college/quartus/lite/nios2eds/bin/gnu/h-x86_64-mingw32/bin/../lib/gcc/nios2-elf/9.2.1/../../../../../H-x86_64-mingw32/nios2-elf/lib\libc.a(lib_a-exit.o)
 .debug_line    0x00000000000078ce      0x163 d:/college/quartus/lite/nios2eds/bin/gnu/h-x86_64-mingw32/bin/../lib/gcc/nios2-elf/9.2.1/../../../../../H-x86_64-mingw32/nios2-elf/lib\libc.a(lib_a-impure.o)
 .debug_line    0x0000000000007a31      0x1d5 d:/college/quartus/lite/nios2eds/bin/gnu/h-x86_64-mingw32/bin/../lib/gcc/nios2-elf/9.2.1/../../../../../H-x86_64-mingw32/nios2-elf/lib\libc.a(lib_a-int_errno.o)
 .debug_line    0x0000000000007c06      0x26a d:/college/quartus/lite/nios2eds/bin/gnu/h-x86_64-mingw32/bin/../lib/gcc/nios2-elf/9.2.1/../../../../../H-x86_64-mingw32/nios2-elf/lib\libc.a(lib_a-memcmp.o)
 .debug_line    0x0000000000007e70      0x25f d:/college/quartus/lite/nios2eds/bin/gnu/h-x86_64-mingw32/bin/../lib/gcc/nios2-elf/9.2.1/../../../../../H-x86_64-mingw32/nios2-elf/lib\libc.a(lib_a-strlen.o)
 .debug_line    0x00000000000080cf      0x286 d:/college/quartus/lite/nios2eds/bin/gnu/h-x86_64-mingw32/bin/../lib/gcc/nios2-elf/9.2.1/../../../../../H-x86_64-mingw32/nios2-elf/lib\libc.a(lib_a-__atexit.o)
 .debug_line    0x0000000000008355      0x2fe d:/college/quartus/lite/nios2eds/bin/gnu/h-x86_64-mingw32/bin/../lib/gcc/nios2-elf/9.2.1/../../../../../H-x86_64-mingw32/nios2-elf/lib\libc.a(lib_a-__call_atexit.o)
 .debug_line    0x0000000000008653      0x167 D:/College/CST455/ProjectV2/software/TermProject_SW_bsp\libhal_bsp.a(alt_exit.o)

.debug_frame    0x0000000000000000     0x1f24
 *(.debug_frame)
 .debug_frame   0x0000000000000000      0x11c obj/default/FreeRTOS/portable/GCC/NiosII/port.o
 .debug_frame   0x000000000000011c       0xa4 obj/default/FreeRTOS/portable/MemMang/heap_1.o
 .debug_frame   0x00000000000001c0      0x198 obj/default/FreeRTOS/source/event_groups.o
 .debug_frame   0x0000000000000358       0xc4 obj/default/FreeRTOS/source/list.o
 .debug_frame   0x000000000000041c      0x468 obj/default/FreeRTOS/source/queue.o
 .debug_frame   0x0000000000000884      0x348 obj/default/FreeRTOS/source/stream_buffer.o
 .debug_frame   0x0000000000000bcc      0x858 obj/default/FreeRTOS/source/tasks.o
 .debug_frame   0x0000000000001424      0x174 obj/default/hello_world.o
 .debug_frame   0x0000000000001598       0x20 d:/college/quartus/lite/nios2eds/bin/gnu/h-x86_64-mingw32/bin/../lib/gcc/nios2-elf/9.2.1/../../../../../H-x86_64-mingw32/nios2-elf/lib\libc.a(lib_a-memcpy.o)
 .debug_frame   0x00000000000015b8       0x20 d:/college/quartus/lite/nios2eds/bin/gnu/h-x86_64-mingw32/bin/../lib/gcc/nios2-elf/9.2.1/../../../../../H-x86_64-mingw32/nios2-elf/lib\libc.a(lib_a-memset.o)
 .debug_frame   0x00000000000015d8       0x38 D:/College/CST455/ProjectV2/software/TermProject_SW_bsp\libhal_bsp.a(alt_irq_handler.o)
 .debug_frame   0x0000000000001610       0x5c D:/College/CST455/ProjectV2/software/TermProject_SW_bsp\libhal_bsp.a(alt_load.o)
 .debug_frame   0x000000000000166c       0x2c D:/College/CST455/ProjectV2/software/TermProject_SW_bsp\libhal_bsp.a(alt_main.o)
 .debug_frame   0x0000000000001698       0x88 D:/College/CST455/ProjectV2/software/TermProject_SW_bsp\libhal_bsp.a(alt_sys_init.o)
 .debug_frame   0x0000000000001720       0xb0 D:/College/CST455/ProjectV2/software/TermProject_SW_bsp\libhal_bsp.a(altera_avalon_jtag_uart_fd.o)
 .debug_frame   0x00000000000017d0       0xa4 D:/College/CST455/ProjectV2/software/TermProject_SW_bsp\libhal_bsp.a(altera_avalon_jtag_uart_init.o)
 .debug_frame   0x0000000000001874       0x34 D:/College/CST455/ProjectV2/software/TermProject_SW_bsp\libhal_bsp.a(altera_avalon_jtag_uart_ioctl.o)
 .debug_frame   0x00000000000018a8       0x38 D:/College/CST455/ProjectV2/software/TermProject_SW_bsp\libhal_bsp.a(altera_avalon_jtag_uart_read.o)
 .debug_frame   0x00000000000018e0       0x38 D:/College/CST455/ProjectV2/software/TermProject_SW_bsp\libhal_bsp.a(altera_avalon_jtag_uart_write.o)
 .debug_frame   0x0000000000001918       0x60 D:/College/CST455/ProjectV2/software/TermProject_SW_bsp\libhal_bsp.a(altera_avalon_timer_sc.o)
 .debug_frame   0x0000000000001978       0x34 D:/College/CST455/ProjectV2/software/TermProject_SW_bsp\libhal_bsp.a(alt_alarm_start.o)
 .debug_frame   0x00000000000019ac       0x60 D:/College/CST455/ProjectV2/software/TermProject_SW_bsp\libhal_bsp.a(alt_close.o)
 .debug_frame   0x0000000000001a0c       0x34 D:/College/CST455/ProjectV2/software/TermProject_SW_bsp\libhal_bsp.a(alt_dcache_flush_all.o)
 .debug_frame   0x0000000000001a40       0x34 D:/College/CST455/ProjectV2/software/TermProject_SW_bsp\libhal_bsp.a(alt_dev.o)
 .debug_frame   0x0000000000001a74       0x60 D:/College/CST455/ProjectV2/software/TermProject_SW_bsp\libhal_bsp.a(alt_dev_llist_insert.o)
 .debug_frame   0x0000000000001ad4       0x38 D:/College/CST455/ProjectV2/software/TermProject_SW_bsp\libhal_bsp.a(alt_do_ctors.o)
 .debug_frame   0x0000000000001b0c       0x38 D:/College/CST455/ProjectV2/software/TermProject_SW_bsp\libhal_bsp.a(alt_do_dtors.o)
 .debug_frame   0x0000000000001b44       0x38 D:/College/CST455/ProjectV2/software/TermProject_SW_bsp\libhal_bsp.a(alt_icache_flush_all.o)
 .debug_frame   0x0000000000001b7c       0x60 D:/College/CST455/ProjectV2/software/TermProject_SW_bsp\libhal_bsp.a(alt_io_redirect.o)
 .debug_frame   0x0000000000001bdc       0x84 D:/College/CST455/ProjectV2/software/TermProject_SW_bsp\libhal_bsp.a(alt_open.o)
 .debug_frame   0x0000000000001c60       0x34 D:/College/CST455/ProjectV2/software/TermProject_SW_bsp\libhal_bsp.a(alt_release_fd.o)
 .debug_frame   0x0000000000001c94       0x5c D:/College/CST455/ProjectV2/software/TermProject_SW_bsp\libhal_bsp.a(alt_tick.o)
 .debug_frame   0x0000000000001cf0       0x34 D:/College/CST455/ProjectV2/software/TermProject_SW_bsp\libhal_bsp.a(altera_nios2_gen2_irq.o)
 .debug_frame   0x0000000000001d24       0x38 D:/College/CST455/ProjectV2/software/TermProject_SW_bsp\libhal_bsp.a(alt_find_dev.o)
 .debug_frame   0x0000000000001d5c       0x38 D:/College/CST455/ProjectV2/software/TermProject_SW_bsp\libhal_bsp.a(alt_find_file.o)
 .debug_frame   0x0000000000001d94       0x34 D:/College/CST455/ProjectV2/software/TermProject_SW_bsp\libhal_bsp.a(alt_get_fd.o)
 .debug_frame   0x0000000000001dc8       0x34 D:/College/CST455/ProjectV2/software/TermProject_SW_bsp\libhal_bsp.a(alt_icache_flush.o)
 .debug_frame   0x0000000000001dfc       0x20 d:/college/quartus/lite/nios2eds/bin/gnu/h-x86_64-mingw32/bin/../lib/gcc/nios2-elf/9.2.1/../../../../../H-x86_64-mingw32/nios2-elf/lib\libc.a(lib_a-atexit.o)
 .debug_frame   0x0000000000001e1c       0x28 d:/college/quartus/lite/nios2eds/bin/gnu/h-x86_64-mingw32/bin/../lib/gcc/nios2-elf/9.2.1/../../../../../H-x86_64-mingw32/nios2-elf/lib\libc.a(lib_a-exit.o)
 .debug_frame   0x0000000000001e44       0x20 d:/college/quartus/lite/nios2eds/bin/gnu/h-x86_64-mingw32/bin/../lib/gcc/nios2-elf/9.2.1/../../../../../H-x86_64-mingw32/nios2-elf/lib\libc.a(lib_a-memcmp.o)
 .debug_frame   0x0000000000001e64       0x20 d:/college/quartus/lite/nios2eds/bin/gnu/h-x86_64-mingw32/bin/../lib/gcc/nios2-elf/9.2.1/../../../../../H-x86_64-mingw32/nios2-elf/lib\libc.a(lib_a-strlen.o)
 .debug_frame   0x0000000000001e84       0x20 d:/college/quartus/lite/nios2eds/bin/gnu/h-x86_64-mingw32/bin/../lib/gcc/nios2-elf/9.2.1/../../../../../H-x86_64-mingw32/nios2-elf/lib\libc.a(lib_a-__atexit.o)
 .debug_frame   0x0000000000001ea4       0x54 d:/college/quartus/lite/nios2eds/bin/gnu/h-x86_64-mingw32/bin/../lib/gcc/nios2-elf/9.2.1/../../../../../H-x86_64-mingw32/nios2-elf/lib\libc.a(lib_a-__call_atexit.o)
 .debug_frame   0x0000000000001ef8       0x2c D:/College/CST455/ProjectV2/software/TermProject_SW_bsp\libhal_bsp.a(alt_exit.o)

.debug_str      0x0000000000000000     0x3394
 *(.debug_str)
 .debug_str     0x0000000000000000       0x56 D:/College/CST455/ProjectV2/software/TermProject_SW_bsp/obj/HAL/src/crt0.o
 .debug_str     0x0000000000000056      0x614 obj/default/FreeRTOS/portable/GCC/NiosII/port.o
                                        0x6e3 (size before relaxing)
 .debug_str     0x000000000000066a       0xb2 obj/default/FreeRTOS/portable/MemMang/heap_1.o
                                        0x5e3 (size before relaxing)
 .debug_str     0x000000000000071c       0x1b obj/default/FreeRTOS/source/croutine.o
                                        0x529 (size before relaxing)
 .debug_str     0x0000000000000737      0x325 obj/default/FreeRTOS/source/event_groups.o
                                        0x89d (size before relaxing)
 .debug_str     0x0000000000000a5c       0xa4 obj/default/FreeRTOS/source/list.o
                                        0x682 (size before relaxing)
 .debug_str     0x0000000000000b00      0x555 obj/default/FreeRTOS/source/queue.o
                                        0xbba (size before relaxing)
 .debug_str     0x0000000000001055      0x467 obj/default/FreeRTOS/source/stream_buffer.o
                                        0xa99 (size before relaxing)
 .debug_str     0x00000000000014bc      0xa8d obj/default/FreeRTOS/source/tasks.o
                                       0x123b (size before relaxing)
 .debug_str     0x0000000000001f49       0x19 obj/default/FreeRTOS/source/timers.o
                                        0x531 (size before relaxing)
 .debug_str     0x0000000000001f62       0xc0 obj/default/hello_world.o
                                        0x5f6 (size before relaxing)
 .debug_str     0x0000000000002022       0x28 obj/default/FreeRTOS/portable/GCC/NiosII/port_asm.o
                                         0x6b (size before relaxing)
 .debug_str     0x000000000000204a      0x3b6 d:/college/quartus/lite/nios2eds/bin/gnu/h-x86_64-mingw32/bin/../lib/gcc/nios2-elf/9.2.1/../../../../../H-x86_64-mingw32/nios2-elf/lib\libc.a(lib_a-memcpy.o)
                                        0x8db (size before relaxing)
 .debug_str     0x0000000000002400       0x57 d:/college/quartus/lite/nios2eds/bin/gnu/h-x86_64-mingw32/bin/../lib/gcc/nios2-elf/9.2.1/../../../../../H-x86_64-mingw32/nios2-elf/lib\libc.a(lib_a-memset.o)
                                        0x8c8 (size before relaxing)
 .debug_str     0x0000000000002457       0x3a D:/College/CST455/ProjectV2/software/TermProject_SW_bsp\libhal_bsp.a(alt_irq_handler.o)
                                        0x588 (size before relaxing)
 .debug_str     0x0000000000002491       0x29 D:/College/CST455/ProjectV2/software/TermProject_SW_bsp\libhal_bsp.a(alt_irq_vars.o)
                                        0x13e (size before relaxing)
 .debug_str     0x00000000000024ba       0xe9 D:/College/CST455/ProjectV2/software/TermProject_SW_bsp\libhal_bsp.a(alt_load.o)
                                        0x5f6 (size before relaxing)
 .debug_str     0x00000000000025a3      0x1ef D:/College/CST455/ProjectV2/software/TermProject_SW_bsp\libhal_bsp.a(alt_main.o)
                                        0x7ba (size before relaxing)